03-09 03:24:44.739  2271  2271 E ashmem  : Pinning is deprecated since Android Q. Please use trim or other methods.
03-09 03:24:45.040  2275  2283 E DatabaseUtils: Writing exception to parcel
03-09 03:24:45.040  2275  2283 E DatabaseUtils: java.lang.UnsupportedOperationException
03-09 03:24:45.040  2275  2283 E DatabaseUtils: 	at com.google.android.apps.gsa.staticplugins.publiccontent.GsaPublicContentProvider.query(PG:526)
03-09 03:24:45.040  2275  2283 E DatabaseUtils: 	at android.content.ContentProvider.query(ContentProvider.java:1662)
03-09 03:24:45.040  2275  2283 E DatabaseUtils: 	at android.content.ContentProvider.query(ContentProvider.java:1758)
03-09 03:24:45.040  2275  2283 E DatabaseUtils: 	at android.content.ContentProvider$Transport.query(ContentProvider.java:296)
03-09 03:24:45.040  2275  2283 E DatabaseUtils: 	at android.content.ContentProviderNative.onTransact(ContentProviderNative.java:107)
03-09 03:24:45.040  2275  2283 E DatabaseUtils: 	at android.os.Binder.execTransactInternal(Binder.java:1473)
03-09 03:24:45.040  2275  2283 E DatabaseUtils: 	at android.os.Binder.execTransact(Binder.java:1418)
03-09 03:24:45.046  1340  2342 E DoodleDataLoader: Error fetching doodle
03-09 03:24:45.046  1340  2342 E DoodleDataLoader: java.lang.UnsupportedOperationException
03-09 03:24:45.046  1340  2342 E DoodleDataLoader: 	at android.database.DatabaseUtils.readExceptionFromParcel(DatabaseUtils.java:209)
03-09 03:24:45.046  1340  2342 E DoodleDataLoader: 	at android.database.DatabaseUtils.readExceptionFromParcel(DatabaseUtils.java:177)
03-09 03:24:45.046  1340  2342 E DoodleDataLoader: 	at android.content.ContentProviderProxy.query(ContentProviderNative.java:495)
03-09 03:24:45.046  1340  2342 E DoodleDataLoader: 	at android.content.ContentProviderClient.query(ContentProviderClient.java:196)
03-09 03:24:45.046  1340  2342 E DoodleDataLoader: 	at android.content.ContentProviderClient.query(ContentProviderClient.java:178)
03-09 03:24:45.046  1340  2342 E DoodleDataLoader: 	at android.content.ContentProviderClient.query(ContentProviderClient.java:168)
03-09 03:24:45.046  1340  2342 E DoodleDataLoader: 	at x5.b.d(go/retraceme f3a19d912c87c27267cfbc05ba0bc7b202ab72a6648bd76225f5f7e128d94583:24)
03-09 03:24:45.046  1340  2342 E DoodleDataLoader: 	at x5.e.run(go/retraceme f3a19d912c87c27267cfbc05ba0bc7b202ab72a6648bd76225f5f7e128d94583:3)
03-09 03:24:45.046  1340  2342 E DoodleDataLoader: 	at android.os.Handler.handleCallback(Handler.java:1070)
03-09 03:24:45.046  1340  2342 E DoodleDataLoader: 	at android.os.Handler.dispatchMessage(Handler.java:125)
03-09 03:24:45.046  1340  2342 E DoodleDataLoader: 	at android.os.Looper.dispatchMessage(Looper.java:333)
03-09 03:24:45.046  1340  2342 E DoodleDataLoader: 	at android.os.Looper.loopOnce(Looper.java:263)
03-09 03:24:45.046  1340  2342 E DoodleDataLoader: 	at android.os.Looper.loop(Looper.java:367)
03-09 03:24:45.046  1340  2342 E DoodleDataLoader: 	at android.os.HandlerThread.run(HandlerThread.java:139)
03-09 03:24:45.062  1168  1168 E NotifRow: Magnetic state changed from IDLE to IDLE on a null swiped listener, or the logging key of the listener is null
03-09 03:24:45.535  1168  1168 E BatteryInfoBroadcast: failed to register observer for remaining time
03-09 03:24:45.535  1168  1168 E BatteryInfoBroadcast: java.lang.SecurityException: Failed to find provider com.google.android.apps.turbo.estimated_time_remaining for user 0; expected to find a valid ContentProvider for this authority
03-09 03:24:45.535  1168  1168 E BatteryInfoBroadcast: 	at android.os.Parcel.createExceptionOrNull(Parcel.java:3373)
03-09 03:24:45.535  1168  1168 E BatteryInfoBroadcast: 	at android.os.Parcel.createException(Parcel.java:3357)
03-09 03:24:45.535  1168  1168 E BatteryInfoBroadcast: 	at android.os.Parcel.readException(Parcel.java:3340)
03-09 03:24:45.535  1168  1168 E BatteryInfoBroadcast: 	at android.os.Parcel.readException(Parcel.java:3282)
03-09 03:24:45.535  1168  1168 E BatteryInfoBroadcast: 	at android.content.IContentService$Stub$Proxy.registerContentObserver(IContentService.java:1044)
03-09 03:24:45.535  1168  1168 E BatteryInfoBroadcast: 	at android.content.ContentResolver.registerContentObserver(ContentResolver.java:2730)
03-09 03:24:45.535  1168  1168 E BatteryInfoBroadcast: 	at com.google.android.systemui.power.BatteryInfoBroadcast.registerObserver(go/retraceme d7434036f30927423ce8aca1e3c453e1261a0e8c346035197b57fdd4a4917e53:9)
03-09 03:24:45.535  1168  1168 E BatteryInfoBroadcast: 	at com.google.android.systemui.power.PowerNotificationWarningsGoogleImpl$$ExternalSyntheticLambda0.run(go/retraceme d7434036f30927423ce8aca1e3c453e1261a0e8c346035197b57fdd4a4917e53:195)
03-09 03:24:45.535  1168  1168 E BatteryInfoBroadcast: 	at android.os.Handler.handleCallback(Handler.java:1070)
03-09 03:24:45.535  1168  1168 E BatteryInfoBroadcast: 	at android.os.Handler.dispatchMessage(Handler.java:125)
03-09 03:24:45.535  1168  1168 E BatteryInfoBroadcast: 	at android.os.Looper.dispatchMessage(Looper.java:333)
03-09 03:24:45.535  1168  1168 E BatteryInfoBroadcast: 	at android.os.Looper.loopOnce(Looper.java:263)
03-09 03:24:45.535  1168  1168 E BatteryInfoBroadcast: 	at android.os.Looper.loop(Looper.java:367)
03-09 03:24:45.535  1168  1168 E BatteryInfoBroadcast: 	at android.app.ActivityThread.main(ActivityThread.java:9287)
03-09 03:24:45.535  1168  1168 E BatteryInfoBroadcast: 	at java.lang.reflect.Method.invoke(Native Method)
03-09 03:24:45.535  1168  1168 E BatteryInfoBroadcast: 	at com.android.internal.os.RuntimeInit$MethodAndArgsCaller.run(RuntimeInit.java:566)
03-09 03:24:45.535  1168  1168 E BatteryInfoBroadcast: 	at com.android.internal.os.ZygoteInit.main(ZygoteInit.java:929)
03-09 03:24:45.535  1168  1168 E BatteryInfoBroadcast: Caused by: android.os.RemoteException: Remote stack trace:
03-09 03:24:45.535  1168  1168 E BatteryInfoBroadcast: 	at com.android.server.content.ContentService.registerContentObserver(ContentService.java:382)
03-09 03:24:45.535  1168  1168 E BatteryInfoBroadcast: 	at android.content.IContentService$Stub.onTransact(IContentService.java:498)
03-09 03:24:45.535  1168  1168 E BatteryInfoBroadcast: 	at android.os.Binder.execTransactInternal(Binder.java:1478)
03-09 03:24:45.535  1168  1168 E BatteryInfoBroadcast: 	at android.os.Binder.execTransact(Binder.java:1418)
03-09 03:24:45.535  1168  1168 E BatteryInfoBroadcast: 
03-09 03:24:45.772  2351  2409 E ashmem  : Pinning is deprecated since Android Q. Please use trim or other methods.
03-09 03:24:46.353   853  1862 E JobScheduler.JobStatus: App com.google.android.inputmethod.latin became active but still in NEVER bucket
03-09 03:24:46.497   853  1903 E JobScheduler.JobStatus: App com.google.android.inputmethod.latin became active but still in NEVER bucket
03-09 03:24:46.536   853  2431 E JobScheduler.JobStatus: App com.google.android.inputmethod.latin became active but still in NEVER bucket
03-09 03:24:46.771  1839  2193 E ashmem  : Pinning is deprecated since Android Q. Please use trim or other methods.
03-09 03:24:46.915  1649  1878 E HandwritingSuperpacksUtil: HandwritingSuperpacksUtil.getPackMappingPackName():42 No pack mapping pack found in []
03-09 03:24:46.924   853  2210 E JobScheduler.JobStatus: App com.google.android.inputmethod.latin became active but still in NEVER bucket
03-09 03:24:46.979  2361  2374 E ashmem  : Pinning is deprecated since Android Q. Please use trim or other methods.
03-09 03:24:47.020  1332  1332 E SatelliteController: registerForSatelliteModemStateChanged: mSatelliteSessionController is not initialized yet
03-09 03:24:47.282   853   980 E JobScheduler.Quota: <0>com.google.android.dialer has 0 EJ quota without running anything
03-09 03:24:47.288   853   880 E JobScheduler.JobStatus: App com.google.android.inputmethod.latin became active but still in NEVER bucket
03-09 03:24:47.296   853   980 E JobScheduler.Quota: <0>com.google.android.dialer has 0 EJ quota without running anything
03-09 03:24:47.303   853  1129 E JobScheduler.JobStatus: App com.google.android.inputmethod.latin became active but still in NEVER bucket
03-09 03:24:47.334   853   980 E JobScheduler.Quota: <0>com.google.android.dialer has 0 EJ quota without running anything
03-09 03:24:47.760   853  1328 E JobScheduler.JobStatus: App com.google.android.inputmethod.latin became active but still in NEVER bucket
03-09 03:24:47.969   853  2448 E WifiService: Attempt to retrieve passpoint with invalid scanResult List
03-09 03:24:48.126   853  2408 E JobScheduler.JobStatus: App com.google.android.inputmethod.latin became active but still in NEVER bucket
03-09 03:24:48.394  1332  1332 E TelephonyProvider: internal sim-specific settings backup data file does not exist. Aborting restore
03-09 03:24:48.752   853   960 E JobScheduler.JobStatus: App com.google.android.inputmethod.latin became active but still in NEVER bucket
03-09 03:24:48.974   853  1065 E AppOps  : attributionTag VCN not declared in manifest of android
03-09 03:24:49.176   853  2448 E JobScheduler.JobStatus: App com.google.android.inputmethod.latin became active but still in NEVER bucket
03-09 03:24:49.263   853  2408 E JobScheduler.JobStatus: App com.google.android.inputmethod.latin became active but still in NEVER bucket
03-09 03:24:49.312  1805  2264 E AiAiEcho: Reading elements from Geller failed with cause
03-09 03:24:49.312  1805  2264 E AiAiEcho: ilw: Code: UNKNOWN, Message: Geller data fetch is not enabled
03-09 03:24:49.312  1805  2264 E AiAiEcho: 	at imn.a(PG:17)
03-09 03:24:49.312  1805  2264 E AiAiEcho: 	at lhh.b(PG:20)
03-09 03:24:49.312  1805  2264 E AiAiEcho: 	at abge.g(PG:11)
03-09 03:24:49.312  1805  2264 E AiAiEcho: 	at kotlinx.coroutines.DispatchedTask.run(PG:112)
03-09 03:24:49.312  1805  2264 E AiAiEcho: 	at java.util.concurrent.Executors$RunnableAdapter.call(Executors.java:520)
03-09 03:24:49.312  1805  2264 E AiAiEcho: 	at xjo.a(PG:3)
03-09 03:24:49.312  1805  2264 E AiAiEcho: 	at xir.run(PG:19)
03-09 03:24:49.312  1805  2264 E AiAiEcho: 	at xjp.run(PG:5)
03-09 03:24:49.312  1805  2264 E AiAiEcho: 	at java.util.concurrent.Executors$RunnableAdapter.call(Executors.java:520)
03-09 03:24:49.312  1805  2264 E AiAiEcho: 	at java.util.concurrent.FutureTask.run(FutureTask.java:317)
03-09 03:24:49.312  1805  2264 E AiAiEcho: 	at java.util.concurrent.ScheduledThreadPoolExecutor$ScheduledFutureTask.run(ScheduledThreadPoolExecutor.java:348)
03-09 03:24:49.312  1805  2264 E AiAiEcho: 	at java.util.concurrent.ThreadPoolExecutor.runWorker(ThreadPoolExecutor.java:1154)
03-09 03:24:49.312  1805  2264 E AiAiEcho: 	at java.util.concurrent.ThreadPoolExecutor$Worker.run(ThreadPoolExecutor.java:652)
03-09 03:24:49.312  1805  2264 E AiAiEcho: 	at hxw.run(PG:221)
03-09 03:24:49.312  1805  2264 E AiAiEcho: 	at java.lang.Thread.run(Thread.java:1563)
03-09 03:24:49.493   853  1260 E JobScheduler.JobStatus: App com.google.android.inputmethod.latin became active but still in NEVER bucket
03-09 03:24:49.558  1332  1556 E SmsApplication: com.google.android.apps.messaging lost android:read_cell_broadcasts:  (fixing)
03-09 03:24:49.634   853   880 E JobScheduler.JobStatus: App com.google.android.inputmethod.latin became active but still in NEVER bucket
03-09 03:24:49.794  1332  1480 E TelephonyConfigUpdateInstallReceiver: Failed to read current content : /data/misc/telephonyconfig/valid_telephony_config.pb
03-09 03:24:49.916   853  1745 E AppOps  : attributionTag VCN not declared in manifest of android
03-09 03:24:49.921   853  1260 E JobScheduler.JobStatus: App com.google.android.inputmethod.latin became active but still in NEVER bucket
03-09 03:24:49.922  1332  1480 E TelephonyConfigUpdateInstallReceiver: Failed to read current content : /data/misc/telephonyconfig/valid_telephony_config.pb
03-09 03:24:49.964  1332  1480 E TelephonyConfigUpdateInstallReceiver: Failed to read current content : /data/misc/telephonyconfig/valid_telephony_config.pb
03-09 03:24:50.003   853  2047 E JobScheduler.JobStatus: App com.google.android.inputmethod.latin became active but still in NEVER bucket
03-09 03:24:50.024  1332  1480 E SatelliteController: registerForSatelliteCommunicationAccessStateChanged: SatelliteManager is null
03-09 03:24:50.107  2427  2427 E ashmem  : Pinning is deprecated since Android Q. Please use trim or other methods.
03-09 03:24:50.298  1332  1480 E SatelliteController: registerForSatelliteCommunicationAccessStateChanged: SatelliteManager is null
03-09 03:24:50.300   853  2405 E JobScheduler.JobStatus: App com.google.android.inputmethod.latin became active but still in NEVER bucket
03-09 03:24:50.383  1332  1480 E SatelliteServiceUtils: handleSetSatellitePlmnInfoCmd CommandException: com.android.internal.telephony.CommandException: REQUEST_NOT_SUPPORTED
03-09 03:24:50.384  1332  1480 E SatelliteServiceUtils: requestSetSatelliteEnabledForCarrier CommandException: com.android.internal.telephony.CommandException: REQUEST_NOT_SUPPORTED
03-09 03:24:50.552  1332  1480 E SatelliteServiceUtils: requestSetSatelliteEnabledForCarrier CommandException: com.android.internal.telephony.CommandException: REQUEST_NOT_SUPPORTED
03-09 03:24:50.765   853  2402 E JobScheduler.JobStatus: App com.google.android.inputmethod.latin became active but still in NEVER bucket
03-09 03:24:50.916   853  2408 E JobScheduler.JobStatus: App com.google.android.inputmethod.latin became active but still in NEVER bucket
03-09 03:24:51.007   853  2405 E JobScheduler.JobStatus: App com.google.android.inputmethod.latin became active but still in NEVER bucket
03-09 03:24:51.049   853   901 E PackageManager: Optimistic bind failed.
03-09 03:24:51.049   853   901 E PackageManager: java.util.concurrent.TimeoutException: [Optimistic Bind] Didn't bind to resolver in time!
03-09 03:24:51.049   853   901 E PackageManager: 	at com.android.server.pm.InstantAppResolverConnection.waitForBindLocked(InstantAppResolverConnection.java:160)
03-09 03:24:51.049   853   901 E PackageManager: 	at com.android.server.pm.InstantAppResolverConnection.bind(InstantAppResolverConnection.java:230)
03-09 03:24:51.049   853   901 E PackageManager: 	at com.android.server.pm.InstantAppResolverConnection.lambda$optimisticBind$0(InstantAppResolverConnection.java:260)
03-09 03:24:51.049   853   901 E PackageManager: 	at com.android.server.pm.InstantAppResolverConnection.$r8$lambda$66W2s2mMKe4pk_xXCScH9RCqav8(InstantAppResolverConnection.java:0)
03-09 03:24:51.049   853   901 E PackageManager: 	at com.android.server.pm.InstantAppResolverConnection$$ExternalSyntheticLambda0.run(R8$$SyntheticClass:0)
03-09 03:24:51.049   853   901 E PackageManager: 	at android.os.Handler.handleCallback(Handler.java:1070)
03-09 03:24:51.049   853   901 E PackageManager: 	at android.os.Handler.dispatchMessage(Handler.java:125)
03-09 03:24:51.049   853   901 E PackageManager: 	at android.os.Looper.dispatchMessage(Looper.java:333)
03-09 03:24:51.049   853   901 E PackageManager: 	at android.os.Looper.loopOnce(Looper.java:263)
03-09 03:24:51.049   853   901 E PackageManager: 	at android.os.Looper.loop(Looper.java:367)
03-09 03:24:51.049   853   901 E PackageManager: 	at android.os.HandlerThread.run(HandlerThread.java:139)
03-09 03:24:51.425   853   998 E ActivityManager: Sending non-protected broadcast android.intent.action.UPDATE_CT_LOGS from system uid 1000 pkg android
03-09 03:24:51.425   853   998 E ActivityManager: java.lang.Throwable
03-09 03:24:51.425   853   998 E ActivityManager: 	at com.android.server.am.BroadcastController.checkBroadcastFromSystem(BroadcastController.java:2163)
03-09 03:24:51.425   853   998 E ActivityManager: 	at com.android.server.am.BroadcastController.broadcastIntentLockedTraced(BroadcastController.java:1663)
03-09 03:24:51.425   853   998 E ActivityManager: 	at com.android.server.am.BroadcastController.broadcastIntentLocked(BroadcastController.java:811)
03-09 03:24:51.425   853   998 E ActivityManager: 	at com.android.server.am.BroadcastController.broadcastIntentInPackage(BroadcastController.java:778)
03-09 03:24:51.425   853   998 E ActivityManager: 	at com.android.server.am.ActivityManagerService$LocalService.broadcastIntentInPackage(ActivityManagerService.java:17402)
03-09 03:24:51.425   853   998 E ActivityManager: 	at com.android.server.am.PendingIntentRecord.sendInner(PendingIntentRecord.java:675)
03-09 03:24:51.425   853   998 E ActivityManager: 	at com.android.server.am.PendingIntentRecord.sendWithResult(PendingIntentRecord.java:381)
03-09 03:24:51.425   853   998 E ActivityManager: 	at com.android.server.am.ActivityManagerService.sendIntentSender(ActivityManagerService.java:5723)
03-09 03:24:51.425   853   998 E ActivityManager: 	at android.app.PendingIntent.sendAndReturnResult(PendingIntent.java:1120)
03-09 03:24:51.425   853   998 E ActivityManager: 	at android.app.PendingIntent.send(PendingIntent.java:1086)
03-09 03:24:51.425   853   998 E ActivityManager: 	at com.android.server.alarm.AlarmManagerService$DeliveryTracker.deliverLocked(AlarmManagerService.java:5357)
03-09 03:24:51.425   853   998 E ActivityManager: 	at com.android.server.alarm.AlarmManagerService.deliverAlarmsLocked(AlarmManagerService.java:4319)
03-09 03:24:51.425   853   998 E ActivityManager: 	at com.android.server.alarm.AlarmManagerService$AlarmThread.run(AlarmManagerService.java:4597)
03-09 03:24:51.630   853  2431 E JobScheduler.JobStatus: App com.google.android.inputmethod.latin became active but still in NEVER bucket
03-09 03:24:51.847  2486  2581 E ashmem  : Pinning is deprecated since Android Q. Please use trim or other methods.
03-09 03:24:52.145  1279  1396 E SystemServiceRegistry: No service published for: ethernet
03-09 03:24:52.145  1279  1396 E SystemServiceRegistry: android.os.ServiceManager$ServiceNotFoundException: No service published for: ethernet
03-09 03:24:52.145  1279  1396 E SystemServiceRegistry: 	at android.os.ServiceManager.getServiceOrThrow(ServiceManager.java:203)
03-09 03:24:52.145  1279  1396 E SystemServiceRegistry: 	at android.app.SystemServiceRegistry$156.createService(SystemServiceRegistry.java:2418)
03-09 03:24:52.145  1279  1396 E SystemServiceRegistry: 	at android.app.SystemServiceRegistry$CachedServiceFetcher.getService(SystemServiceRegistry.java:2531)
03-09 03:24:52.145  1279  1396 E SystemServiceRegistry: 	at android.app.SystemServiceRegistry.getSystemService(SystemServiceRegistry.java:2063)
03-09 03:24:52.145  1279  1396 E SystemServiceRegistry: 	at android.app.ContextImpl.getSystemService(ContextImpl.java:2434)
03-09 03:24:52.145  1279  1396 E SystemServiceRegistry: 	at android.content.ContextWrapper.getSystemService(ContextWrapper.java:991)
03-09 03:24:52.145  1279  1396 E SystemServiceRegistry: 	at com.android.networkstack.tethering.Tethering.isEthernetSupported(Tethering.java:1853)
03-09 03:24:52.145  1279  1396 E SystemServiceRegistry: 	at com.android.networkstack.tethering.Tethering.makeSupportedDownstreams(Tethering.java:2834)
03-09 03:24:52.145  1279  1396 E SystemServiceRegistry: 	at com.android.networkstack.tethering.Tethering.updateSupportedDownstreams(Tethering.java:2808)
03-09 03:24:52.145  1279  1396 E SystemServiceRegistry: 	at com.android.networkstack.tethering.Tethering.updateConfiguration(Tethering.java:561)
03-09 03:24:52.145  1279  1396 E SystemServiceRegistry: 	at com.android.networkstack.tethering.Tethering.lambda$new$4(Tethering.java:354)
03-09 03:24:52.145  1279  1396 E SystemServiceRegistry: 	at com.android.networkstack.tethering.Tethering.$r8$lambda$4V1rGOzF7AkW0XBFoABAQmt9cHM(Tethering.java:0)
03-09 03:24:52.145  1279  1396 E SystemServiceRegistry: 	at com.android.networkstack.tethering.Tethering$$ExternalSyntheticLambda10.accept(R8$$SyntheticClass:0)
03-09 03:24:52.145  1279  1396 E SystemServiceRegistry: 	at com.android.networkstack.tethering.util.VersionedBroadcastListener$Receiver.lambda$onReceive$0(VersionedBroadcastListener.java:107)
03-09 03:24:52.145  1279  1396 E SystemServiceRegistry: 	at com.android.networkstack.tethering.util.VersionedBroadcastListener$Receiver.$r8$lambda$_Z7KkSifencKcebyQaai-Spxf2M(VersionedBroadcastListener.java:0)
03-09 03:24:52.145  1279  1396 E SystemServiceRegistry: 	at com.android.networkstack.tethering.util.VersionedBroadcastListener$Receiver$$ExternalSyntheticLambda0.run(R8$$SyntheticClass:0)
03-09 03:24:52.145  1279  1396 E SystemServiceRegistry: 	at android.os.Handler.handleCallback(Handler.java:1070)
03-09 03:24:52.145  1279  1396 E SystemServiceRegistry: 	at android.os.Handler.dispatchMessage(Handler.java:125)
03-09 03:24:52.145  1279  1396 E SystemServiceRegistry: 	at android.os.Looper.dispatchMessage(Looper.java:333)
03-09 03:24:52.145  1279  1396 E SystemServiceRegistry: 	at android.os.Looper.loopOnce(Looper.java:263)
03-09 03:24:52.145  1279  1396 E SystemServiceRegistry: 	at android.os.Looper.loop(Looper.java:367)
03-09 03:24:52.145  1279  1396 E SystemServiceRegistry: 	at android.os.HandlerThread.run(HandlerThread.java:139)
03-09 03:24:52.260  2577  2577 E ashmem  : Pinning is deprecated since Android Q. Please use trim or other methods.
03-09 03:24:52.262   853  2407 E JobScheduler.JobStatus: App com.google.android.inputmethod.latin became active but still in NEVER bucket
03-09 03:24:52.516  1332  1332 E CarrierKeyDownloadManager [0]: handleAlarmOrConfigChange ActiveSubscriptionInfoList = 1
03-09 03:24:52.639  1433  1463 E ScreenResolutionController: No support
03-09 03:24:52.698  1805  2197 E AiAiEcho: EchoSearch: SettingsFetcherImpl: DB already exists.
03-09 03:24:52.715  1332  1332 E SatelliteController: registerForSatelliteModemStateChanged: mSatelliteSessionController is not initialized yet
03-09 03:24:52.746  1332  1332 E SatelliteController: registerForSatelliteModemStateChanged: mSatelliteSessionController is not initialized yet
03-09 03:24:52.811   853  2402 E JobScheduler.JobStatus: App com.google.android.inputmethod.latin became active but still in NEVER bucket
03-09 03:24:52.863  1332  1480 E SatelliteController: registerForSatelliteCommunicationAccessStateChanged: SatelliteManager is null
03-09 03:24:53.718  1433  1462 E ScreenResolutionController: No support
03-09 03:24:53.975   286   290 E lowmemorykiller: process_mrelease 1882 failed: No such process
03-09 03:24:54.058  2579  2703 E ashmem  : Pinning is deprecated since Android Q. Please use trim or other methods.
03-09 03:24:54.079   286   291 E lowmemorykiller: process_mrelease 1433 failed: No such process
03-09 03:24:54.173   853   980 E JobScheduler.Quota: <0>com.google.android.dialer has 0 EJ quota without running anything
03-09 03:24:54.183   286   290 E lowmemorykiller: process_mrelease 1941 failed: No such process
03-09 03:24:54.205  2427  2712 E ActivityThread: Failed to find provider info for androidx.car.app.connection
03-09 03:24:54.251  2457  2697 E ashmem  : Pinning is deprecated since Android Q. Please use trim or other methods.
03-09 03:24:54.916   286   291 E lowmemorykiller: process_mrelease 1677 failed: No such process
03-09 03:24:55.363  1524  2576 E ctxmgr  : [FencePendingIntentCache]Expected to find a PendingIntent for pendingIntentKey=6749922c-768e-45d5-921c-f7f01685fcc8 [CONTEXT service_id=47 ]
03-09 03:24:55.363  1524  2576 E ctxmgr  : [FencePendingIntentCache]Expected to find a PendingIntent for pendingIntentKey=efe536ab-db01-4f08-bfa9-29bb6e3bcf6a [CONTEXT service_id=47 ]
03-09 03:24:55.363  1524  2576 E ctxmgr  : [FencePendingIntentCache]Expected to find a PendingIntent for pendingIntentKey=92f31396-870b-45fe-96b4-5490f3cb1713 [CONTEXT service_id=47 ]
03-09 03:24:55.364  1524  2576 E ctxmgr  : [FencePendingIntentCache]Expected to find a PendingIntent for pendingIntentKey=92f31396-870b-45fe-96b4-5490f3cb1713 [CONTEXT service_id=47 ]
03-09 03:24:55.634  2427  2645 E PhenotypeFlagCommitter: Retrieving snapshot for com.google.android.dialer failed
03-09 03:24:55.634  2427  2645 E PhenotypeFlagCommitter: java.util.concurrent.TimeoutException: Timed out waiting for Task
03-09 03:24:55.634  2427  2645 E PhenotypeFlagCommitter: 	at zna.m(PG:55)
03-09 03:24:55.634  2427  2645 E PhenotypeFlagCommitter: 	at yqm.c(PG:15)
03-09 03:24:55.634  2427  2645 E PhenotypeFlagCommitter: 	at yqm.d(PG:38)
03-09 03:24:55.634  2427  2645 E PhenotypeFlagCommitter: 	at qxa.call(PG:346)
03-09 03:24:55.634  2427  2645 E PhenotypeFlagCommitter: 	at agnr.call(PG:21)
03-09 03:24:55.634  2427  2645 E PhenotypeFlagCommitter: 	at agqh.a(PG:3)
03-09 03:24:55.634  2427  2645 E PhenotypeFlagCommitter: 	at agpk.run(PG:19)
03-09 03:24:55.634  2427  2645 E PhenotypeFlagCommitter: 	at agqi.run(PG:5)
03-09 03:24:55.634  2427  2645 E PhenotypeFlagCommitter: 	at zlp.run(PG:7)
03-09 03:24:55.634  2427  2645 E PhenotypeFlagCommitter: 	at java.util.concurrent.ThreadPoolExecutor.runWorker(ThreadPoolExecutor.java:1154)
03-09 03:24:55.634  2427  2645 E PhenotypeFlagCommitter: 	at java.util.concurrent.ThreadPoolExecutor$Worker.run(ThreadPoolExecutor.java:652)
03-09 03:24:55.634  2427  2645 E PhenotypeFlagCommitter: 	at ydv.run(PG:80)
03-09 03:24:55.634  2427  2645 E PhenotypeFlagCommitter: 	at zlb.run(PG:675)
03-09 03:24:55.634  2427  2645 E PhenotypeFlagCommitter: 	at java.lang.Thread.run(Thread.java:1563)
03-09 03:24:55.634  2427  2645 E PhenotypeFlagCommitter: 	at zmq.run(PG:61)
03-09 03:24:56.094   853  1050 E MboOceController: onDataConnectionStateChanged unexpected State: 1
03-09 03:24:56.102   853  1050 E WifiDataStall: onDataConnectionStateChanged unexpected State: 1
03-09 03:24:56.818   853  1058 E ConnectivityService: exception in interfaceSetMtu()android.os.ServiceSpecificException: Remote I/O error (code 121)
03-09 03:24:57.019  2725  2725 E ashmem  : Pinning is deprecated since Android Q. Please use trim or other methods.
03-09 03:24:57.260  1168  1314 E ServiceManager: error in isDeclared
03-09 03:24:57.260  1168  1314 E ServiceManager: java.lang.SecurityException: SELinux denied for service.
03-09 03:24:57.260  1168  1314 E ServiceManager: 	at android.os.Parcel.createExceptionOrNull(Parcel.java:3373)
03-09 03:24:57.260  1168  1314 E ServiceManager: 	at android.os.Parcel.createException(Parcel.java:3357)
03-09 03:24:57.260  1168  1314 E ServiceManager: 	at android.os.Parcel.readException(Parcel.java:3340)
03-09 03:24:57.260  1168  1314 E ServiceManager: 	at android.os.Parcel.readException(Parcel.java:3282)
03-09 03:24:57.260  1168  1314 E ServiceManager: 	at android.os.IServiceManager$Stub$Proxy.isDeclared(IServiceManager.java:689)
03-09 03:24:57.260  1168  1314 E ServiceManager: 	at android.os.ServiceManagerProxy.isDeclared(ServiceManagerNative.java:104)
03-09 03:24:57.260  1168  1314 E ServiceManager: 	at android.os.ServiceManager.isDeclared(ServiceManager.java:297)
03-09 03:24:57.260  1168  1314 E ServiceManager: 	at android.os.ServiceManager.waitForDeclaredService(ServiceManager.java:353)
03-09 03:24:57.260  1168  1314 E ServiceManager: 	at com.google.android.systemui.googlebattery.GoogleBatteryManager.initHalInterface(go/retraceme d7434036f30927423ce8aca1e3c453e1261a0e8c346035197b57fdd4a4917e53:16)
03-09 03:24:57.260  1168  1314 E ServiceManager: 	at com.google.android.systemui.power.batteryhealth.HealthManager$initHalInterface$2.invokeSuspend(go/retraceme d7434036f30927423ce8aca1e3c453e1261a0e8c346035197b57fdd4a4917e53:21)
03-09 03:24:57.260  1168  1314 E ServiceManager: 	at com.google.android.systemui.power.batteryhealth.HealthManager$initHalInterface$2.invoke(go/retraceme d7434036f30927423ce8aca1e3c453e1261a0e8c346035197b57fdd4a4917e53:13)
03-09 03:24:57.260  1168  1314 E ServiceManager: 	at com.google.android.systemui.power.batteryhealth.HealthManager$runOnBackground$2.invokeSuspend(go/retraceme d7434036f30927423ce8aca1e3c453e1261a0e8c346035197b57fdd4a4917e53:36)
03-09 03:24:57.260  1168  1314 E ServiceManager: 	at kotlin.coroutines.jvm.internal.BaseContinuationImpl.resumeWith(go/retraceme d7434036f30927423ce8aca1e3c453e1261a0e8c346035197b57fdd4a4917e53:8)
03-09 03:24:57.260  1168  1314 E ServiceManager: 	at kotlinx.coroutines.DispatchedTask.run(go/retraceme d7434036f30927423ce8aca1e3c453e1261a0e8c346035197b57fdd4a4917e53:110)
03-09 03:24:57.260  1168  1314 E ServiceManager: 	at java.util.concurrent.Executors$RunnableAdapter.call(Executors.java:520)
03-09 03:24:57.260  1168  1314 E ServiceManager: 	at java.util.concurrent.FutureTask.run(FutureTask.java:317)
03-09 03:24:57.260  1168  1314 E ServiceManager: 	at java.util.concurrent.ScheduledThreadPoolExecutor$ScheduledFutureTask.run(ScheduledThreadPoolExecutor.java:348)
03-09 03:24:57.260  1168  1314 E ServiceManager: 	at java.util.concurrent.ThreadPoolExecutor.runWorker(ThreadPoolExecutor.java:1154)
03-09 03:24:57.260  1168  1314 E ServiceManager: 	at java.util.concurrent.ThreadPoolExecutor$Worker.run(ThreadPoolExecutor.java:652)
03-09 03:24:57.260  1168  1314 E ServiceManager: 	at java.lang.Thread.run(Thread.java:1563)
03-09 03:24:58.375   585   636 E NetlinkEvent: NetlinkEvent::FindParam(): Parameter 'INTERFACE' not found
03-09 03:24:58.375   585   636 E NetlinkEvent: NetlinkEvent::FindParam(): Parameter 'STATE' not found
03-09 03:24:58.375   585   636 E NetlinkEvent: NetlinkEvent::FindParam(): Parameter 'TIME_NS' not found
03-09 03:24:58.375   585   636 E NetlinkEvent: NetlinkEvent::FindParam(): Parameter 'UID' not found
03-09 03:24:59.024  2791  2828 E ashmem  : Pinning is deprecated since Android Q. Please use trim or other methods.
03-09 03:25:00.327  2838  2838 E ashmem  : Pinning is deprecated since Android Q. Please use trim or other methods.
03-09 03:25:01.567  2427  2709 E DialerAndroidFutures: com.google.apps.tiktok.concurrent.AndroidFutures.crashApplicationOnFailure:363 Timeout exceeded waiting on crashApplicationOnFailure future. Waited 5 SECONDS. Allowing future agqi@9d945f[status=PENDING, info=[task=[running=[RUNNING ON Blocking Thread #6], java.util.concurrent.Executors$RunnableAdapter@cafb057[Wrapped task = propagating=[vzk@8d2c744]]]]] to continue anyway.
03-09 03:25:01.567  2427  2709 E DialerAndroidFutures: afed: 
03-09 03:25:01.567  2427  2709 E DialerAndroidFutures: 	at tk_trace.<missing root>(Unknown Source:0)
03-09 03:25:01.567  2427  2709 E DialerAndroidFutures: 	at tk_trace.Missing root trace(Unknown Source:0)
03-09 03:25:03.754  2865  2897 E ashmem  : Pinning is deprecated since Android Q. Please use trim or other methods.
03-09 03:25:04.746  2865  2908 E WearableAlarmSyncModel: getCapability fail with exception 
03-09 03:25:04.746  2865  2908 E WearableAlarmSyncModel: eqy: efu: 17: API: Wearable.API is not available on this device. Connection failed with: eep{statusCode=API_UNAVAILABLE, resolution=null, message=null, clientMethodKey=null}
03-09 03:25:04.746  2865  2908 E WearableAlarmSyncModel: 	at ere.g(PG:25)
03-09 03:25:04.746  2865  2908 E WearableAlarmSyncModel: 	at eox.a(PG:87)
03-09 03:25:04.746  2865  2908 E WearableAlarmSyncModel: 	at enf.run(PG:534)
03-09 03:25:04.746  2865  2908 E WearableAlarmSyncModel: 	at java.util.concurrent.ThreadPoolExecutor.runWorker(ThreadPoolExecutor.java:1154)
03-09 03:25:04.746  2865  2908 E WearableAlarmSyncModel: 	at java.util.concurrent.ThreadPoolExecutor$Worker.run(ThreadPoolExecutor.java:652)
03-09 03:25:04.746  2865  2908 E WearableAlarmSyncModel: 	at java.lang.Thread.run(Thread.java:1563)
03-09 03:25:04.746  2865  2908 E WearableAlarmSyncModel: Caused by: efu: 17: API: Wearable.API is not available on this device. Connection failed with: eep{statusCode=API_UNAVAILABLE, resolution=null, message=null, clientMethodKey=null}
03-09 03:25:04.746  2865  2908 E WearableAlarmSyncModel: 	at dzf.cE(PG:13)
03-09 03:25:04.746  2865  2908 E WearableAlarmSyncModel: 	at ekc.a(PG:29)
03-09 03:25:04.746  2865  2908 E WearableAlarmSyncModel: 	at com.google.android.gms.common.api.internal.BasePendingResult.k(PG:74)
03-09 03:25:04.746  2865  2908 E WearableAlarmSyncModel: 	at egr.h(PG:16)
03-09 03:25:04.746  2865  2908 E WearableAlarmSyncModel: 	at egk.e(PG:3)
03-09 03:25:04.746  2865  2908 E WearableAlarmSyncModel: 	at ehc.t(PG:48)
03-09 03:25:04.746  2865  2908 E WearableAlarmSyncModel: 	at ehc.f(PG:10)
03-09 03:25:04.746  2865  2908 E WearableAlarmSyncModel: 	at ehc.j(PG:164)
03-09 03:25:04.746  2865  2908 E WearableAlarmSyncModel: 	at ehc.i(PG:2)
03-09 03:25:04.746  2865  2908 E WearableAlarmSyncModel: 	at jbz.h(PG:3)
03-09 03:25:04.746  2865  2908 E WearableAlarmSyncModel: 	at eit.a(PG:7)
03-09 03:25:04.746  2865  2908 E WearableAlarmSyncModel: 	at ein.c(PG:51)
03-09 03:25:04.746  2865  2908 E WearableAlarmSyncModel: 	at eio.handleMessage(PG:267)
03-09 03:25:04.746  2865  2908 E WearableAlarmSyncModel: 	at android.os.Handler.dispatchMessage(Handler.java:132)
03-09 03:25:04.746  2865  2908 E WearableAlarmSyncModel: 	at eoe.a(PG:1)
03-09 03:25:04.746  2865  2908 E WearableAlarmSyncModel: 	at eoe.dispatchMessage(PG:1)
03-09 03:25:04.746  2865  2908 E WearableAlarmSyncModel: 	at android.os.Looper.dispatchMessage(Looper.java:333)
03-09 03:25:04.746  2865  2908 E WearableAlarmSyncModel: 	at android.os.Looper.loopOnce(Looper.java:263)
03-09 03:25:04.746  2865  2908 E WearableAlarmSyncModel: 	at android.os.Looper.loop(Looper.java:367)
03-09 03:25:04.746  2865  2908 E WearableAlarmSyncModel: 	at android.os.HandlerThread.run(HandlerThread.java:139)
03-09 03:25:05.590  2579  2777 E tflite  : third_party/tensorflow/lite/core/subgraph.cc:1084 tensor.data.raw != nullptr was not true.
03-09 03:25:05.745  2579  2777 E native  : E0000 00:00:1773006905.744877    2777 re2.cc:250] Error parsing '^|[^\p{Letter}\\]': invalid character class range: \p{Letter}
03-09 03:25:05.746  2579  2777 E native  : E0000 00:00:1773006905.745014    2777 replacement_rule.cc:40] Invalid context regexp: invalid character class range: \p{Letter}
03-09 03:25:05.746  2579  2777 E native  : E0000 00:00:1773006905.745032    2777 replacement_rule.cc:151] Error creating replacement rule.
03-09 03:25:05.746  2579  2777 E native  : E0000 00:00:1773006905.745143    2777 regexp_rewriter.cc:35] Error creating rule MessageLite at 0x6ffd19427290.
03-09 03:25:06.906  2427  2676 E DialerRestVvmCarrierService: com.android.dialer.voicemail.service.impl.vvmclients.rest.RestVvmCarrierService.getMsisdn:349 Retrieved phone number in an unexpected format: +15551234567 [CONTEXT disable_client_error_logging=true ]
03-09 03:25:06.906  2427  2676 E DialerRestVvmCarrierService: agab: MEDIUM
03-09 03:25:06.906  2427  2676 E DialerRestVvmCarrierService: 	at a.dJ(PG:15)
03-09 03:25:06.906  2427  2676 E DialerRestVvmCarrierService: 	at toy.apply(PG:471)
03-09 03:25:06.906  2427  2676 E DialerRestVvmCarrierService: 	at afdu.apply(PG:17)
03-09 03:25:06.906  2427  2676 E DialerRestVvmCarrierService: 	at agne.d(PG:3)
03-09 03:25:06.906  2427  2676 E DialerRestVvmCarrierService: 	at agnf.run(PG:47)
03-09 03:25:06.906  2427  2676 E DialerRestVvmCarrierService: 	at zlp.run(PG:7)
03-09 03:25:06.906  2427  2676 E DialerRestVvmCarrierService: 	at aggn.run(PG:44)
03-09 03:25:06.906  2427  2676 E DialerRestVvmCarrierService: 	at ydv.run(PG:80)
03-09 03:25:06.906  2427  2676 E DialerRestVvmCarrierService: 	at wuh.run(PG:314)
03-09 03:25:06.906  2427  2676 E DialerRestVvmCarrierService: 	at java.lang.Thread.run(Thread.java:1563)
03-09 03:25:06.906  2427  2676 E DialerRestVvmCarrierService: 	at zmq.run(PG:61)
03-09 03:25:07.895  2427  2711 E DialerRestVvmCarrierService: com.android.dialer.voicemail.service.impl.vvmclients.rest.RestVvmCarrierService.getMsisdn:349 Retrieved phone number in an unexpected format: +15551234567 [CONTEXT disable_client_error_logging=true ]
03-09 03:25:07.895  2427  2711 E DialerRestVvmCarrierService: agab: MEDIUM
03-09 03:25:07.895  2427  2711 E DialerRestVvmCarrierService: 	at a.dJ(PG:15)
03-09 03:25:07.895  2427  2711 E DialerRestVvmCarrierService: 	at toy.apply(PG:471)
03-09 03:25:07.895  2427  2711 E DialerRestVvmCarrierService: 	at afdu.apply(PG:17)
03-09 03:25:07.895  2427  2711 E DialerRestVvmCarrierService: 	at agne.d(PG:3)
03-09 03:25:07.895  2427  2711 E DialerRestVvmCarrierService: 	at agnf.run(PG:47)
03-09 03:25:07.895  2427  2711 E DialerRestVvmCarrierService: 	at zlp.run(PG:7)
03-09 03:25:07.895  2427  2711 E DialerRestVvmCarrierService: 	at aggn.run(PG:44)
03-09 03:25:07.895  2427  2711 E DialerRestVvmCarrierService: 	at ydv.run(PG:80)
03-09 03:25:07.895  2427  2711 E DialerRestVvmCarrierService: 	at wuh.run(PG:314)
03-09 03:25:07.895  2427  2711 E DialerRestVvmCarrierService: 	at java.lang.Thread.run(Thread.java:1563)
03-09 03:25:07.895  2427  2711 E DialerRestVvmCarrierService: 	at zmq.run(PG:61)
03-09 03:25:08.422   286   290 E lowmemorykiller: process_mrelease 2068 failed: No such process
03-09 03:25:09.398  2725  2734 E ScreenResolutionController: No support
03-09 03:25:09.804  2427  2711 E DialerVvmExecutorImpl: com.android.dialer.voicemail.service.impl.scheduler.VvmExecutorImpl.executeWorkOnCarrierService:503 Exception during vvm work for ComponentInfo{com.android.phone/com.android.services.telephony.TelephonyConnectionService}, 1, UserHandle{0} [CONTEXT enable_persistent_logger=true ]
03-09 03:25:09.804  2427  2711 E DialerVvmExecutorImpl: tlv: VVM failure reason: 2
03-09 03:25:09.804  2427  2711 E DialerVvmExecutorImpl: 	at ttt.onAuthenticationFailure(PG:93)
03-09 03:25:09.804  2427  2711 E DialerVvmExecutorImpl: 	at android.telephony.TelephonyManager$19.lambda$onAuthenticationFailure$1(TelephonyManager.java:18078)
03-09 03:25:09.804  2427  2711 E DialerVvmExecutorImpl: 	at android.telephony.TelephonyManager$19$$ExternalSyntheticLambda1.run(D8$$SyntheticClass:0)
03-09 03:25:09.804  2427  2711 E DialerVvmExecutorImpl: 	at zlp.run(PG:7)
03-09 03:25:09.804  2427  2711 E DialerVvmExecutorImpl: 	at aggn.run(PG:44)
03-09 03:25:09.804  2427  2711 E DialerVvmExecutorImpl: 	at ydv.run(PG:80)
03-09 03:25:09.804  2427  2711 E DialerVvmExecutorImpl: 	at wuh.run(PG:314)
03-09 03:25:09.804  2427  2711 E DialerVvmExecutorImpl: 	at java.lang.Thread.run(Thread.java:1563)
03-09 03:25:09.804  2427  2711 E DialerVvmExecutorImpl: 	at zmq.run(PG:61)
03-09 03:25:10.412  2361  2551 E FenceManagerImpl: <DWB> Failed to query lost fences
03-09 03:25:10.412  2361  2551 E FenceManagerImpl: FenceOperationException(errorCode=TIMEOUT_ERROR, gmsCoreApiException=null, gmsCoreApiAvailabilityException=null, cause=oic: Timed out: kud@d68b502[status=PENDING, info=[kfi@e47de13]])
03-09 03:25:10.412  2361  2551 E FenceManagerImpl: 	at giy.b(PG:1398)
03-09 03:25:10.412  2361  2551 E FenceManagerImpl: 	at quq.p(PG:11)
03-09 03:25:10.412  2361  2551 E FenceManagerImpl: 	at rah.run(PG:99)
03-09 03:25:10.412  2361  2551 E FenceManagerImpl: 	at lli.run(PG:36)
03-09 03:25:10.412  2361  2551 E FenceManagerImpl: 	at kpo.run(PG:7)
03-09 03:25:10.412  2361  2551 E FenceManagerImpl: 	at odi.run(PG:44)
03-09 03:25:10.412  2361  2551 E FenceManagerImpl: 	at bm.run(PG:389)
03-09 03:25:10.412  2361  2551 E FenceManagerImpl: 	at java.lang.Thread.run(Thread.java:1563)
03-09 03:25:10.412  2361  2551 E FenceManagerImpl: 	at kra.run(PG:61)
03-09 03:25:10.412  2361  2551 E FenceManagerImpl: Caused by: oic: Timed out: kud@d68b502[status=PENDING, info=[kfi@e47de13]]
03-09 03:25:10.689  2361  2479 E AndroidFutures: Timeout exceeded waiting on crashApplicationOnFailure future. Waited 3000 MILLISECONDS. Allowing future oid@65ab1f6[status=PENDING, info=[inputFuture=[rge@44ec615[status=PENDING, delegate=[ohz@f22ed2a[status=PENDING]]]], remaining delay=[116545 ms]]] to continue anyway.
03-09 03:25:10.689  2361  2479 E AndroidFutures: nlt: 
03-09 03:25:10.689  2361  2479 E AndroidFutures: 	at tk_trace.handleBroadcast(Unknown Source:0)
03-09 03:25:10.689  2361  2479 E AndroidFutures: 	at tk_trace.Broadcast to com.google.android.apps.wellbeing.common.receiver.coalescedreceivers.ContextManagerRestartedCoalescedBroadcast_Receiver com.google.com.android.gms.contextmanager.CONTEXT_MANAGER_RESTARTED(Unknown Source:0)
03-09 03:25:11.254  2427  2701 E DialerRestVvmCarrierService: com.android.dialer.voicemail.service.impl.vvmclients.rest.RestVvmCarrierService.getMsisdn:349 Retrieved phone number in an unexpected format: +15551234567 [CONTEXT disable_client_error_logging=true ]
03-09 03:25:11.254  2427  2701 E DialerRestVvmCarrierService: agab: MEDIUM
03-09 03:25:11.254  2427  2701 E DialerRestVvmCarrierService: 	at a.dJ(PG:15)
03-09 03:25:11.254  2427  2701 E DialerRestVvmCarrierService: 	at toy.apply(PG:471)
03-09 03:25:11.254  2427  2701 E DialerRestVvmCarrierService: 	at afdu.apply(PG:17)
03-09 03:25:11.254  2427  2701 E DialerRestVvmCarrierService: 	at agne.d(PG:3)
03-09 03:25:11.254  2427  2701 E DialerRestVvmCarrierService: 	at agnf.run(PG:47)
03-09 03:25:11.254  2427  2701 E DialerRestVvmCarrierService: 	at zlp.run(PG:7)
03-09 03:25:11.254  2427  2701 E DialerRestVvmCarrierService: 	at aggn.run(PG:44)
03-09 03:25:11.254  2427  2701 E DialerRestVvmCarrierService: 	at ydv.run(PG:80)
03-09 03:25:11.254  2427  2701 E DialerRestVvmCarrierService: 	at wuh.run(PG:314)
03-09 03:25:11.254  2427  2701 E DialerRestVvmCarrierService: 	at java.lang.Thread.run(Thread.java:1563)
03-09 03:25:11.254  2427  2701 E DialerRestVvmCarrierService: 	at zmq.run(PG:61)
03-09 03:25:11.984  2427  2699 E DialerRestVvmCarrierService: com.android.dialer.voicemail.service.impl.vvmclients.rest.RestVvmCarrierService.getMsisdn:349 Retrieved phone number in an unexpected format: +15551234567 [CONTEXT disable_client_error_logging=true ]
03-09 03:25:11.984  2427  2699 E DialerRestVvmCarrierService: agab: MEDIUM
03-09 03:25:11.984  2427  2699 E DialerRestVvmCarrierService: 	at a.dJ(PG:15)
03-09 03:25:11.984  2427  2699 E DialerRestVvmCarrierService: 	at toy.apply(PG:471)
03-09 03:25:11.984  2427  2699 E DialerRestVvmCarrierService: 	at afdu.apply(PG:17)
03-09 03:25:11.984  2427  2699 E DialerRestVvmCarrierService: 	at agne.d(PG:3)
03-09 03:25:11.984  2427  2699 E DialerRestVvmCarrierService: 	at agnf.run(PG:47)
03-09 03:25:11.984  2427  2699 E DialerRestVvmCarrierService: 	at zlp.run(PG:7)
03-09 03:25:11.984  2427  2699 E DialerRestVvmCarrierService: 	at aggn.run(PG:44)
03-09 03:25:11.984  2427  2699 E DialerRestVvmCarrierService: 	at ydv.run(PG:80)
03-09 03:25:11.984  2427  2699 E DialerRestVvmCarrierService: 	at wuh.run(PG:314)
03-09 03:25:11.984  2427  2699 E DialerRestVvmCarrierService: 	at java.lang.Thread.run(Thread.java:1563)
03-09 03:25:11.984  2427  2699 E DialerRestVvmCarrierService: 	at zmq.run(PG:61)
03-09 03:25:12.588  3049  3049 E ashmem  : Pinning is deprecated since Android Q. Please use trim or other methods.
03-09 03:25:13.576  2725  2734 E HardwareInfoFeatureProviderImpl: Could not parse manufactured year from serial.
03-09 03:25:13.576  2725  2734 E HardwareInfoFeatureProviderImpl: java.lang.NumberFormatException: For input string: "E"
03-09 03:25:13.576  2725  2734 E HardwareInfoFeatureProviderImpl: 	at java.lang.Integer.parseInt(Integer.java:781)
03-09 03:25:13.576  2725  2734 E HardwareInfoFeatureProviderImpl: 	at java.lang.Integer.valueOf(Integer.java:1108)
03-09 03:25:13.576  2725  2734 E HardwareInfoFeatureProviderImpl: 	at com.google.android.settings.hardwareinfo.HardwareInfoFeatureProviderGoogleImpl.getManufacturedYear(HardwareInfoFeatureProviderGoogleImpl.kt:24)
03-09 03:25:13.576  2725  2734 E HardwareInfoFeatureProviderImpl: 	at com.android.settings.deviceinfo.hardwareinfo.ManufacturedYearPreferenceController.<init>(ManufacturedYearPreferenceController.kt:26)
03-09 03:25:13.576  2725  2734 E HardwareInfoFeatureProviderImpl: 	at java.lang.reflect.Constructor.newInstance0(Native Method)
03-09 03:25:13.576  2725  2734 E HardwareInfoFeatureProviderImpl: 	at java.lang.reflect.Constructor.newInstance(Constructor.java:343)
03-09 03:25:13.576  2725  2734 E HardwareInfoFeatureProviderImpl: 	at com.android.settings.core.BasePreferenceController.createInstance(BasePreferenceController.java:190)
03-09 03:25:13.576  2725  2734 E HardwareInfoFeatureProviderImpl: 	at com.android.settings.core.PreferenceControllerListHelper.getPreferenceControllersFromXml(PreferenceControllerListHelper.java:86)
03-09 03:25:13.576  2725  2734 E HardwareInfoFeatureProviderImpl: 	at com.android.settings.search.BaseSearchIndexProvider.getPreferenceControllers(BaseSearchIndexProvider.java:195)
03-09 03:25:13.576  2725  2734 E HardwareInfoFeatureProviderImpl: 	at com.android.settings.search.BaseSearchIndexProvider.getDynamicRawDataToIndex(BaseSearchIndexProvider.java:102)
03-09 03:25:13.576  2725  2734 E HardwareInfoFeatureProviderImpl: 	at com.android.settings.search.SettingsSearchIndexablesProvider.getDynamicSearchIndexableRawData(SettingsSearchIndexablesProvider.java:385)
03-09 03:25:13.576  2725  2734 E HardwareInfoFeatureProviderImpl: 	at com.android.settings.search.SettingsSearchIndexablesProvider.queryDynamicRawData(SettingsSearchIndexablesProvider.java:187)
03-09 03:25:13.576  2725  2734 E HardwareInfoFeatureProviderImpl: 	at com.android.settings.search.SettingsSearchIndexablesProvider.queryDynamicRawData(SettingsSearchIndexablesProvider.java:87)
03-09 03:25:13.576  2725  2734 E HardwareInfoFeatureProviderImpl: 	at android.provider.SearchIndexablesProvider.query(SearchIndexablesProvider.java:133)
03-09 03:25:13.576  2725  2734 E HardwareInfoFeatureProviderImpl: 	at android.content.ContentProvider.query(ContentProvider.java:1662)
03-09 03:25:13.576  2725  2734 E HardwareInfoFeatureProviderImpl: 	at android.content.ContentProvider.query(ContentProvider.java:1758)
03-09 03:25:13.576  2725  2734 E HardwareInfoFeatureProviderImpl: 	at android.content.ContentProvider$Transport.query(ContentProvider.java:296)
03-09 03:25:13.576  2725  2734 E HardwareInfoFeatureProviderImpl: 	at android.content.ContentProviderNative.onTransact(ContentProviderNative.java:107)
03-09 03:25:13.576  2725  2734 E HardwareInfoFeatureProviderImpl: 	at android.os.Binder.execTransactInternal(Binder.java:1473)
03-09 03:25:13.576  2725  2734 E HardwareInfoFeatureProviderImpl: 	at android.os.Binder.execTransact(Binder.java:1418)
03-09 03:25:13.800  2725  2725 E SmsApplication: com.google.android.apps.messaging lost android:read_cell_broadcasts:  (fixing)
03-09 03:25:14.297  3074  3074 E ashmem  : Pinning is deprecated since Android Q. Please use trim or other methods.
03-09 03:25:14.325  2725  2725 E SmsApplication: com.google.android.apps.messaging lost android:read_cell_broadcasts:  (fixing)
03-09 03:25:15.051  2725  2734 E ScreenResolutionController: No support
03-09 03:25:15.309  3045  3045 E FeatureFlagsImplExport: android.os.flagging.AconfigStorageReadException: ERROR_PACKAGE_NOT_FOUND: package android.xr cannot be found on the device
03-09 03:25:16.273  3045  3045 E ashmem  : Pinning is deprecated since Android Q. Please use trim or other methods.
03-09 03:25:17.648   853   980 E JobScheduler.Quota: <0>com.google.android.apps.docs has 0 EJ quota without running anything
03-09 03:25:17.889   853   980 E JobScheduler.Quota: <0>com.google.android.apps.docs has 0 EJ quota without running anything
03-09 03:25:17.940   853   980 E JobScheduler.Quota: <0>com.google.android.apps.docs has 0 EJ quota without running anything
03-09 03:25:18.462  2004  3158 E NativeHotLoader: Failed to hotload library '/data/app/~~bQsNcOBvIJPLxC6YZCcYSg==/com.google.android.gms--26ucgZouuFQFVqFISrlrQ==/base.apk!/lib/x86_64/libgmscore.so'. [CONTEXT service_id=447 ]
03-09 03:25:18.500   286   291 E lowmemorykiller: process_mrelease 2838 failed: No such process
03-09 03:25:18.652   286   290 E lowmemorykiller: process_mrelease 2427 failed: No such process
03-09 03:25:19.040   286   291 E lowmemorykiller: process_mrelease 2791 failed: No such process
03-09 03:25:19.130   286   290 E lowmemorykiller: process_mrelease 2938 failed: No such process
03-09 03:25:19.163  1524  3184 E CastAuth: [CastAuthModuleInitIntent] Feature is not available, reason = CastAuth feature is disabled on this 1p device.. [CONTEXT service_id=360 ]
03-09 03:25:19.219   286   291 E lowmemorykiller: process_mrelease 2906 failed: No such process
03-09 03:25:19.744  1805  2024 E SP.Service.AiAi: captions_i18n_v0_mandatory is opened by other clients. It will stay open until all clients close it.
03-09 03:25:19.745  1805  2024 E SP.Service.AiAi: captions_i18n_v0_en-US is opened by other clients. It will stay open until all clients close it.
03-09 03:25:20.244  3118  3210 E DocsApplication: from onCreate Completable for sending summary about blocked SyncRequests
03-09 03:25:20.244  3118  3210 E DocsApplication: java.lang.IllegalStateException
03-09 03:25:20.244  3118  3210 E DocsApplication: 	at hjt.h(PG:64)
03-09 03:25:20.244  3118  3210 E DocsApplication: 	at jzi.a(PG:261)
03-09 03:25:20.244  3118  3210 E DocsApplication: 	at gwv.lambda$onCreate$2(PG:9)
03-09 03:25:20.244  3118  3210 E DocsApplication: 	at gwv.$r8$lambda$M-tqsz8QJK2QrqieVTlg-c3Lhbo(PG:1)
03-09 03:25:20.244  3118  3210 E DocsApplication: 	at gls$1.run(PG:143)
03-09 03:25:20.244  3118  3210 E DocsApplication: 	at aaxz.d(PG:13)
03-09 03:25:20.244  3118  3210 E DocsApplication: 	at aavn.e(PG:3)
03-09 03:25:20.244  3118  3210 E DocsApplication: 	at aayh$a.run(PG:3)
03-09 03:25:20.244  3118  3210 E DocsApplication: 	at aavx$a.run(PG:10)
03-09 03:25:20.244  3118  3210 E DocsApplication: 	at abbw.run(PG:14)
03-09 03:25:20.244  3118  3210 E DocsApplication: 	at abbw.call(PG:1)
03-09 03:25:20.244  3118  3210 E DocsApplication: 	at java.util.concurrent.FutureTask.run(FutureTask.java:317)
03-09 03:25:20.244  3118  3210 E DocsApplication: 	at java.util.concurrent.ScheduledThreadPoolExecutor$ScheduledFutureTask.run(ScheduledThreadPoolExecutor.java:348)
03-09 03:25:20.244  3118  3210 E DocsApplication: 	at java.util.concurrent.ThreadPoolExecutor.runWorker(ThreadPoolExecutor.java:1154)
03-09 03:25:20.244  3118  3210 E DocsApplication: 	at java.util.concurrent.ThreadPoolExecutor$Worker.run(ThreadPoolExecutor.java:652)
03-09 03:25:20.244  3118  3210 E DocsApplication: 	at java.lang.Thread.run(Thread.java:1563)
03-09 03:25:20.595  3133  3200 E ashmem  : Pinning is deprecated since Android Q. Please use trim or other methods.
03-09 03:25:20.771  2725  2750 E ScreenResolutionController: No support
03-09 03:25:20.826  1524  1524 E WorkSourceUtil: Could not find package: gms_cast_prober
