03-09 03:25:20.831  1524  1524 E WorkSourceUtil: Could not find package: gms_cast_prober
03-09 03:25:20.836  1524  1524 E WorkSourceUtil: Could not find package: gms_cast_prober
03-09 03:25:20.837  1524  1524 E WorkSourceUtil: Could not find package: gms_cast_prober
03-09 03:25:20.838  1524  1524 E WorkSourceUtil: Could not find package: gms_cast_prober
03-09 03:25:20.840  1524  1524 E WorkSourceUtil: Could not find package: gms_cast_prober
03-09 03:25:20.840  1524  1524 E WorkSourceUtil: Could not find package: gms_cast_prober
03-09 03:25:20.840  1524  1524 E WorkSourceUtil: Could not find package: gms_cast_prober
03-09 03:25:21.030  2004  3245 E gle.android.gms: hiddenapi: Accessing hidden method Landroid/net/ConnectivityManager;->isNetworkTypeMobile(I)Z (runtime_flags=0, domain=platform, api=max-target-p) from Lbwwa; (domain=app, TargetSdkVersion=36) using reflection: denied
03-09 03:25:21.030  2004  3245 E gle.android.gms: hiddenapi: Accessing hidden method Landroid/os/PowerManager;->isLightDeviceIdleMode()Z (runtime_flags=0, domain=platform, api=max-target-s) from Lbwwa; (domain=app, TargetSdkVersion=36) using reflection: denied
03-09 03:25:21.201  2725  2750 E SystemServiceRegistry: No service published for: ethernet
03-09 03:25:21.201  2725  2750 E SystemServiceRegistry: android.os.ServiceManager$ServiceNotFoundException: No service published for: ethernet
03-09 03:25:21.201  2725  2750 E SystemServiceRegistry: 	at android.os.ServiceManager.getServiceOrThrow(ServiceManager.java:203)
03-09 03:25:21.201  2725  2750 E SystemServiceRegistry: 	at android.app.SystemServiceRegistry$156.createService(SystemServiceRegistry.java:2418)
03-09 03:25:21.201  2725  2750 E SystemServiceRegistry: 	at android.app.SystemServiceRegistry$CachedServiceFetcher.getService(SystemServiceRegistry.java:2531)
03-09 03:25:21.201  2725  2750 E SystemServiceRegistry: 	at android.app.SystemServiceRegistry.getSystemService(SystemServiceRegistry.java:2063)
03-09 03:25:21.201  2725  2750 E SystemServiceRegistry: 	at android.app.ContextImpl.getSystemService(ContextImpl.java:2434)
03-09 03:25:21.201  2725  2750 E SystemServiceRegistry: 	at android.content.ContextWrapper.getSystemService(ContextWrapper.java:991)
03-09 03:25:21.201  2725  2750 E SystemServiceRegistry: 	at android.content.Context.getSystemService(Context.java:4901)
03-09 03:25:21.201  2725  2750 E SystemServiceRegistry: 	at com.android.settings.network.tether.TetherSettings$2.getNonIndexableKeys(TetherSettings.java:689)
03-09 03:25:21.201  2725  2750 E SystemServiceRegistry: 	at com.android.settings.search.SettingsSearchIndexablesProvider.getNonIndexableKeysFromProvider(SettingsSearchIndexablesProvider.java:291)
03-09 03:25:21.201  2725  2750 E SystemServiceRegistry: 	at com.android.settings.search.SettingsSearchIndexablesProvider.queryNonIndexableKeys(SettingsSearchIndexablesProvider.java:164)
03-09 03:25:21.201  2725  2750 E SystemServiceRegistry: 	at com.android.settings.search.SettingsSearchIndexablesProvider.queryNonIndexableKeys(SettingsSearchIndexablesProvider.java:87)
03-09 03:25:21.201  2725  2750 E SystemServiceRegistry: 	at android.provider.SearchIndexablesProvider.query(SearchIndexablesProvider.java:127)
03-09 03:25:21.201  2725  2750 E SystemServiceRegistry: 	at android.content.ContentProvider.query(ContentProvider.java:1662)
03-09 03:25:21.201  2725  2750 E SystemServiceRegistry: 	at android.content.ContentProvider.query(ContentProvider.java:1758)
03-09 03:25:21.201  2725  2750 E SystemServiceRegistry: 	at android.content.ContentProvider$Transport.query(ContentProvider.java:296)
03-09 03:25:21.201  2725  2750 E SystemServiceRegistry: 	at android.content.ContentProviderNative.onTransact(ContentProviderNative.java:107)
03-09 03:25:21.201  2725  2750 E SystemServiceRegistry: 	at android.os.Binder.execTransactInternal(Binder.java:1473)
03-09 03:25:21.201  2725  2750 E SystemServiceRegistry: 	at android.os.Binder.execTransact(Binder.java:1418)
03-09 03:25:21.943  3118  3231 E DefaultHttpIssuer: Attempt to close HttpIssuer when no request is executing.
03-09 03:25:22.067  3118  3264 E ashmem  : Pinning is deprecated since Android Q. Please use trim or other methods.
03-09 03:25:22.123  3118  3269 E GoogleApiManager: Failed to get service from broker. 
03-09 03:25:22.123  3118  3269 E GoogleApiManager: java.lang.SecurityException: Unknown calling package name 'com.google.android.gms'.
03-09 03:25:22.123  3118  3269 E GoogleApiManager: 	at android.os.Parcel.createExceptionOrNull(Parcel.java:3373)
03-09 03:25:22.123  3118  3269 E GoogleApiManager: 	at android.os.Parcel.createException(Parcel.java:3357)
03-09 03:25:22.123  3118  3269 E GoogleApiManager: 	at android.os.Parcel.readException(Parcel.java:3340)
03-09 03:25:22.123  3118  3269 E GoogleApiManager: 	at android.os.Parcel.readException(Parcel.java:3282)
03-09 03:25:22.123  3118  3269 E GoogleApiManager: 	at beux.a(:com.google.android.gms@260534038@26.05.34 (260800-869443408):36)
03-09 03:25:22.123  3118  3269 E GoogleApiManager: 	at besy.z(:com.google.android.gms@260534038@26.05.34 (260800-869443408):143)
03-09 03:25:22.123  3118  3269 E GoogleApiManager: 	at bdze.run(:com.google.android.gms@260534038@26.05.34 (260800-869443408):42)
03-09 03:25:22.123  3118  3269 E GoogleApiManager: 	at android.os.Handler.handleCallback(Handler.java:1070)
03-09 03:25:22.123  3118  3269 E GoogleApiManager: 	at android.os.Handler.dispatchMessage(Handler.java:125)
03-09 03:25:22.123  3118  3269 E GoogleApiManager: 	at ctdy.mv(:com.google.android.gms@260534038@26.05.34 (260800-869443408):1)
03-09 03:25:22.123  3118  3269 E GoogleApiManager: 	at ctdy.dispatchMessage(:com.google.android.gms@260534038@26.05.34 (260800-869443408):5)
03-09 03:25:22.123  3118  3269 E GoogleApiManager: 	at android.os.Looper.dispatchMessage(Looper.java:333)
03-09 03:25:22.123  3118  3269 E GoogleApiManager: 	at android.os.Looper.loopOnce(Looper.java:263)
03-09 03:25:22.123  3118  3269 E GoogleApiManager: 	at android.os.Looper.loop(Looper.java:367)
03-09 03:25:22.123  3118  3269 E GoogleApiManager: 	at android.os.HandlerThread.run(HandlerThread.java:139)
03-09 03:25:22.265   853   980 E JobScheduler.Quota: <0>com.google.android.apps.docs has 0 EJ quota without running anything
03-09 03:25:22.670   853  1105 E system_server: No package ID 7f found for resource ID 0x7f080463.
03-09 03:25:22.671   853  1105 E system_server: No package ID 7f found for resource ID 0x7f140b4d.
03-09 03:25:22.671   853  1105 E system_server: No package ID 7f found for resource ID 0x7f140b4d.
03-09 03:25:22.672   853  1105 E system_server: No package ID 7f found for resource ID 0x7f08045f.
03-09 03:25:22.673   853  1105 E system_server: No package ID 7f found for resource ID 0x7f140b4b.
03-09 03:25:22.684   853  1105 E system_server: No package ID 7f found for resource ID 0x7f140b4b.
03-09 03:25:22.722   853  1105 E system_server: No package ID 7f found for resource ID 0x7f080461.
03-09 03:25:22.722   853  1105 E system_server: No package ID 7f found for resource ID 0x7f140b4c.
03-09 03:25:22.722   853  1105 E system_server: No package ID 7f found for resource ID 0x7f140b4c.
03-09 03:25:22.724   853  1105 E ShortcutService: Ignoring excessive intent tag.
03-09 03:25:22.781  1332  1480 E SatelliteAppTracker: packageName: com.google.android.apps.docs, value: null
03-09 03:25:22.787   853  1902 E JobScheduler.JobStatus: App com.google.android.apps.docs became active but still in NEVER bucket
03-09 03:25:22.871  1332  1332 E SmsApplication: com.google.android.apps.messaging lost android:read_cell_broadcasts:  (fixing)
03-09 03:25:23.091   853  2407 E JobScheduler.JobStatus: App com.google.android.apps.docs became active but still in NEVER bucket
03-09 03:25:23.104   853  1105 E system_server: No package ID 7f found for resource ID 0x7f080463.
03-09 03:25:23.159   853  1105 E system_server: No package ID 7f found for resource ID 0x7f140b4d.
03-09 03:25:23.159   853  1105 E system_server: No package ID 7f found for resource ID 0x7f140b4d.
03-09 03:25:23.185   853  1105 E system_server: No package ID 7f found for resource ID 0x7f08045f.
03-09 03:25:23.185   853  1105 E system_server: No package ID 7f found for resource ID 0x7f140b4b.
03-09 03:25:23.185   853  1105 E system_server: No package ID 7f found for resource ID 0x7f140b4b.
03-09 03:25:23.185   853  1105 E system_server: No package ID 7f found for resource ID 0x7f080461.
03-09 03:25:23.186   853  1105 E system_server: No package ID 7f found for resource ID 0x7f140b4c.
03-09 03:25:23.186   853  1105 E system_server: No package ID 7f found for resource ID 0x7f140b4c.
03-09 03:25:23.192   853   961 E JobScheduler.JobStatus: App com.google.android.apps.docs became active but still in NEVER bucket
03-09 03:25:23.220   853  1105 E ShortcutService: Ignoring excessive intent tag.
03-09 03:25:23.670  1332  1556 E SmsApplication: com.google.android.apps.messaging lost android:read_cell_broadcasts:  (fixing)
03-09 03:25:23.726  1332  1480 E SatelliteAppTracker: packageName: com.google.android.apps.docs, value: null
03-09 03:25:23.923  1332  1332 E SmsApplication: com.google.android.apps.messaging lost android:read_cell_broadcasts:  (fixing)
03-09 03:25:24.247   853  1105 E system_server: No package ID 7f found for resource ID 0x7f080463.
03-09 03:25:24.247   853  1105 E system_server: No package ID 7f found for resource ID 0x7f140b4d.
03-09 03:25:24.247   853  1105 E system_server: No package ID 7f found for resource ID 0x7f140b4d.
03-09 03:25:24.247   853  1105 E system_server: No package ID 7f found for resource ID 0x7f08045f.
03-09 03:25:24.247   853  1105 E system_server: No package ID 7f found for resource ID 0x7f140b4b.
03-09 03:25:24.248   853  1105 E system_server: No package ID 7f found for resource ID 0x7f140b4b.
03-09 03:25:24.248   853  1105 E system_server: No package ID 7f found for resource ID 0x7f080461.
03-09 03:25:24.248   853  1105 E system_server: No package ID 7f found for resource ID 0x7f140b4c.
03-09 03:25:24.248   853  1105 E system_server: No package ID 7f found for resource ID 0x7f140b4c.
03-09 03:25:24.251   853  1105 E ShortcutService: Ignoring excessive intent tag.
03-09 03:25:24.284   853  1105 E system_server: No package ID 7f found for resource ID 0x7f080463.
03-09 03:25:24.284   853  1105 E system_server: No package ID 7f found for resource ID 0x7f140b4d.
03-09 03:25:24.284   853  1105 E system_server: No package ID 7f found for resource ID 0x7f140b4d.
03-09 03:25:24.285   853  1105 E system_server: No package ID 7f found for resource ID 0x7f08045f.
03-09 03:25:24.285   853  1105 E system_server: No package ID 7f found for resource ID 0x7f140b4b.
03-09 03:25:24.285   853  1105 E system_server: No package ID 7f found for resource ID 0x7f140b4b.
03-09 03:25:24.287   853  1105 E system_server: No package ID 7f found for resource ID 0x7f080461.
03-09 03:25:24.288   853  1105 E system_server: No package ID 7f found for resource ID 0x7f140b4c.
03-09 03:25:24.288   853  1105 E system_server: No package ID 7f found for resource ID 0x7f140b4c.
03-09 03:25:24.290   853  1105 E ShortcutService: Ignoring excessive intent tag.
03-09 03:25:24.649  1332  1556 E SmsApplication: com.google.android.apps.messaging lost android:read_cell_broadcasts:  (fixing)
03-09 03:25:25.113  1349  1349 E ashmem  : Pinning is deprecated since Android Q. Please use trim or other methods.
03-09 03:25:25.289  2004  3011 E gle.android.gms: hiddenapi: Accessing hidden method Landroid/telephony/TelephonyManager;->isImsRegistered()Z (runtime_flags=0, domain=platform, api=max-target-p) from Lctfb; (domain=app, TargetSdkVersion=36) using reflection: denied
03-09 03:25:25.728  1524  2242 E ctxmgr  : [ShushGestureSensor] Context hub handle not found [CONTEXT service_id=47 ]
03-09 03:25:25.814  1524  2242 E ctxmgr  : [ShushGestureSensor] Context hub handle not found [CONTEXT service_id=47 ]
03-09 03:25:25.929  2725  2750 E ConvertToEsimPreference: Fail to check pSIM conversion supported carrier: Attempt to invoke virtual method 'boolean android.telephony.euicc.EuiccManager.isPsimConversionSupported(int)' on a null object reference
03-09 03:25:25.948  2725  2750 E ConvertToEsimPreference: Fail to check pSIM conversion supported carrier: Attempt to invoke virtual method 'boolean android.telephony.euicc.EuiccManager.isPsimConversionSupported(int)' on a null object reference
03-09 03:25:26.501  3244  3325 E ashmem  : Pinning is deprecated since Android Q. Please use trim or other methods.
03-09 03:25:26.768  1524  1524 E .gms.persistent: hiddenapi: Accessing hidden method Landroid/net/ConnectivityManager;->isNetworkTypeMobile(I)Z (runtime_flags=0, domain=platform, api=max-target-p) from Lbwwa; (domain=app, TargetSdkVersion=36) using reflection: denied
03-09 03:25:26.768  1524  1524 E .gms.persistent: hiddenapi: Accessing hidden method Landroid/os/PowerManager;->isLightDeviceIdleMode()Z (runtime_flags=0, domain=platform, api=max-target-s) from Lbwwa; (domain=app, TargetSdkVersion=36) using reflection: denied
03-09 03:25:28.225  2725  2750 E HardwareInfoFeatureProviderImpl: Could not parse manufactured year from serial.
03-09 03:25:28.225  2725  2750 E HardwareInfoFeatureProviderImpl: java.lang.NumberFormatException: For input string: "E"
03-09 03:25:28.225  2725  2750 E HardwareInfoFeatureProviderImpl: 	at java.lang.Integer.parseInt(Integer.java:781)
03-09 03:25:28.225  2725  2750 E HardwareInfoFeatureProviderImpl: 	at java.lang.Integer.valueOf(Integer.java:1108)
03-09 03:25:28.225  2725  2750 E HardwareInfoFeatureProviderImpl: 	at com.google.android.settings.hardwareinfo.HardwareInfoFeatureProviderGoogleImpl.getManufacturedYear(HardwareInfoFeatureProviderGoogleImpl.kt:24)
03-09 03:25:28.225  2725  2750 E HardwareInfoFeatureProviderImpl: 	at com.android.settings.deviceinfo.hardwareinfo.ManufacturedYearPreferenceController.<init>(ManufacturedYearPreferenceController.kt:26)
03-09 03:25:28.225  2725  2750 E HardwareInfoFeatureProviderImpl: 	at java.lang.reflect.Constructor.newInstance0(Native Method)
03-09 03:25:28.225  2725  2750 E HardwareInfoFeatureProviderImpl: 	at java.lang.reflect.Constructor.newInstance(Constructor.java:343)
03-09 03:25:28.225  2725  2750 E HardwareInfoFeatureProviderImpl: 	at com.android.settings.core.BasePreferenceController.createInstance(BasePreferenceController.java:190)
03-09 03:25:28.225  2725  2750 E HardwareInfoFeatureProviderImpl: 	at com.android.settings.core.PreferenceControllerListHelper.getPreferenceControllersFromXml(PreferenceControllerListHelper.java:86)
03-09 03:25:28.225  2725  2750 E HardwareInfoFeatureProviderImpl: 	at com.android.settings.search.BaseSearchIndexProvider.getPreferenceControllers(BaseSearchIndexProvider.java:195)
03-09 03:25:28.225  2725  2750 E HardwareInfoFeatureProviderImpl: 	at com.android.settings.search.BaseSearchIndexProvider.updateNonIndexableKeysFromControllers(BaseSearchIndexProvider.java:142)
03-09 03:25:28.225  2725  2750 E HardwareInfoFeatureProviderImpl: 	at com.android.settings.search.BaseSearchIndexProvider.getNonIndexableKeys(BaseSearchIndexProvider.java:136)
03-09 03:25:28.225  2725  2750 E HardwareInfoFeatureProviderImpl: 	at com.android.settings.search.SettingsSearchIndexablesProvider.getNonIndexableKeysFromProvider(SettingsSearchIndexablesProvider.java:291)
03-09 03:25:28.225  2725  2750 E HardwareInfoFeatureProviderImpl: 	at com.android.settings.search.SettingsSearchIndexablesProvider.queryNonIndexableKeys(SettingsSearchIndexablesProvider.java:164)
03-09 03:25:28.225  2725  2750 E HardwareInfoFeatureProviderImpl: 	at com.android.settings.search.SettingsSearchIndexablesProvider.queryNonIndexableKeys(SettingsSearchIndexablesProvider.java:87)
03-09 03:25:28.225  2725  2750 E HardwareInfoFeatureProviderImpl: 	at android.provider.SearchIndexablesProvider.query(SearchIndexablesProvider.java:127)
03-09 03:25:28.225  2725  2750 E HardwareInfoFeatureProviderImpl: 	at android.content.ContentProvider.query(ContentProvider.java:1662)
03-09 03:25:28.225  2725  2750 E HardwareInfoFeatureProviderImpl: 	at android.content.ContentProvider.query(ContentProvider.java:1758)
03-09 03:25:28.225  2725  2750 E HardwareInfoFeatureProviderImpl: 	at android.content.ContentProvider$Transport.query(ContentProvider.java:296)
03-09 03:25:28.225  2725  2750 E HardwareInfoFeatureProviderImpl: 	at android.content.ContentProviderNative.onTransact(ContentProviderNative.java:107)
03-09 03:25:28.225  2725  2750 E HardwareInfoFeatureProviderImpl: 	at android.os.Binder.execTransactInternal(Binder.java:1473)
03-09 03:25:28.225  2725  2750 E HardwareInfoFeatureProviderImpl: 	at android.os.Binder.execTransact(Binder.java:1418)
03-09 03:25:28.328  1524  3184 E WorkSourceUtil: Could not find package: com.google.android.gms.westworld
03-09 03:25:29.061  1349  3359 E saftm   : mmap.cc:249: Error during Unmap / munmap: Invalid argument
03-09 03:25:29.228  2725  2750 E ScreenResolutionController: No support
03-09 03:25:29.560  1524  2242 E CCTFlatFileLogStore: Failed to get boot count.
03-09 03:25:29.560  1524  2242 E CCTFlatFileLogStore: java.util.concurrent.TimeoutException: Timed out waiting for Task
03-09 03:25:29.560  1524  2242 E CCTFlatFileLogStore: 	at ffuu.o(:com.google.android.gms@260534038@26.05.34 (260800-869443408):53)
03-09 03:25:29.560  1524  2242 E CCTFlatFileLogStore: 	at bdgz.v(:com.google.android.gms@260534038@26.05.34 (260800-869443408):21)
03-09 03:25:29.560  1524  2242 E CCTFlatFileLogStore: 	at bdbk.run(:com.google.android.gms@260534038@26.05.34 (260800-869443408):14)
03-09 03:25:29.560  1524  2242 E CCTFlatFileLogStore: 	at bfom.c(:com.google.android.gms@260534038@26.05.34 (260800-869443408):50)
03-09 03:25:29.560  1524  2242 E CCTFlatFileLogStore: 	at bfom.run(:com.google.android.gms@260534038@26.05.34 (260800-869443408):73)
03-09 03:25:29.560  1524  2242 E CCTFlatFileLogStore: 	at java.util.concurrent.ThreadPoolExecutor.runWorker(ThreadPoolExecutor.java:1154)
03-09 03:25:29.560  1524  2242 E CCTFlatFileLogStore: 	at java.util.concurrent.ThreadPoolExecutor$Worker.run(ThreadPoolExecutor.java:652)
03-09 03:25:29.560  1524  2242 E CCTFlatFileLogStore: 	at bfud.run(:com.google.android.gms@260534038@26.05.34 (260800-869443408):8)
03-09 03:25:29.560  1524  2242 E CCTFlatFileLogStore: 	at java.lang.Thread.run(Thread.java:1563)
03-09 03:25:30.911   853  3375 E RoleControllerServiceImpl: Default/fallback role holder package doesn't qualify for the role, package: com.google.android.gms.supervision, role: android.app.role.SYSTEM_SUPERVISION, user: 0
03-09 03:25:31.140   853  3375 E RoleControllerServiceImpl: Default/fallback role holder package doesn't qualify for the role, package: com.google.android.gms, role: android.app.role.SYSTEM_DEPENDENCY_INSTALLER, user: 0
03-09 03:25:31.674  1524  3354 E AbstractGmsTracer: Traced class shouldn't be obfuscated: djpb [CONTEXT service_id=259 ]
03-09 03:25:31.767   853  3375 E RoleControllerServiceImpl: Default/fallback role holder package doesn't qualify for the role, package: com.google.android.gms, role: android.app.role.WALLET, user: 0
03-09 03:25:31.794  3118  3269 E GoogleApiManager: Failed to get service from broker. 
03-09 03:25:31.794  3118  3269 E GoogleApiManager: java.lang.SecurityException: Unknown calling package name 'com.google.android.gms'.
03-09 03:25:31.794  3118  3269 E GoogleApiManager: 	at android.os.Parcel.createExceptionOrNull(Parcel.java:3373)
03-09 03:25:31.794  3118  3269 E GoogleApiManager: 	at android.os.Parcel.createException(Parcel.java:3357)
03-09 03:25:31.794  3118  3269 E GoogleApiManager: 	at android.os.Parcel.readException(Parcel.java:3340)
03-09 03:25:31.794  3118  3269 E GoogleApiManager: 	at android.os.Parcel.readException(Parcel.java:3282)
03-09 03:25:31.794  3118  3269 E GoogleApiManager: 	at beux.a(:com.google.android.gms@260534038@26.05.34 (260800-869443408):36)
03-09 03:25:31.794  3118  3269 E GoogleApiManager: 	at besy.z(:com.google.android.gms@260534038@26.05.34 (260800-869443408):143)
03-09 03:25:31.794  3118  3269 E GoogleApiManager: 	at bdze.run(:com.google.android.gms@260534038@26.05.34 (260800-869443408):42)
03-09 03:25:31.794  3118  3269 E GoogleApiManager: 	at android.os.Handler.handleCallback(Handler.java:1070)
03-09 03:25:31.794  3118  3269 E GoogleApiManager: 	at android.os.Handler.dispatchMessage(Handler.java:125)
03-09 03:25:31.794  3118  3269 E GoogleApiManager: 	at ctdy.mv(:com.google.android.gms@260534038@26.05.34 (260800-869443408):1)
03-09 03:25:31.794  3118  3269 E GoogleApiManager: 	at ctdy.dispatchMessage(:com.google.android.gms@260534038@26.05.34 (260800-869443408):5)
03-09 03:25:31.794  3118  3269 E GoogleApiManager: 	at android.os.Looper.dispatchMessage(Looper.java:333)
03-09 03:25:31.794  3118  3269 E GoogleApiManager: 	at android.os.Looper.loopOnce(Looper.java:263)
03-09 03:25:31.794  3118  3269 E GoogleApiManager: 	at android.os.Looper.loop(Looper.java:367)
03-09 03:25:31.794  3118  3269 E GoogleApiManager: 	at android.os.HandlerThread.run(HandlerThread.java:139)
03-09 03:25:32.356  3333  3414 E ashmem  : Pinning is deprecated since Android Q. Please use trim or other methods.
03-09 03:25:32.952  3376  3389 E ashmem  : Pinning is deprecated since Android Q. Please use trim or other methods.
03-09 03:25:33.071  3421  3421 E ConfigUpdater: ignoring update request
03-09 03:25:33.128  3421  3421 E ConfigUpdater: ignoring update request
03-09 03:25:33.271  3421  3421 E ConfigUpdater: ignoring update request
03-09 03:25:33.374  3421  3421 E ConfigUpdater: ignoring update request
03-09 03:25:33.418  3421  3421 E ConfigUpdater: ignoring update request
03-09 03:25:33.499  3421  3421 E ConfigUpdater: ignoring update request
03-09 03:25:33.541  3421  3421 E ConfigUpdater: ignoring update request
03-09 03:25:33.575  3421  3421 E ConfigUpdater: ignoring update request
03-09 03:25:33.599  3421  3421 E ConfigUpdater: ignoring update request
03-09 03:25:33.631  3421  3421 E ConfigUpdater: ignoring update request
03-09 03:25:33.642  3421  3421 E ConfigUpdater: ignoring update request
03-09 03:25:33.993   853  1050 E WifiChipAidlImpl: getUsableChannels failed with service-specific exception: android.os.ServiceSpecificException:  (code 4)
03-09 03:25:36.182  2004  3011 E constellation: [device_id_util] Application com.google.android.ims not found
03-09 03:25:37.175  3463  3499 E ashmem  : Pinning is deprecated since Android Q. Please use trim or other methods.
03-09 03:25:46.825  1524  1617 E ctxmgr  : [ShushGestureSensor] Context hub handle not found [CONTEXT service_id=47 ]
03-09 03:25:47.872  3588  3588 E ashmem  : Pinning is deprecated since Android Q. Please use trim or other methods.
03-09 03:25:48.803  2004  3011 E constellation: [backup and restore repository] No verification tokens retrieved for key verification_tokens_key
03-09 03:25:49.248  3537  3657 E ashmem  : Pinning is deprecated since Android Q. Please use trim or other methods.
03-09 03:25:49.596  2004  3011 E constellation: [rpc_manager] Sync: failed with status: jcie{code=PERMISSION_DENIED, description=The caller does not have permission, cause=null}
03-09 03:25:49.596  2004  3011 E constellation: Exception: 
03-09 03:25:49.596  2004  3011 E constellation: jcif: PERMISSION_DENIED: The caller does not have permission
03-09 03:25:49.596  2004  3011 E constellation: 	at bfia.r(:com.google.android.gms@260534038@26.05.34 (260800-869443408):31)
03-09 03:25:49.596  2004  3011 E constellation: 	at bfia.f(:com.google.android.gms@260534038@26.05.34 (260800-869443408):90)
03-09 03:25:49.596  2004  3011 E constellation: 	at bgaw.b(:com.google.android.gms@260534038@26.05.34 (260800-869443408):44)
03-09 03:25:49.596  2004  3011 E constellation: 	at bgas.D(:com.google.android.gms@260534038@26.05.34 (260800-869443408):27)
03-09 03:25:49.596  2004  3011 E constellation: 	at bgas.i(:com.google.android.gms@260534038@26.05.34 (260800-869443408):111)
03-09 03:25:49.596  2004  3011 E constellation: 	at bfzl.m(:com.google.android.gms@260534038@26.05.34 (260800-869443408):175)
03-09 03:25:49.596  2004  3011 E constellation: 	at bfzl.q(:com.google.android.gms@260534038@26.05.34 (260800-869443408):490)
03-09 03:25:49.596  2004  3011 E constellation: 	at com.google.android.gms.constellation.EventManager.g(:com.google.android.gms@260534038@26.05.34 (260800-869443408):108)
03-09 03:25:49.596  2004  3011 E constellation: 	at com.google.android.gms.constellation.EventManager.onHandleIntent(:com.google.android.gms@260534038@26.05.34 (260800-869443408):384)
03-09 03:25:49.596  2004  3011 E constellation: 	at com.google.android.chimera.IntentOperation.onHandleIntent(:com.google.android.gms@260534038@26.05.34 (260800-869443408):1)
03-09 03:25:49.596  2004  3011 E constellation: 	at azqh.onHandleIntent(:com.google.android.gms@260534038@26.05.34 (260800-869443408):84)
03-09 03:25:49.596  2004  3011 E constellation: 	at zdd.run(:com.google.android.gms@260534038@26.05.34 (260800-869443408):64)
03-09 03:25:49.596  2004  3011 E constellation: 	at zdc.run(:com.google.android.gms@260534038@26.05.34 (260800-869443408):132)
03-09 03:25:49.596  2004  3011 E constellation: 	at gptf.run(:com.google.android.gms@260534038@26.05.34 (260800-869443408):19)
03-09 03:25:49.596  2004  3011 E constellation: 	at java.util.concurrent.ThreadPoolExecutor.runWorker(ThreadPoolExecutor.java:1154)
03-09 03:25:49.596  2004  3011 E constellation: 	at java.util.concurrent.ThreadPoolExecutor$Worker.run(ThreadPoolExecutor.java:652)
03-09 03:25:49.596  2004  3011 E constellation: 	at java.lang.Thread.run(Thread.java:1563)
03-09 03:25:49.597  2004  3011 E constellation: [verification_manager] Verification failed: 
03-09 03:25:49.597  2004  3011 E constellation: bgtk: sync
03-09 03:25:49.597  2004  3011 E constellation: 	at bgas.B(:com.google.android.gms@260534038@26.05.34 (260800-869443408):49)
03-09 03:25:49.597  2004  3011 E constellation: 	at bgas.i(:com.google.android.gms@260534038@26.05.34 (260800-869443408):441)
03-09 03:25:49.597  2004  3011 E constellation: 	at bfzl.m(:com.google.android.gms@260534038@26.05.34 (260800-869443408):175)
03-09 03:25:49.597  2004  3011 E constellation: 	at bfzl.q(:com.google.android.gms@260534038@26.05.34 (260800-869443408):490)
03-09 03:25:49.597  2004  3011 E constellation: 	at com.google.android.gms.constellation.EventManager.g(:com.google.android.gms@260534038@26.05.34 (260800-869443408):108)
03-09 03:25:49.597  2004  3011 E constellation: 	at com.google.android.gms.constellation.EventManager.onHandleIntent(:com.google.android.gms@260534038@26.05.34 (260800-869443408):384)
03-09 03:25:49.597  2004  3011 E constellation: 	at com.google.android.chimera.IntentOperation.onHandleIntent(:com.google.android.gms@260534038@26.05.34 (260800-869443408):1)
03-09 03:25:49.597  2004  3011 E constellation: 	at azqh.onHandleIntent(:com.google.android.gms@260534038@26.05.34 (260800-869443408):84)
03-09 03:25:49.597  2004  3011 E constellation: 	at zdd.run(:com.google.android.gms@260534038@26.05.34 (260800-869443408):64)
03-09 03:25:49.597  2004  3011 E constellation: 	at zdc.run(:com.google.android.gms@260534038@26.05.34 (260800-869443408):132)
03-09 03:25:49.597  2004  3011 E constellation: 	at gptf.run(:com.google.android.gms@260534038@26.05.34 (260800-869443408):19)
03-09 03:25:49.597  2004  3011 E constellation: 	at java.util.concurrent.ThreadPoolExecutor.runWorker(ThreadPoolExecutor.java:1154)
03-09 03:25:49.597  2004  3011 E constellation: 	at java.util.concurrent.ThreadPoolExecutor$Worker.run(ThreadPoolExecutor.java:652)
03-09 03:25:49.597  2004  3011 E constellation: 	at java.lang.Thread.run(Thread.java:1563)
03-09 03:25:49.612  2004  3011 E constellation: [event_manager] Failed to sync verifications: 
03-09 03:25:49.612  2004  3011 E constellation: bgtk: sync
03-09 03:25:49.612  2004  3011 E constellation: 	at bgas.B(:com.google.android.gms@260534038@26.05.34 (260800-869443408):49)
03-09 03:25:49.612  2004  3011 E constellation: 	at bgas.i(:com.google.android.gms@260534038@26.05.34 (260800-869443408):441)
03-09 03:25:49.612  2004  3011 E constellation: 	at bfzl.m(:com.google.android.gms@260534038@26.05.34 (260800-869443408):175)
03-09 03:25:49.612  2004  3011 E constellation: 	at bfzl.q(:com.google.android.gms@260534038@26.05.34 (260800-869443408):490)
03-09 03:25:49.612  2004  3011 E constellation: 	at com.google.android.gms.constellation.EventManager.g(:com.google.android.gms@260534038@26.05.34 (260800-869443408):108)
03-09 03:25:49.612  2004  3011 E constellation: 	at com.google.android.gms.constellation.EventManager.onHandleIntent(:com.google.android.gms@260534038@26.05.34 (260800-869443408):384)
03-09 03:25:49.612  2004  3011 E constellation: 	at com.google.android.chimera.IntentOperation.onHandleIntent(:com.google.android.gms@260534038@26.05.34 (260800-869443408):1)
03-09 03:25:49.612  2004  3011 E constellation: 	at azqh.onHandleIntent(:com.google.android.gms@260534038@26.05.34 (260800-869443408):84)
03-09 03:25:49.612  2004  3011 E constellation: 	at zdd.run(:com.google.android.gms@260534038@26.05.34 (260800-869443408):64)
03-09 03:25:49.612  2004  3011 E constellation: 	at zdc.run(:com.google.android.gms@260534038@26.05.34 (260800-869443408):132)
03-09 03:25:49.612  2004  3011 E constellation: 	at gptf.run(:com.google.android.gms@260534038@26.05.34 (260800-869443408):19)
03-09 03:25:49.612  2004  3011 E constellation: 	at java.util.concurrent.ThreadPoolExecutor.runWorker(ThreadPoolExecutor.java:1154)
03-09 03:25:49.612  2004  3011 E constellation: 	at java.util.concurrent.ThreadPoolExecutor$Worker.run(ThreadPoolExecutor.java:652)
03-09 03:25:49.612  2004  3011 E constellation: 	at java.lang.Thread.run(Thread.java:1563)
03-09 03:25:49.720  3665  3692 E ashmem  : Pinning is deprecated since Android Q. Please use trim or other methods.
03-09 03:25:49.777  2004  3666 E constellation: [sim_state_checker] Couldn't sync with the server due to 
03-09 03:25:49.777  2004  3666 E constellation: bgtk: sync
03-09 03:25:49.777  2004  3666 E constellation: 	at bgas.B(:com.google.android.gms@260534038@26.05.34 (260800-869443408):49)
03-09 03:25:49.777  2004  3666 E constellation: 	at bgas.i(:com.google.android.gms@260534038@26.05.34 (260800-869443408):441)
03-09 03:25:49.777  2004  3666 E constellation: 	at bfzl.m(:com.google.android.gms@260534038@26.05.34 (260800-869443408):175)
03-09 03:25:49.777  2004  3666 E constellation: 	at bfzl.q(:com.google.android.gms@260534038@26.05.34 (260800-869443408):490)
03-09 03:25:49.777  2004  3666 E constellation: 	at com.google.android.gms.constellation.EventManager.g(:com.google.android.gms@260534038@26.05.34 (260800-869443408):108)
03-09 03:25:49.777  2004  3666 E constellation: 	at com.google.android.gms.constellation.EventManager.onHandleIntent(:com.google.android.gms@260534038@26.05.34 (260800-869443408):384)
03-09 03:25:49.777  2004  3666 E constellation: 	at com.google.android.chimera.IntentOperation.onHandleIntent(:com.google.android.gms@260534038@26.05.34 (260800-869443408):1)
03-09 03:25:49.777  2004  3666 E constellation: 	at azqh.onHandleIntent(:com.google.android.gms@260534038@26.05.34 (260800-869443408):84)
03-09 03:25:49.777  2004  3666 E constellation: 	at zdd.run(:com.google.android.gms@260534038@26.05.34 (260800-869443408):64)
03-09 03:25:49.777  2004  3666 E constellation: 	at zdc.run(:com.google.android.gms@260534038@26.05.34 (260800-869443408):132)
03-09 03:25:49.777  2004  3666 E constellation: 	at gptf.run(:com.google.android.gms@260534038@26.05.34 (260800-869443408):19)
03-09 03:25:49.777  2004  3666 E constellation: 	at java.util.concurrent.ThreadPoolExecutor.runWorker(ThreadPoolExecutor.java:1154)
03-09 03:25:49.777  2004  3666 E constellation: 	at java.util.concurrent.ThreadPoolExecutor$Worker.run(ThreadPoolExecutor.java:652)
03-09 03:25:49.777  2004  3666 E constellation: 	at java.lang.Thread.run(Thread.java:1563)
03-09 03:25:51.413  1524  3218 E gyng    : RuntimeException while executing runnable gynv{andh@97d9420} with executor MoreExecutors.directExecutor()
03-09 03:25:51.413  1524  3218 E gyng    : java.lang.NullPointerException: Attempt to get length of null array
03-09 03:25:51.413  1524  3218 E gyng    : 	at android.util.Base64.encode(Base64.java:497)
03-09 03:25:51.413  1524  3218 E gyng    : 	at android.util.Base64.encodeToString(Base64.java:459)
03-09 03:25:51.413  1524  3218 E gyng    : 	at com.google.android.gms.auth.proximity.RemoteDevice.a(:com.google.android.gms@260534038@26.05.34 (260800-869443408):3)
03-09 03:25:51.413  1524  3218 E gyng    : 	at andh.kp(:com.google.android.gms@260534038@26.05.34 (260800-869443408):3)
03-09 03:25:51.413  1524  3218 E gyng    : 	at gynv.run(:com.google.android.gms@260534038@26.05.34 (260800-869443408):29)
03-09 03:25:51.413  1524  3218 E gyng    : 	at gync.execute(:com.google.android.gms@260534038@26.05.34 (260800-869443408):1)
03-09 03:25:51.413  1524  3218 E gyng    : 	at gyng.c(:com.google.android.gms@260534038@26.05.34 (260800-869443408):1)
03-09 03:25:51.413  1524  3218 E gyng    : 	at gyng.b(:com.google.android.gms@260534038@26.05.34 (260800-869443408):32)
03-09 03:25:51.413  1524  3218 E gyng    : 	at bfor.done(:com.google.android.gms@260534038@26.05.34 (260800-869443408):6)
03-09 03:25:51.413  1524  3218 E gyng    : 	at java.util.concurrent.FutureTask.finishCompletion(FutureTask.java:434)
03-09 03:25:51.413  1524  3218 E gyng    : 	at java.util.concurrent.FutureTask.set(FutureTask.java:285)
03-09 03:25:51.413  1524  3218 E gyng    : 	at java.util.concurrent.FutureTask.run(FutureTask.java:325)
03-09 03:25:51.413  1524  3218 E gyng    : 	at bfom.c(:com.google.android.gms@260534038@26.05.34 (260800-869443408):50)
03-09 03:25:51.413  1524  3218 E gyng    : 	at bfom.run(:com.google.android.gms@260534038@26.05.34 (260800-869443408):73)
03-09 03:25:51.413  1524  3218 E gyng    : 	at java.util.concurrent.ThreadPoolExecutor.runWorker(ThreadPoolExecutor.java:1154)
03-09 03:25:51.413  1524  3218 E gyng    : 	at java.util.concurrent.ThreadPoolExecutor$Worker.run(ThreadPoolExecutor.java:652)
03-09 03:25:51.413  1524  3218 E gyng    : 	at bfud.run(:com.google.android.gms@260534038@26.05.34 (260800-869443408):8)
03-09 03:25:51.413  1524  3218 E gyng    : 	at java.lang.Thread.run(Thread.java:1563)
03-09 03:25:52.749  1332  1480 E SatelliteAppTracker: packageName: com.google.android.gms, value: com.google.android.gms
03-09 03:25:52.999  1332  1332 E SmsApplication: com.google.android.apps.messaging lost android:read_cell_broadcasts:  (fixing)
03-09 03:25:53.121   853  3375 E RoleControllerServiceImpl: Default/fallback role holder package doesn't qualify for the role, package: com.google.android.gms.supervision, role: android.app.role.SYSTEM_SUPERVISION, user: 0
03-09 03:25:53.805   853  3375 E RoleControllerServiceImpl: Default/fallback role holder package doesn't qualify for the role, package: com.google.android.gms, role: android.app.role.SYSTEM_DEPENDENCY_INSTALLER, user: 0
03-09 03:25:54.032  2004  3011 E libbinder.IPCThreadState: Binder transaction failure. id: 116636, cmd: BR_FAILED_REPLY (29201), error: -28 (No space left on device)
03-09 03:25:54.036  2004  3011 E JavaBinder: !!! FAILED BINDER TRANSACTION !!!  (parcel size = 1056768)
03-09 03:25:54.056  1332  1556 E SmsApplication: com.google.android.apps.messaging lost android:read_cell_broadcasts:  (fixing)
03-09 03:25:54.356   853  3375 E RoleControllerServiceImpl: Default/fallback role holder package doesn't qualify for the role, package: com.google.android.gms, role: android.app.role.WALLET, user: 0
03-09 03:25:55.751  2004  3011 E Dck     : Could not get ProviderInfo when resolving the content provider authority. [CONTEXT service_id=289 ]
03-09 03:25:55.752  2004  3011 E Dck     : Samsung Content Provider failed app verification [CONTEXT service_id=289 ]
03-09 03:25:55.868   642   642 E WVCdm   : [oemcrypto_adapter_dynamic.cpp(1352):ValidateOrInstallL1KeyboxOrCert] L1 not initialized. Falling back to L3
03-09 03:25:56.032   642   642 E WVCdm   : [oemcrypto_adapter_dynamic.cpp(1352):ValidateOrInstallL1KeyboxOrCert] L1 not initialized. Falling back to L3
03-09 03:25:57.395  3792  3792 E ashmem  : Pinning is deprecated since Android Q. Please use trim or other methods.
03-09 03:25:58.468  2004  3890 E ActivityThread: Failed to find provider info for subscribedfeeds
03-09 03:25:58.631  2004  3890 E ActivityThread: Failed to find provider info for subscribedfeeds
03-09 03:25:59.209  1524  3874 E .gms.persistent: hiddenapi: Accessing hidden method Landroid/net/ConnectivityManager;->isNetworkSupported(I)Z (runtime_flags=0, domain=platform, api=max-target-p) from Lbfsn; (domain=app, TargetSdkVersion=36) using reflection: denied
03-09 03:25:59.683  2004  3012 E gle.android.gms: hiddenapi: Accessing hidden method Landroid/telephony/TelephonyManager;->isImsRegistered()Z (runtime_flags=0, domain=platform, api=max-target-p) from Lctfb; (domain=app, TargetSdkVersion=36) using reflection: denied
03-09 03:26:02.633  3697  3697 E YT.mlplayer: setAudioDrc(enabled=1)
03-09 03:26:05.975  3697  3876 E ashmem  : Pinning is deprecated since Android Q. Please use trim or other methods.
03-09 03:26:08.060  2004  3012 E constellation: [device_id_util] Application com.google.android.ims not found
03-09 03:26:08.572  2004  3012 E jcvx    : *~*~*~ Previous channel {0} was garbage collected without being shut down! ~*~*~*
03-09 03:26:08.572  2004  3012 E jcvx    :     Make sure to call shutdown()/shutdownNow()
03-09 03:26:08.572  2004  3012 E jcvx    : java.lang.RuntimeException: ManagedChannel allocation site
03-09 03:26:08.572  2004  3012 E jcvx    : 	at jcvw.<init>(:com.google.android.gms@260534038@26.05.34 (260800-869443408):21)
03-09 03:26:08.572  2004  3012 E jcvx    : 	at jcvx.<init>(:com.google.android.gms@260534038@26.05.34 (260800-869443408):10)
03-09 03:26:08.572  2004  3012 E jcvx    : 	at jcvv.a(:com.google.android.gms@260534038@26.05.34 (260800-869443408):296)
03-09 03:26:08.572  2004  3012 E jcvx    : 	at jcds.a(:com.google.android.gms@260534038@26.05.34 (260800-869443408):5)
03-09 03:26:08.572  2004  3012 E jcvx    : 	at cuji.h(:com.google.android.gms@260534038@26.05.34 (260800-869443408):150)
03-09 03:26:08.572  2004  3012 E jcvx    : 	at hcaw.a(:com.google.android.gms@260534038@26.05.34 (260800-869443408):154)
03-09 03:26:08.572  2004  3012 E jcvx    : 	at gpta.a(:com.google.android.gms@260534038@26.05.34 (260800-869443408):13)
03-09 03:26:08.572  2004  3012 E jcvx    : 	at gypn.a(:com.google.android.gms@260534038@26.05.34 (260800-869443408):3)
03-09 03:26:08.572  2004  3012 E jcvx    : 	at gyoo.run(:com.google.android.gms@260534038@26.05.34 (260800-869443408):19)
03-09 03:26:08.572  2004  3012 E jcvx    : 	at gypp.run(:com.google.android.gms@260534038@26.05.34 (260800-869443408):5)
03-09 03:26:08.572  2004  3012 E jcvx    : 	at bfom.c(:com.google.android.gms@260534038@26.05.34 (260800-869443408):50)
03-09 03:26:08.572  2004  3012 E jcvx    : 	at bfom.run(:com.google.android.gms@260534038@26.05.34 (260800-869443408):73)
03-09 03:26:08.572  2004  3012 E jcvx    : 	at java.util.concurrent.ThreadPoolExecutor.runWorker(ThreadPoolExecutor.java:1154)
03-09 03:26:08.572  2004  3012 E jcvx    : 	at java.util.concurrent.ThreadPoolExecutor$Worker.run(ThreadPoolExecutor.java:652)
03-09 03:26:08.572  2004  3012 E jcvx    : 	at bfud.run(:com.google.android.gms@260534038@26.05.34 (260800-869443408):8)
03-09 03:26:08.572  2004  3012 E jcvx    : 	at java.lang.Thread.run(Thread.java:1563)
03-09 03:26:11.562  3865  3865 E otonvpn.android: hiddenapi: Accessing hidden method Landroid/security/net/config/RootTrustManager;->checkServerTrusted([Ljava/security/cert/X509Certificate;[B[BLjava/lang/String;Ljava/lang/String;)Ljava/util/List; (runtime_flags=0, domain=platform, api=blocked) from Lcom/appmattus/certificatetransparency/internal/verifier/CertificateTransparencyTrustManagerExtended; (domain=app, TargetSdkVersion=35) using reflection: denied
03-09 03:26:11.563  3865  3865 E otonvpn.android: hiddenapi: Accessing hidden method Landroid/security/net/config/RootTrustManager;->isSameTrustConfiguration(Ljava/lang/String;Ljava/lang/String;)Z (runtime_flags=0, domain=platform, api=max-target-o) from Lcom/appmattus/certificatetransparency/internal/verifier/CertificateTransparencyTrustManagerExtended; (domain=app, TargetSdkVersion=35) using reflection: denied
03-09 03:26:11.656  3697  3974 E YouTube : Could not resolve accountId while getting offline account items
03-09 03:26:11.656  3697  3974 E YouTube : asak: Could not find direct account with account name.
03-09 03:26:11.656  3697  3974 E YouTube : 	at zvl.apply(PG:247)
03-09 03:26:11.656  3697  3974 E YouTube : 	at asrb.apply(PG:17)
03-09 03:26:11.656  3697  3974 E YouTube : 	at atzz.c(PG:3)
03-09 03:26:11.656  3697  3974 E YouTube : 	at auaa.run(PG:47)
03-09 03:26:11.656  3697  3974 E YouTube : 	at sze.run(PG:7)
03-09 03:26:11.656  3697  3974 E YouTube : 	at atvj.run(PG:44)
03-09 03:26:11.656  3697  3974 E YouTube : 	at tla.run(PG:788)
03-09 03:26:11.656  3697  3974 E YouTube : 	at fcv.run(PG:999)
03-09 03:26:11.656  3697  3974 E YouTube : 	at java.lang.Thread.run(Thread.java:1563)
03-09 03:26:11.656  3697  3974 E YouTube : 	at taa.run(PG:61)
03-09 03:26:11.705  3865  4119 E ashmem  : Pinning is deprecated since Android Q. Please use trim or other methods.
03-09 03:26:12.161  2004  4127 E ActivityThread: Failed to find provider info for subscribedfeeds
03-09 03:26:14.223  2004  3012 E constellation: [backup and restore repository] No verification tokens retrieved for key verification_tokens_key
03-09 03:26:14.667  2004  3012 E constellation: [rpc_manager] Sync: failed with status: jcie{code=PERMISSION_DENIED, description=The caller does not have permission, cause=null}
03-09 03:26:14.667  2004  3012 E constellation: Exception: 
03-09 03:26:14.667  2004  3012 E constellation: jcif: PERMISSION_DENIED: The caller does not have permission
03-09 03:26:14.667  2004  3012 E constellation: 	at bfia.r(:com.google.android.gms@260534038@26.05.34 (260800-869443408):31)
03-09 03:26:14.667  2004  3012 E constellation: 	at bfia.f(:com.google.android.gms@260534038@26.05.34 (260800-869443408):90)
03-09 03:26:14.667  2004  3012 E constellation: 	at bgaw.b(:com.google.android.gms@260534038@26.05.34 (260800-869443408):44)
03-09 03:26:14.667  2004  3012 E constellation: 	at bgas.D(:com.google.android.gms@260534038@26.05.34 (260800-869443408):27)
03-09 03:26:14.667  2004  3012 E constellation: 	at bgas.i(:com.google.android.gms@260534038@26.05.34 (260800-869443408):111)
03-09 03:26:14.667  2004  3012 E constellation: 	at bfzl.m(:com.google.android.gms@260534038@26.05.34 (260800-869443408):175)
03-09 03:26:14.667  2004  3012 E constellation: 	at bfzl.q(:com.google.android.gms@260534038@26.05.34 (260800-869443408):490)
03-09 03:26:14.667  2004  3012 E constellation: 	at com.google.android.gms.constellation.EventManager.g(:com.google.android.gms@260534038@26.05.34 (260800-869443408):108)
03-09 03:26:14.667  2004  3012 E constellation: 	at com.google.android.gms.constellation.EventManager.onHandleIntent(:com.google.android.gms@260534038@26.05.34 (260800-869443408):384)
03-09 03:26:14.667  2004  3012 E constellation: 	at com.google.android.chimera.IntentOperation.onHandleIntent(:com.google.android.gms@260534038@26.05.34 (260800-869443408):1)
03-09 03:26:14.667  2004  3012 E constellation: 	at azqh.onHandleIntent(:com.google.android.gms@260534038@26.05.34 (260800-869443408):84)
03-09 03:26:14.667  2004  3012 E constellation: 	at zdd.run(:com.google.android.gms@260534038@26.05.34 (260800-869443408):64)
03-09 03:26:14.667  2004  3012 E constellation: 	at zdc.run(:com.google.android.gms@260534038@26.05.34 (260800-869443408):132)
03-09 03:26:14.667  2004  3012 E constellation: 	at gptf.run(:com.google.android.gms@260534038@26.05.34 (260800-869443408):19)
03-09 03:26:14.667  2004  3012 E constellation: 	at java.util.concurrent.ThreadPoolExecutor.runWorker(ThreadPoolExecutor.java:1154)
03-09 03:26:14.667  2004  3012 E constellation: 	at java.util.concurrent.ThreadPoolExecutor$Worker.run(ThreadPoolExecutor.java:652)
03-09 03:26:14.667  2004  3012 E constellation: 	at java.lang.Thread.run(Thread.java:1563)
03-09 03:26:14.667  2004  3012 E constellation: [verification_manager] Verification failed: 
03-09 03:26:14.667  2004  3012 E constellation: bgtk: sync
03-09 03:26:14.667  2004  3012 E constellation: 	at bgas.B(:com.google.android.gms@260534038@26.05.34 (260800-869443408):49)
03-09 03:26:14.667  2004  3012 E constellation: 	at bgas.i(:com.google.android.gms@260534038@26.05.34 (260800-869443408):441)
03-09 03:26:14.667  2004  3012 E constellation: 	at bfzl.m(:com.google.android.gms@260534038@26.05.34 (260800-869443408):175)
03-09 03:26:14.667  2004  3012 E constellation: 	at bfzl.q(:com.google.android.gms@260534038@26.05.34 (260800-869443408):490)
03-09 03:26:14.667  2004  3012 E constellation: 	at com.google.android.gms.constellation.EventManager.g(:com.google.android.gms@260534038@26.05.34 (260800-869443408):108)
03-09 03:26:14.667  2004  3012 E constellation: 	at com.google.android.gms.constellation.EventManager.onHandleIntent(:com.google.android.gms@260534038@26.05.34 (260800-869443408):384)
03-09 03:26:14.667  2004  3012 E constellation: 	at com.google.android.chimera.IntentOperation.onHandleIntent(:com.google.android.gms@260534038@26.05.34 (260800-869443408):1)
03-09 03:26:14.667  2004  3012 E constellation: 	at azqh.onHandleIntent(:com.google.android.gms@260534038@26.05.34 (260800-869443408):84)
03-09 03:26:14.667  2004  3012 E constellation: 	at zdd.run(:com.google.android.gms@260534038@26.05.34 (260800-869443408):64)
03-09 03:26:14.667  2004  3012 E constellation: 	at zdc.run(:com.google.android.gms@260534038@26.05.34 (260800-869443408):132)
03-09 03:26:14.667  2004  3012 E constellation: 	at gptf.run(:com.google.android.gms@260534038@26.05.34 (260800-869443408):19)
03-09 03:26:14.667  2004  3012 E constellation: 	at java.util.concurrent.ThreadPoolExecutor.runWorker(ThreadPoolExecutor.java:1154)
03-09 03:26:14.667  2004  3012 E constellation: 	at java.util.concurrent.ThreadPoolExecutor$Worker.run(ThreadPoolExecutor.java:652)
03-09 03:26:14.667  2004  3012 E constellation: 	at java.lang.Thread.run(Thread.java:1563)
03-09 03:26:14.683  2004  3012 E constellation: [event_manager] Failed to sync verifications: 
03-09 03:26:14.683  2004  3012 E constellation: bgtk: sync
03-09 03:26:14.683  2004  3012 E constellation: 	at bgas.B(:com.google.android.gms@260534038@26.05.34 (260800-869443408):49)
03-09 03:26:14.683  2004  3012 E constellation: 	at bgas.i(:com.google.android.gms@260534038@26.05.34 (260800-869443408):441)
03-09 03:26:14.683  2004  3012 E constellation: 	at bfzl.m(:com.google.android.gms@260534038@26.05.34 (260800-869443408):175)
03-09 03:26:14.683  2004  3012 E constellation: 	at bfzl.q(:com.google.android.gms@260534038@26.05.34 (260800-869443408):490)
03-09 03:26:14.683  2004  3012 E constellation: 	at com.google.android.gms.constellation.EventManager.g(:com.google.android.gms@260534038@26.05.34 (260800-869443408):108)
03-09 03:26:14.683  2004  3012 E constellation: 	at com.google.android.gms.constellation.EventManager.onHandleIntent(:com.google.android.gms@260534038@26.05.34 (260800-869443408):384)
03-09 03:26:14.683  2004  3012 E constellation: 	at com.google.android.chimera.IntentOperation.onHandleIntent(:com.google.android.gms@260534038@26.05.34 (260800-869443408):1)
03-09 03:26:14.683  2004  3012 E constellation: 	at azqh.onHandleIntent(:com.google.android.gms@260534038@26.05.34 (260800-869443408):84)
03-09 03:26:14.683  2004  3012 E constellation: 	at zdd.run(:com.google.android.gms@260534038@26.05.34 (260800-869443408):64)
03-09 03:26:14.683  2004  3012 E constellation: 	at zdc.run(:com.google.android.gms@260534038@26.05.34 (260800-869443408):132)
03-09 03:26:14.683  2004  3012 E constellation: 	at gptf.run(:com.google.android.gms@260534038@26.05.34 (260800-869443408):19)
03-09 03:26:14.683  2004  3012 E constellation: 	at java.util.concurrent.ThreadPoolExecutor.runWorker(ThreadPoolExecutor.java:1154)
03-09 03:26:14.683  2004  3012 E constellation: 	at java.util.concurrent.ThreadPoolExecutor$Worker.run(ThreadPoolExecutor.java:652)
03-09 03:26:14.683  2004  3012 E constellation: 	at java.lang.Thread.run(Thread.java:1563)
03-09 03:26:14.771  2004  2064 E constellation: [reboot_checker] Couldn't sync with the server due to 
03-09 03:26:14.771  2004  2064 E constellation: bgtk: sync
03-09 03:26:14.771  2004  2064 E constellation: 	at bgas.B(:com.google.android.gms@260534038@26.05.34 (260800-869443408):49)
03-09 03:26:14.771  2004  2064 E constellation: 	at bgas.i(:com.google.android.gms@260534038@26.05.34 (260800-869443408):441)
03-09 03:26:14.771  2004  2064 E constellation: 	at bfzl.m(:com.google.android.gms@260534038@26.05.34 (260800-869443408):175)
03-09 03:26:14.771  2004  2064 E constellation: 	at bfzl.q(:com.google.android.gms@260534038@26.05.34 (260800-869443408):490)
03-09 03:26:14.771  2004  2064 E constellation: 	at com.google.android.gms.constellation.EventManager.g(:com.google.android.gms@260534038@26.05.34 (260800-869443408):108)
03-09 03:26:14.771  2004  2064 E constellation: 	at com.google.android.gms.constellation.EventManager.onHandleIntent(:com.google.android.gms@260534038@26.05.34 (260800-869443408):384)
03-09 03:26:14.771  2004  2064 E constellation: 	at com.google.android.chimera.IntentOperation.onHandleIntent(:com.google.android.gms@260534038@26.05.34 (260800-869443408):1)
03-09 03:26:14.771  2004  2064 E constellation: 	at azqh.onHandleIntent(:com.google.android.gms@260534038@26.05.34 (260800-869443408):84)
03-09 03:26:14.771  2004  2064 E constellation: 	at zdd.run(:com.google.android.gms@260534038@26.05.34 (260800-869443408):64)
03-09 03:26:14.771  2004  2064 E constellation: 	at zdc.run(:com.google.android.gms@260534038@26.05.34 (260800-869443408):132)
03-09 03:26:14.771  2004  2064 E constellation: 	at gptf.run(:com.google.android.gms@260534038@26.05.34 (260800-869443408):19)
