03-09 03:24:20.825  1332  1480 E SatelliteAppTracker: packageName: com.google.android.networkstack.tethering, value: null
03-09 03:24:20.825  1332  1480 E SatelliteAppTracker: packageName: com.google.android.youtube, value: null
03-09 03:24:20.825  1332  1480 E SatelliteAppTracker: packageName: com.google.android.ext.services, value: null
03-09 03:24:20.826  1332  1480 E SatelliteAppTracker: packageName: com.google.android.googlequicksearchbox, value: null
03-09 03:24:20.850  1332  1480 E SatelliteAppTracker: packageName: com.google.android.cellbroadcastservice, value: null
03-09 03:24:20.850  1332  1480 E SatelliteAppTracker: packageName: com.google.android.onetimeinitializer, value: null
03-09 03:24:20.850  1332  1480 E SatelliteAppTracker: packageName: com.google.android.federatedcompute, value: null
03-09 03:24:20.855  1332  1480 E SatelliteAppTracker: packageName: com.google.android.server.deviceconfig.resources, value: null
03-09 03:24:20.855  1332  1480 E SatelliteAppTracker: packageName: com.android.htmlviewer, value: null
03-09 03:24:20.855  1332  1480 E SatelliteAppTracker: packageName: com.google.android.health.connect.backuprestore, value: null
03-09 03:24:20.855  1332  1480 E SatelliteAppTracker: packageName: com.google.android.apps.messaging, value: com.google.android.apps.messaging
03-09 03:24:20.866  1332  1480 E SatelliteAppTracker: packageName: com.google.android.soundpicker, value: null
03-09 03:24:20.866  1332  1480 E SatelliteAppTracker: packageName: com.google.android.configupdater, value: null
03-09 03:24:20.867  1332  1480 E SatelliteAppTracker: packageName: com.google.android.providers.media.module, value: null
03-09 03:24:20.867  1332  1480 E SatelliteAppTracker: packageName: com.google.android.apps.safetyhub, value: com.google.android.apps.safetyhub
03-09 03:24:20.871  1332  1480 E SatelliteAppTracker: packageName: com.google.android.hotspot2.osulogin, value: null
03-09 03:24:20.871  1332  1480 E SatelliteAppTracker: packageName: com.android.vending, value: null
03-09 03:24:20.871  1332  1480 E SatelliteAppTracker: packageName: com.google.android.adservices.api, value: null
03-09 03:24:20.872  1332  1480 E SatelliteAppTracker: packageName: com.google.android.marvin.talkback, value: null
03-09 03:24:20.872  1332  1480 E SatelliteAppTracker: packageName: com.google.android.apps.accessibility.voiceaccess, value: null
03-09 03:24:20.872  1332  1480 E SatelliteAppTracker: packageName: android, value: null
03-09 03:24:20.872  1332  1480 E SatelliteAppTracker: packageName: com.google.android.sdksandbox, value: null
03-09 03:24:20.872  1332  1480 E SatelliteAppTracker: packageName: com.android.nfc, value: null
03-09 03:24:20.872  1332  1480 E SatelliteAppTracker: packageName: com.google.android.deskclock, value: null
03-09 03:24:20.872  1332  1480 E SatelliteAppTracker: packageName: com.google.android.as, value: null
03-09 03:24:20.876  1332  1480 E SatelliteAppTracker: packageName: com.google.android.gm, value: null
03-09 03:24:20.876  1332  1480 E SatelliteAppTracker: packageName: ch.protonvpn.android, value: null
03-09 03:24:20.876  1332  1480 E SatelliteAppTracker: packageName: com.google.android.permissioncontroller, value: null
03-09 03:24:20.876  1332  1480 E SatelliteAppTracker: packageName: com.google.android.bluetooth, value: null
03-09 03:24:20.877  1332  1480 E SatelliteAppTracker: packageName: com.google.android.as.oss, value: null
03-09 03:24:20.882  1332  1480 E SatelliteAppTracker: packageName: com.google.android.apps.wellbeing, value: null
03-09 03:24:20.883  1332  1480 E SatelliteAppTracker: packageName: com.google.android.dialer, value: null
03-09 03:24:20.883  1332  1480 E SatelliteAppTracker: packageName: com.google.android.captiveportallogin, value: null
03-09 03:24:20.883  1332  1480 E SatelliteAppTracker: packageName: com.google.android.appsearch.apk, value: null
03-09 03:24:20.883  1332  1480 E SatelliteAppTracker: packageName: com.google.android.apps.docs, value: null
03-09 03:24:20.883  1332  1480 E SatelliteAppTracker: packageName: com.google.android.apps.maps, value: com.google.android.apps.maps
03-09 03:24:20.885  1332  1480 E SatelliteAppTracker: packageName: com.purescanai.app, value: null
03-09 03:24:20.885  1332  1480 E SatelliteAppTracker: packageName: com.google.android.modulemetadata, value: null
03-09 03:24:20.887  1332  1480 E SatelliteAppTracker: packageName: com.google.android.markup, value: null
03-09 03:24:20.887  1332  1480 E SatelliteAppTracker: packageName: com.google.android.webview, value: null
03-09 03:24:20.887  1332  1480 E SatelliteAppTracker: packageName: com.google.android.networkstack, value: null
03-09 03:24:20.888  1332  1480 E SatelliteAppTracker: packageName: host.exp.exponent, value: null
03-09 03:24:20.889  1332  1480 E SatelliteAppTracker: packageName: com.google.android.rkpdapp, value: null
03-09 03:24:20.892  1332  1480 E SatelliteAppTracker: packageName: com.google.android.contactkeys, value: null
03-09 03:24:20.892  1332  1480 E SatelliteAppTracker: packageName: com.google.android.contacts, value: null
03-09 03:24:20.893  1332  1480 E SatelliteAppTracker: packageName: com.android.chrome, value: null
03-09 03:24:20.893  1332  1480 E SatelliteAppTracker: packageName: com.google.android.gms, value: com.google.android.gms
03-09 03:24:20.903  1332  1480 E SatelliteAppTracker: packageName: com.google.android.gsf, value: null
03-09 03:24:20.903  1332  1480 E SatelliteAppTracker: packageName: com.google.android.nfc, value: null
03-09 03:24:20.903  1332  1480 E SatelliteAppTracker: packageName: com.google.android.tts, value: null
03-09 03:24:20.903  1332  1480 E SatelliteAppTracker: packageName: com.android.calllogbackup, value: null
03-09 03:24:20.903  1332  1480 E SatelliteAppTracker: packageName: com.google.android.partnersetup, value: null
03-09 03:24:20.903  1332  1480 E SatelliteAppTracker: packageName: com.google.android.apps.nexuslauncher, value: null
03-09 03:24:20.907  1332  1480 E SatelliteAppTracker: packageName: com.android.theme.font.notoserifsource, value: null
03-09 03:24:20.907  1332  1480 E SatelliteAppTracker: packageName: com.google.android.safetycenter.resources, value: null
03-09 03:24:20.907  1332  1480 E SatelliteAppTracker: packageName: com.google.android.connectivity.resources, value: null
03-09 03:24:20.907  1332  1480 E SatelliteAppTracker: packageName: com.google.android.apps.photos, value: null
03-09 03:24:20.908  1332  1480 E SatelliteAppTracker: packageName: com.google.android.calendar, value: com.google.android.calendar
03-09 03:24:20.910  1332  1480 E SatelliteAppTracker: packageName: com.android.managedprovisioning, value: null
03-09 03:24:20.910  1332  1480 E SatelliteAppTracker: packageName: com.google.android.documentsui, value: null
03-09 03:24:20.910  1332  1480 E SatelliteAppTracker: packageName: com.google.android.accessibility.switchaccess, value: null
03-09 03:24:20.910  1332  1480 E SatelliteAppTracker: packageName: com.google.mainline.telemetry, value: null
03-09 03:24:20.910  1332  1480 E SatelliteAppTracker: packageName: com.google.mainline.adservices, value: null
03-09 03:24:20.910  1332  1480 E SatelliteAppTracker: packageName: com.android.imsserviceentitlement, value: null
03-09 03:24:20.910  1332  1480 E SatelliteAppTracker: packageName: com.google.android.healthconnect.controller, value: null
03-09 03:24:20.910  1332  1480 E SatelliteAppTracker: packageName: com.google.android.gms.supervision, value: null
03-09 03:24:20.911  1332  1480 E SatelliteAppTracker: packageName: com.google.android.settings.intelligence, value: null
03-09 03:24:20.911  1332  1480 E SatelliteAppTracker: packageName: com.google.android.projection.gearhead, value: null
03-09 03:24:20.919  1332  1480 E SatelliteAppTracker: packageName: com.google.android.safetycore, value: null
03-09 03:24:20.919  1332  1480 E SatelliteAppTracker: packageName: com.google.android.uwb.resources, value: null
03-09 03:24:20.919  1332  1480 E SatelliteAppTracker: packageName: com.google.android.wifi.resources, value: null
03-09 03:24:20.919  1332  1480 E SatelliteAppTracker: packageName: com.google.android.wifi.dialog, value: null
03-09 03:24:20.919  1332  1480 E SatelliteAppTracker: packageName: com.android.wallpaper, value: null
03-09 03:24:20.919  1332  1480 E SatelliteAppTracker: packageName: com.google.android.apps.wallpaper, value: null
03-09 03:24:20.919  1332  1480 E SatelliteAppTracker: packageName: com.android.providers.blockednumber, value: null
03-09 03:24:20.919  1332  1480 E SatelliteAppTracker: packageName: com.android.systemui, value: null
03-09 03:24:20.919  1332  1480 E SatelliteAppTracker: packageName: com.google.android.ondevicepersonalization.services, value: null
03-09 03:24:20.919  1332  1480 E SatelliteAppTracker: packageName: com.google.android.apps.youtube.music, value: null
03-09 03:24:20.919  1332  1480 E SatelliteAppTracker: packageName: com.google.android.cellbroadcastreceiver, value: null
03-09 03:24:20.919  1332  1480 E SatelliteAppTracker: packageName: com.google.android.photopicker, value: null
03-09 03:24:20.920  1332  1480 E SatelliteAppTracker: packageName: com.google.android.inputmethod.latin, value: null
03-09 03:24:20.920  1332  1480 E SatelliteAppTracker: packageName: com.google.android.apps.restore, value: null
03-09 03:24:21.001  1332  1480 E SatelliteController: evaluateEnablingSatelliteForCarrier: phone is null for subId=-1
03-09 03:24:21.087   853  1065 E AppOps  : attributionTag VCN not declared in manifest of android
03-09 03:24:21.147  1168  1168 E UdfpsOverlayInteractor: invalid pixelPitch: -1.0. Pixel pitch must be updated per device.
03-09 03:24:21.552  1168  1616 E ndroid.systemui: Failed to query component interface for required system resources: 6
03-09 03:24:21.574  1168  1614 E ndroid.systemui: Failed to query component interface for required system resources: 6
03-09 03:24:21.601   724  1239 E Codec2-ComponentInterface: We have a failed config
03-09 03:24:21.607   724  1211 E Codec2-ComponentInterface: We have a failed config
03-09 03:24:21.638   302   306 E vold    : Error getting bootctrl v1.0 module.
03-09 03:24:21.638   302   306 E Checkpoint: Failed to get BootControl HAL, not marking slot as successful.
03-09 03:24:21.845   853   890 E TestHarnessModeService: Failed to start Test Harness Mode; no implementation of PersistentDataBlockManagerInternal was bound!
03-09 03:24:22.151   853  1328 E AppOps  : attributionTag VCN not declared in manifest of android
03-09 03:24:22.236   853  1050 E WifiScoringParams: Invalid frequency(-1), using 5G as default rssi array
03-09 03:24:22.347   853   890 E MediaSessionService$NotificationListener: No completion listener supplied for this service!
03-09 03:24:22.393   853   890 E AuthService: No face sensors
03-09 03:24:22.427  1524  1671 E ashmem  : Pinning is deprecated since Android Q. Please use trim or other methods.
03-09 03:24:22.554  1168  1168 E LauncherProxyService: Failed to get launcher proxy for disable flags.
03-09 03:24:22.600   853  1050 E AppOps  : attributionTag UwbCountryCode not declared in manifest of android
03-09 03:24:22.616   853  1148 E uwb     : uwb_uci_jni_rust::helper: Java_com_android_server_uwb_jni_NativeUwbManager_nativeSetCountryCode failed with BadParameters
03-09 03:24:22.632   853   890 E AppOps  : attributionTag UwbCountryCode not declared in manifest of android
03-09 03:24:22.691   853   890 E SensitiveContentProtectionManagerService$NotificationListener: No completion listener supplied for this service!
03-09 03:24:22.761  1168  1687 E ndroid.systemui: Failed to query component interface for required system resources: 6
03-09 03:24:22.832   724  1211 E Codec2-ComponentInterface: We have a failed config
03-09 03:24:22.927  1168  1168 E LauncherProxyService: Failed to get launcher proxy for disable flags.
03-09 03:24:23.782  1332  1332 E SatelliteController: registerForSatelliteModemStateChanged: mSatelliteSessionController is not initialized yet
03-09 03:24:23.794  1332  1332 E SatelliteController: registerForSatelliteModemStateChanged: mSatelliteSessionController is not initialized yet
03-09 03:24:23.802   853   980 E JobScheduler.Quota: <0>com.google.android.inputmethod.latin has 0 EJ quota without running anything
03-09 03:24:23.839  1332  1480 E SatelliteController: registerForSatelliteCommunicationAccessStateChanged: SatelliteManager is null
03-09 03:24:23.847   853   980 E JobScheduler.Quota: <0>com.google.android.inputmethod.latin has 0 EJ quota without running anything
03-09 03:24:23.892   853   980 E JobScheduler.Quota: <0>com.google.android.inputmethod.latin has 0 EJ quota without running anything
03-09 03:24:24.251   853  1065 E AppOps  : attributionTag VCN not declared in manifest of android
03-09 03:24:24.760  1677  1677 E FeatureFlagsImplExport: android.os.flagging.AconfigStorageReadException: ERROR_PACKAGE_NOT_FOUND: package android.xr cannot be found on the device
03-09 03:24:24.811  1761  1761 E dmesgd  : /data/misc/dmesgd/sent_reports.txt is empty: No such file or directory
03-09 03:24:24.896  1677  1765 E ashmem  : Pinning is deprecated since Android Q. Please use trim or other methods.
03-09 03:24:25.191   853  1050 E WifiDataStall: onDataConnectionStateChanged unexpected State: -1
03-09 03:24:25.219   853  1050 E MboOceController: onDataConnectionStateChanged unexpected State: -1
03-09 03:24:25.263   853   880 E AppOps  : attributionTag VCN not declared in manifest of android
03-09 03:24:25.318  1279  1396 E SystemServiceRegistry: No service published for: ethernet
03-09 03:24:25.318  1279  1396 E SystemServiceRegistry: android.os.ServiceManager$ServiceNotFoundException: No service published for: ethernet
03-09 03:24:25.318  1279  1396 E SystemServiceRegistry: 	at android.os.ServiceManager.getServiceOrThrow(ServiceManager.java:203)
03-09 03:24:25.318  1279  1396 E SystemServiceRegistry: 	at android.app.SystemServiceRegistry$156.createService(SystemServiceRegistry.java:2418)
03-09 03:24:25.318  1279  1396 E SystemServiceRegistry: 	at android.app.SystemServiceRegistry$CachedServiceFetcher.getService(SystemServiceRegistry.java:2531)
03-09 03:24:25.318  1279  1396 E SystemServiceRegistry: 	at android.app.SystemServiceRegistry.getSystemService(SystemServiceRegistry.java:2063)
03-09 03:24:25.318  1279  1396 E SystemServiceRegistry: 	at android.app.ContextImpl.getSystemService(ContextImpl.java:2434)
03-09 03:24:25.318  1279  1396 E SystemServiceRegistry: 	at android.content.ContextWrapper.getSystemService(ContextWrapper.java:991)
03-09 03:24:25.318  1279  1396 E SystemServiceRegistry: 	at com.android.networkstack.tethering.Tethering.isEthernetSupported(Tethering.java:1853)
03-09 03:24:25.318  1279  1396 E SystemServiceRegistry: 	at com.android.networkstack.tethering.Tethering.makeSupportedDownstreams(Tethering.java:2834)
03-09 03:24:25.318  1279  1396 E SystemServiceRegistry: 	at com.android.networkstack.tethering.Tethering.updateSupportedDownstreams(Tethering.java:2808)
03-09 03:24:25.318  1279  1396 E SystemServiceRegistry: 	at com.android.networkstack.tethering.Tethering.updateConfiguration(Tethering.java:561)
03-09 03:24:25.318  1279  1396 E SystemServiceRegistry: 	at com.android.networkstack.tethering.Tethering.-$$Nest$mupdateConfiguration(Tethering.java:0)
03-09 03:24:25.318  1279  1396 E SystemServiceRegistry: 	at com.android.networkstack.tethering.Tethering$ActiveDataSubIdListener.onActiveDataSubscriptionIdChanged(Tethering.java:537)
03-09 03:24:25.318  1279  1396 E SystemServiceRegistry: 	at android.telephony.PhoneStateListener$IPhoneStateListenerStub.lambda$onActiveDataSubIdChanged$56(PhoneStateListener.java:1622)
03-09 03:24:25.318  1279  1396 E SystemServiceRegistry: 	at android.telephony.PhoneStateListener$IPhoneStateListenerStub$$ExternalSyntheticLambda15.run(D8$$SyntheticClass:0)
03-09 03:24:25.318  1279  1396 E SystemServiceRegistry: 	at android.os.Handler.handleCallback(Handler.java:1070)
03-09 03:24:25.318  1279  1396 E SystemServiceRegistry: 	at android.os.Handler.dispatchMessage(Handler.java:125)
03-09 03:24:25.318  1279  1396 E SystemServiceRegistry: 	at android.os.Looper.dispatchMessage(Looper.java:333)
03-09 03:24:25.318  1279  1396 E SystemServiceRegistry: 	at android.os.Looper.loopOnce(Looper.java:263)
03-09 03:24:25.318  1279  1396 E SystemServiceRegistry: 	at android.os.Looper.loop(Looper.java:367)
03-09 03:24:25.318  1279  1396 E SystemServiceRegistry: 	at android.os.HandlerThread.run(HandlerThread.java:139)
03-09 03:24:25.458  1168  1410 E NotificationListener: No completion listener supplied for this service!
03-09 03:24:25.472  1649  1649 E ashmem  : Pinning is deprecated since Android Q. Please use trim or other methods.
03-09 03:24:25.493   853   902 E MusicRecognitionManagerPerUserService: Bad service name: com.google.android.googlequicksearchbox/com.google.android.apps.search.soundsearch.service.SoundSearchService
03-09 03:24:25.716   853   902 E WearableSensingManagerPerUserService: Bad service name: com.google.android.glasses.core/com.google.android.projection.core.secure.TrustedAmbientSensingService
03-09 03:24:26.089  1332  1480 E SatelliteModemInterface: requestIsSatelliteSupported: Satellite service is unavailable.
03-09 03:24:26.089  1332  1480 E SatelliteServiceUtils: isSatelliteSupported SatelliteException: android.telephony.satellite.SatelliteManager$SatelliteException
03-09 03:24:26.279  1649  1649 E LibraryModuleRegistry: LibraryModuleRegistry.register():48 Module mobilebert_classifier_android_jni has already been registered to integrated_shared_object
03-09 03:24:26.321   853  1087 E BackupPasswordManager: Unable to read backup pw version
03-09 03:24:26.323   853  1087 E BackupPasswordManager: Unable to read saved backup pw hash
03-09 03:24:26.452   853  1065 E AppOps  : attributionTag VCN not declared in manifest of android
03-09 03:24:26.583   853   960 E AppOps  : attributionTag VCN not declared in manifest of android
03-09 03:24:26.932   853  1822 E system_server: No package ID 7f found for resource ID 0x7f0803f0.
03-09 03:24:26.932   853  1822 E system_server: No package ID 7f found for resource ID 0x7f141d84.
03-09 03:24:26.942   853  1822 E system_server: No package ID 7f found for resource ID 0x7f0803ef.
03-09 03:24:26.942   853  1822 E system_server: No package ID 7f found for resource ID 0x7f05006a.
03-09 03:24:26.942   853  1822 E system_server: No package ID 7f found for resource ID 0x7f14092a.
03-09 03:24:26.943   853  1822 E ShortcutService: Ignoring excessive intent tag.
03-09 03:24:26.943   853  1822 E system_server: No package ID 7f found for resource ID 0x7f0803ee.
03-09 03:24:26.943   853  1822 E system_server: No package ID 7f found for resource ID 0x7f141384.
03-09 03:24:27.674   853  1822 E system_server: No package ID 7f found for resource ID 0x7f0801ea.
03-09 03:24:27.675   853  1822 E system_server: No package ID 7f found for resource ID 0x7f14047c.
03-09 03:24:27.675   853  1822 E system_server: No package ID 7f found for resource ID 0x7f14047d.
03-09 03:24:28.751  1780  1780 E ashmem  : Pinning is deprecated since Android Q. Please use trim or other methods.
03-09 03:24:28.781  1332  1332 E SatelliteController: registerForSatelliteModemStateChanged: mSatelliteSessionController is not initialized yet
03-09 03:24:28.860  1332  1332 E SatelliteController: registerForSatelliteModemStateChanged: mSatelliteSessionController is not initialized yet
03-09 03:24:29.023   719   762 E OmxInfoBuilder: Cannot find an IOmxStore service.
03-09 03:24:29.060  1816  1917 E ashmem  : Pinning is deprecated since Android Q. Please use trim or other methods.
03-09 03:24:29.132  1805  1805 E ashmem  : Pinning is deprecated since Android Q. Please use trim or other methods.
03-09 03:24:29.255   853  1822 E system_server: No package ID 7f found for resource ID 0x7f09073b.
03-09 03:24:29.255   853  1822 E system_server: No package ID 7f found for resource ID 0x7f140aa0.
03-09 03:24:29.256   853  1822 E system_server: No package ID 7f found for resource ID 0x7f09073a.
03-09 03:24:29.256   853  1822 E system_server: No package ID 7f found for resource ID 0x7f1401c9.
03-09 03:24:29.256   853  1822 E system_server: No package ID 7f found for resource ID 0x7f140a9e.
03-09 03:24:29.256   853  1822 E system_server: No package ID 7f found for resource ID 0x7f1406bd.
03-09 03:24:29.282   853  1822 E ShortcutService: Ignoring excessive intent tag.
03-09 03:24:29.311  1332  1480 E SatelliteModemInterface: requestIsSatelliteSupported: Satellite service is unavailable.
03-09 03:24:29.312  1332  1480 E SatelliteServiceUtils: isSatelliteSupported SatelliteException: android.telephony.satellite.SatelliteManager$SatelliteException
03-09 03:24:29.330  1332  1480 E SatelliteController: registerForSatelliteCommunicationAccessStateChanged: SatelliteManager is null
03-09 03:24:29.331  1649  1649 E GoogleInputMethodService: GoogleInputMethodService.getAppEditorInfo():1891 App EditorInfo should never be null.
03-09 03:24:29.416   853  1928 E TaskPersister: File error accessing recents directory (directory doesn't exist?).
03-09 03:24:29.523   853  1822 E system_server: No package ID 7f found for resource ID 0x7f080231.
03-09 03:24:29.524   853  1822 E system_server: No package ID 7f found for resource ID 0x7f1507a8.
03-09 03:24:29.858   853  1822 E system_server: No package ID 7f found for resource ID 0x7f080768.
03-09 03:24:29.858   853  1822 E system_server: No package ID 7f found for resource ID 0x7f140d47.
03-09 03:24:29.859   853  1822 E system_server: No package ID 7f found for resource ID 0x7f0807f4.
03-09 03:24:29.859   853  1822 E system_server: No package ID 7f found for resource ID 0x7f1421c1.
03-09 03:24:30.072   853  1822 E system_server: No package ID 7f found for resource ID 0x7f080463.
03-09 03:24:30.073   853  1822 E system_server: No package ID 7f found for resource ID 0x7f140b4d.
03-09 03:24:30.073   853  1822 E system_server: No package ID 7f found for resource ID 0x7f140b4d.
03-09 03:24:30.079   853  1822 E system_server: No package ID 7f found for resource ID 0x7f08045f.
03-09 03:24:30.080   853  1822 E system_server: No package ID 7f found for resource ID 0x7f140b4b.
03-09 03:24:30.080   853  1822 E system_server: No package ID 7f found for resource ID 0x7f140b4b.
03-09 03:24:30.080   853  1822 E system_server: No package ID 7f found for resource ID 0x7f080461.
03-09 03:24:30.080   853  1822 E system_server: No package ID 7f found for resource ID 0x7f140b4c.
03-09 03:24:30.080   853  1822 E system_server: No package ID 7f found for resource ID 0x7f140b4c.
03-09 03:24:30.080   853  1822 E ShortcutService: Ignoring excessive intent tag.
03-09 03:24:30.106  1168  1168 E LauncherProxyService: Failed to get launcher proxy for disable flags.
03-09 03:24:30.324   853  1065 E AppOps  : attributionTag VCN not declared in manifest of android
03-09 03:24:30.382  1279  1435 E IpClient.wlan0: ERROR [Non-HAL API] Cannot get APF capabilities: : getApfCapabilities failed: ENOSYS (Function not implemented)
03-09 03:24:30.382  1279  1435 E IpClient.wlan0: android.system.ErrnoException: getApfCapabilities failed: ENOSYS (Function not implemented)
03-09 03:24:30.382  1279  1435 E IpClient.wlan0: 	at com.android.networkstack.util.NetworkStackUtils.getApfCapabilities(Native Method)
03-09 03:24:30.382  1279  1435 E IpClient.wlan0: 	at com.android.networkstack.android.net.ip.IpClient$Dependencies.getApfCapabilities(IpClient.java:1092)
03-09 03:24:30.382  1279  1435 E IpClient.wlan0: 	at com.android.networkstack.android.net.ip.IpClient.maybeCreateApfFilter(IpClient.java:2959)
03-09 03:24:30.382  1279  1435 E IpClient.wlan0: 	at com.android.networkstack.android.net.ip.IpClient.-$$Nest$mmaybeCreateApfFilter(IpClient.java:0)
03-09 03:24:30.382  1279  1435 E IpClient.wlan0: 	at com.android.networkstack.android.net.ip.IpClient$RunningState.enter(IpClient.java:3613)
03-09 03:24:30.382  1279  1435 E IpClient.wlan0: 	at com.android.networkstack.com.android.internal.util.StateMachine$SmHandler.invokeEnterMethods(StateMachine.java:1048)
03-09 03:24:30.382  1279  1435 E IpClient.wlan0: 	at com.android.networkstack.com.android.internal.util.StateMachine$SmHandler.performTransitions(StateMachine.java:889)
03-09 03:24:30.382  1279  1435 E IpClient.wlan0: 	at com.android.networkstack.com.android.internal.util.StateMachine$SmHandler.handleMessage(StateMachine.java:829)
03-09 03:24:30.382  1279  1435 E IpClient.wlan0: 	at android.os.Handler.dispatchMessage(Handler.java:132)
03-09 03:24:30.382  1279  1435 E IpClient.wlan0: 	at android.os.Looper.dispatchMessage(Looper.java:333)
03-09 03:24:30.382  1279  1435 E IpClient.wlan0: 	at android.os.Looper.loopOnce(Looper.java:263)
03-09 03:24:30.382  1279  1435 E IpClient.wlan0: 	at android.os.Looper.loop(Looper.java:367)
03-09 03:24:30.382  1279  1435 E IpClient.wlan0: 	at android.os.HandlerThread.run(HandlerThread.java:139)
03-09 03:24:30.456   853  1945 E DataManager$NotificationListener: No completion listener supplied for this service!
03-09 03:24:30.582  1649  1649 E GoogleInputMethodService: GoogleInputMethodService.getAppEditorInfo():1891 App EditorInfo should never be null.
03-09 03:24:30.691   853  1837 E AppSearchManagerService: Unable to schedule fully persist job for 0
03-09 03:24:30.691   853  1837 E AppSearchManagerService: java.lang.IllegalArgumentException: Tried to schedule job for non-existent component: ComponentInfo{android/com.android.server.appsearch.AppSearchMaintenanceService}
03-09 03:24:30.691   853  1837 E AppSearchManagerService: 	at com.android.server.job.JobSchedulerService$JobSchedulerStub.enforceValidJobRequest(JobSchedulerService.java:4841)
03-09 03:24:30.691   853  1837 E AppSearchManagerService: 	at com.android.server.job.JobSchedulerService$JobSchedulerStub.schedule(JobSchedulerService.java:5054)
03-09 03:24:30.691   853  1837 E AppSearchManagerService: 	at android.app.JobSchedulerImpl.schedule(JobSchedulerImpl.java:89)
03-09 03:24:30.691   853  1837 E AppSearchManagerService: 	at com.android.server.appsearch.AppSearchMaintenanceService.scheduleFullyPersistJob(go/retraceme 4fda92c43ce3e91e6bb210dc5d8b2bcfbc4b6e01f8206957815ae97e857aa088:64)
03-09 03:24:30.691   853  1837 E AppSearchManagerService: 	at com.android.server.appsearch.AppSearchManagerService.lambda$onUserUnlocking$3(go/retraceme 4fda92c43ce3e91e6bb210dc5d8b2bcfbc4b6e01f8206957815ae97e857aa088:177)
03-09 03:24:30.691   853  1837 E AppSearchManagerService: 	at com.android.server.appsearch.AppSearchManagerService.$r8$lambda$hEanuvrxCFVa0bWFETb2los16M0(go/retraceme 4fda92c43ce3e91e6bb210dc5d8b2bcfbc4b6e01f8206957815ae97e857aa088:1)
03-09 03:24:30.691   853  1837 E AppSearchManagerService: 	at com.android.server.appsearch.AppSearchManagerService$$ExternalSyntheticLambda5.run(go/retraceme 4fda92c43ce3e91e6bb210dc5d8b2bcfbc4b6e01f8206957815ae97e857aa088:14)
03-09 03:24:30.691   853  1837 E AppSearchManagerService: 	at java.util.concurrent.ThreadPoolExecutor.runWorker(ThreadPoolExecutor.java:1154)
03-09 03:24:30.691   853  1837 E AppSearchManagerService: 	at java.util.concurrent.ThreadPoolExecutor$Worker.run(ThreadPoolExecutor.java:652)
03-09 03:24:30.691   853  1837 E AppSearchManagerService: 	at java.lang.Thread.run(Thread.java:1563)
03-09 03:24:30.814   853  1822 E system_server: No package ID 7f found for resource ID 0x7f0803af.
03-09 03:24:30.814   853  1822 E system_server: No package ID 7f found for resource ID 0x7f14043a.
03-09 03:24:30.814   853  1822 E system_server: No package ID 7f found for resource ID 0x7f140439.
03-09 03:24:31.587   853  1822 E system_server: No package ID 7f found for resource ID 0x7f080757.
03-09 03:24:31.587   853  1822 E system_server: No package ID 7f found for resource ID 0x7f150aef.
03-09 03:24:31.957   853  1050 E WifiStaIfaceAidlImpl: setDtimMultiplier failed with service-specific exception: android.os.ServiceSpecificException:  (code 4)
03-09 03:24:32.418   585   653 E netd    : Error adding route ::/0 -> fe80::2 wlan0 to table 1016: File exists
03-09 03:24:32.524   853  1050 E WifiStaIfaceAidlImpl: setDtimMultiplier failed with service-specific exception: android.os.ServiceSpecificException:  (code 4)
03-09 03:24:32.535   853  1822 E system_server: No package ID 7f found for resource ID 0x7f0804cc.
03-09 03:24:32.535   853  1822 E system_server: No package ID 7f found for resource ID 0x7f140bf4.
03-09 03:24:32.551  1780  1940 E FuseDaemon: Leveldb setup is missing for: internal
03-09 03:24:32.579   853   853 E SystemServiceRegistry: No service published for: face
03-09 03:24:32.579   853   853 E SystemServiceRegistry: android.os.ServiceManager$ServiceNotFoundException: No service published for: face
03-09 03:24:32.579   853   853 E SystemServiceRegistry: 	at android.os.ServiceManager.getServiceOrThrow(ServiceManager.java:203)
03-09 03:24:32.579   853   853 E SystemServiceRegistry: 	at android.app.SystemServiceRegistry$76.createService(SystemServiceRegistry.java:1089)
03-09 03:24:32.579   853   853 E SystemServiceRegistry: 	at android.app.SystemServiceRegistry$76.createService(SystemServiceRegistry.java:1083)
03-09 03:24:32.579   853   853 E SystemServiceRegistry: 	at android.app.SystemServiceRegistry$CachedServiceFetcher.getService(SystemServiceRegistry.java:2531)
03-09 03:24:32.579   853   853 E SystemServiceRegistry: 	at android.app.SystemServiceRegistry.getSystemService(SystemServiceRegistry.java:2063)
03-09 03:24:32.579   853   853 E SystemServiceRegistry: 	at android.app.ContextImpl.getSystemService(ContextImpl.java:2434)
03-09 03:24:32.579   853   853 E SystemServiceRegistry: 	at android.content.Context.getSystemService(Context.java:4901)
03-09 03:24:32.579   853   853 E SystemServiceRegistry: 	at com.android.server.biometrics.AuthenticationStatsCollector.<init>(AuthenticationStatsCollector.java:119)
03-09 03:24:32.579   853   853 E SystemServiceRegistry: 	at com.android.server.biometrics.AuthenticationStatsBroadcastReceiver.onReceive(AuthenticationStatsBroadcastReceiver.java:66)
03-09 03:24:32.579   853   853 E SystemServiceRegistry: 	at android.app.LoadedApk$ReceiverDispatcher$Args.lambda$getRunnable$0(LoadedApk.java:1931)
03-09 03:24:32.579   853   853 E SystemServiceRegistry: 	at android.app.LoadedApk$ReceiverDispatcher$Args.$r8$lambda$mcNAAl1SQ4MyJPyDg8TJ2x2h0Rk(Unknown Source:0)
03-09 03:24:32.579   853   853 E SystemServiceRegistry: 	at android.app.LoadedApk$ReceiverDispatcher$Args$$ExternalSyntheticLambda0.run(D8$$SyntheticClass:0)
03-09 03:24:32.579   853   853 E SystemServiceRegistry: 	at android.os.Handler.handleCallback(Handler.java:1070)
03-09 03:24:32.579   853   853 E SystemServiceRegistry: 	at android.os.Handler.dispatchMessage(Handler.java:125)
03-09 03:24:32.579   853   853 E SystemServiceRegistry: 	at android.os.Looper.dispatchMessage(Looper.java:333)
03-09 03:24:32.579   853   853 E SystemServiceRegistry: 	at android.os.Looper.loopOnce(Looper.java:263)
03-09 03:24:32.579   853   853 E SystemServiceRegistry: 	at android.os.Looper.loop(Looper.java:367)
03-09 03:24:32.579   853   853 E SystemServiceRegistry: 	at com.android.server.SystemServer.run(SystemServer.java:1081)
03-09 03:24:32.579   853   853 E SystemServiceRegistry: 	at com.android.server.SystemServer.main(SystemServer.java:711)
03-09 03:24:32.579   853   853 E SystemServiceRegistry: 	at java.lang.reflect.Method.invoke(Native Method)
03-09 03:24:32.579   853   853 E SystemServiceRegistry: 	at com.android.internal.os.RuntimeInit$MethodAndArgsCaller.run(RuntimeInit.java:566)
03-09 03:24:32.579   853   853 E SystemServiceRegistry: 	at com.android.internal.os.ZygoteInit.main(ZygoteInit.java:907)
03-09 03:24:32.579   853   853 E SystemServiceRegistry: Manager wrapper not available: face
03-09 03:24:32.604  1941  1941 E ashmem  : Pinning is deprecated since Android Q. Please use trim or other methods.
03-09 03:24:32.642   853  1006 E InputDispatcher: channel '[Gesture Monitor] swipe-up' ~ Channel is unrecoverably broken and will be disposed!
03-09 03:24:32.671  1780  1940 E FuseDaemon: Leveldb setup is missing for: external_primary
03-09 03:24:32.881  1332  1480 E SatelliteController: registerForSatelliteCommunicationAccessStateChanged: SatelliteManager is null
03-09 03:24:32.931  1780  1940 E FuseDaemon: Leveldb setup is missing for: ownership
03-09 03:24:33.051  1780  2039 E FuseDaemon: Failed to query component interface for required system resources: 6
03-09 03:24:33.080   853  1822 E system_server: No package ID 7f found for resource ID 0x7f0805ab.
03-09 03:24:33.080   853  1822 E system_server: No package ID 7f found for resource ID 0x7f1512ca.
03-09 03:24:33.080   853  1822 E system_server: No package ID 7f found for resource ID 0x7f1512ca.
03-09 03:24:33.081   853  1822 E system_server: No package ID 7f found for resource ID 0x7f1512c8.
03-09 03:24:33.480   853  1822 E system_server: No package ID 7f found for resource ID 0x7f080eeb.
03-09 03:24:33.483   853  1822 E system_server: No package ID 7f found for resource ID 0x7f152488.
03-09 03:24:33.487   853  1822 E system_server: No package ID 7f found for resource ID 0x7f080ef3.
03-09 03:24:33.491   853  1822 E system_server: No package ID 7f found for resource ID 0x7f152489.
03-09 03:24:33.679  1780  1940 E FuseDaemon: Leveldb setup is missing for: 0000-0000
03-09 03:24:33.831  1332  1332 E SatelliteController: registerForSatelliteModemStateChanged: mSatelliteSessionController is not initialized yet
03-09 03:24:33.992   853  1822 E system_server: No package ID 7f found for resource ID 0x7f08061a.
03-09 03:24:33.993   853  1822 E system_server: No package ID 7f found for resource ID 0x7f140cac.
03-09 03:24:33.997   853  1822 E system_server: No package ID 7f found for resource ID 0x7f080618.
03-09 03:24:34.024   853  1822 E system_server: No package ID 7f found for resource ID 0x7f140c65.
03-09 03:24:34.032   853  1822 E system_server: No package ID 7f found for resource ID 0x7f08061c.
03-09 03:24:34.046   853  1822 E system_server: No package ID 7f found for resource ID 0x7f140dfe.
03-09 03:24:34.067   853  1050 E WifiStaIfaceAidlImpl: setRoamingMode failed with service-specific exception: android.os.ServiceSpecificException:  (code 4)
03-09 03:24:34.068   853  1050 E WifiRoamingModeManager: Failed to set roaming mode due to unknown error.
03-09 03:24:34.247   585   636 E NetlinkEvent: NetlinkEvent::FindParam(): Parameter 'INTERFACE' not found
03-09 03:24:34.247   585   636 E NetlinkEvent: NetlinkEvent::FindParam(): Parameter 'STATE' not found
03-09 03:24:34.247   585   636 E NetlinkEvent: NetlinkEvent::FindParam(): Parameter 'TIME_NS' not found
03-09 03:24:34.248   585   636 E NetlinkEvent: NetlinkEvent::FindParam(): Parameter 'UID' not found
03-09 03:24:34.451   853  1050 E WifiStaIfaceAidlImpl: stopRssiMonitoring failed with service-specific exception: android.os.ServiceSpecificException:  (code 5)
03-09 03:24:35.732  2004  2023 E ashmem  : Pinning is deprecated since Android Q. Please use trim or other methods.
03-09 03:24:36.067  1332  1480 E SatelliteController: registerForSatelliteCommunicationAccessStateChanged: SatelliteManager is null
03-09 03:24:36.271   853  2154 E GnssPsdsDownloader: No Long-Term PSDS servers were specified in the GnssConfiguration
03-09 03:24:36.888   853  1328 E AppOps  : Bad call made by uid 1001. Package "com.android.phone" does not belong to uid 10155.
03-09 03:24:36.892   853  1328 E AppOps  : Cannot getAppOpMode
03-09 03:24:36.892   853  1328 E AppOps  : java.lang.SecurityException: Specified package "com.android.phone" under uid 10155 but it is not
03-09 03:24:36.892   853  1328 E AppOps  : 	at com.android.server.appop.AppOpsService.verifyAndGetBypass(AppOpsService.java:5033)
03-09 03:24:36.892   853  1328 E AppOps  : 	at com.android.server.appop.AppOpsService.verifyAndGetBypass(AppOpsService.java:4894)
03-09 03:24:36.892   853  1328 E AppOps  : 	at com.android.server.appop.AppOpsService.verifyAndGetBypass(AppOpsService.java:4886)
03-09 03:24:36.892   853  1328 E AppOps  : 	at com.android.server.appop.AppOpsService.getAppOpMode(AppOpsService.java:3106)
03-09 03:24:36.892   853  1328 E AppOps  : 	at com.android.server.appop.AppOpsService.checkOperationImpl(AppOpsService.java:3021)
03-09 03:24:36.892   853  1328 E AppOps  : 	at com.android.server.appop.AppOpsService.-$$Nest$mcheckOperationImpl(AppOpsService.java:0)
03-09 03:24:36.892   853  1328 E AppOps  : 	at com.android.server.appop.AppOpsService$CheckOpsDelegateDispatcher.$r8$lambda$p7Z0eGBUU1-Gt7vHG9S-93UhGlY(AppOpsService.java:0)
03-09 03:24:36.892   853  1328 E AppOps  : 	at com.android.server.appop.AppOpsService$CheckOpsDelegateDispatcher$$ExternalSyntheticLambda9.apply(R8$$SyntheticClass:0)
03-09 03:24:36.892   853  1328 E AppOps  : 	at com.android.server.policy.AppOpsPolicy.checkOperation(AppOpsPolicy.java:237)
03-09 03:24:36.892   853  1328 E AppOps  : 	at com.android.server.appop.AppOpsService$CheckOpsDelegateDispatcher.checkOperation(AppOpsService.java:7870)
03-09 03:24:36.892   853  1328 E AppOps  : 	at com.android.server.appop.AppOpsService.checkOperationRawForDevice(AppOpsService.java:2961)
03-09 03:24:36.892   853  1328 E AppOps  : 	at com.android.internal.app.IAppOpsService$Stub.onTransact(IAppOpsService.java:1300)
03-09 03:24:36.892   853  1328 E AppOps  : 	at android.os.Binder.execTransactInternal(Binder.java:1473)
03-09 03:24:36.892   853  1328 E AppOps  : 	at android.os.Binder.execTransact(Binder.java:1418)
03-09 03:24:36.947   853  1745 E AppOps  : Bad call made by uid 1001. Package "com.android.phone" does not belong to uid 10155.
03-09 03:24:36.951   853  1745 E AppOps  : Cannot noteOperation
03-09 03:24:36.951   853  1745 E AppOps  : java.lang.SecurityException: Specified package "com.android.phone" under uid 10155 but it is not
03-09 03:24:36.951   853  1745 E AppOps  : 	at com.android.server.appop.AppOpsService.verifyAndGetBypass(AppOpsService.java:5033)
03-09 03:24:36.951   853  1745 E AppOps  : 	at com.android.server.appop.AppOpsService.verifyAndGetBypass(AppOpsService.java:4894)
03-09 03:24:36.951   853  1745 E AppOps  : 	at com.android.server.appop.AppOpsService.noteOperationUnchecked(AppOpsService.java:3409)
03-09 03:24:36.951   853  1745 E AppOps  : 	at com.android.server.appop.AppOpsService.noteOperationImpl(AppOpsService.java:3396)
03-09 03:24:36.951   853  1745 E AppOps  : 	at com.android.server.appop.AppOpsService.-$$Nest$mnoteOperationImpl(AppOpsService.java:0)
03-09 03:24:36.951   853  1745 E AppOps  : 	at com.android.server.appop.AppOpsService$CheckOpsDelegateDispatcher.$r8$lambda$eTKLGbByFLiOzK62QHhpSvtx4do(AppOpsService.java:0)
03-09 03:24:36.951   853  1745 E AppOps  : 	at com.android.server.appop.AppOpsService$CheckOpsDelegateDispatcher$$ExternalSyntheticLambda5.apply(R8$$SyntheticClass:0)
03-09 03:24:36.951   853  1745 E AppOps  : 	at com.android.server.policy.AppOpsPolicy.noteOperation(AppOpsPolicy.java:254)
03-09 03:24:36.951   853  1745 E AppOps  : 	at com.android.server.appop.AppOpsService$CheckOpsDelegateDispatcher.noteOperation(AppOpsService.java:7918)
03-09 03:24:36.951   853  1745 E AppOps  : 	at com.android.server.appop.AppOpsService.noteOperation(AppOpsService.java:3343)
03-09 03:24:36.951   853  1745 E AppOps  : 	at com.android.internal.app.IAppOpsService$Stub.onTransact(IAppOpsService.java:585)
03-09 03:24:36.951   853  1745 E AppOps  : 	at android.os.Binder.execTransactInternal(Binder.java:1473)
03-09 03:24:36.951   853  1745 E AppOps  : 	at android.os.Binder.execTransact(Binder.java:1418)
03-09 03:24:37.271  1895  2179 E MultiDisplayService: invalid parameters for add/modify display
03-09 03:24:39.157   853   980 E JobScheduler.Quota: <0>com.google.android.inputmethod.latin has 0 EJ quota without running anything
03-09 03:24:39.256  1649  2202 E MDDTaskScheduler: MDDTaskScheduler.scheduleDownload():191 work Data {charging : false, mdd_task_tag : download, network : false} scheduled
03-09 03:24:39.290  1340  1358 E NexusCSStateManager: Failed to fetch from AppSearch
03-09 03:24:39.290  1340  1358 E NexusCSStateManager: java.util.NoSuchElementException: No value present
03-09 03:24:39.290  1340  1358 E NexusCSStateManager: 	at java.util.Optional.get(Optional.java:143)
03-09 03:24:39.290  1340  1358 E NexusCSStateManager: 	at b6.l.onResult(go/retraceme f3a19d912c87c27267cfbc05ba0bc7b202ab72a6648bd76225f5f7e128d94583:37)
03-09 03:24:39.290  1340  1358 E NexusCSStateManager: 	at android.app.appsearch.SearchSessionUtil$1.lambda$onResult$0(go/retraceme 4f0c6d97fedfeb188facdc8d348fad8754c0a85bd85de08d3c018e31b5aefe51:144)
03-09 03:24:39.290  1340  1358 E NexusCSStateManager: 	at android.app.appsearch.SearchSessionUtil$1.$r8$lambda$CEk3q8sDAQVhU3rQwVueB8FAj_M(go/retraceme 4f0c6d97fedfeb188facdc8d348fad8754c0a85bd85de08d3c018e31b5aefe51:1)
03-09 03:24:39.290  1340  1358 E NexusCSStateManager: 	at android.app.appsearch.SearchSessionUtil$1$$ExternalSyntheticLambda0.run(go/retraceme 4f0c6d97fedfeb188facdc8d348fad8754c0a85bd85de08d3c018e31b5aefe51:22)
03-09 03:24:39.290  1340  1358 E NexusCSStateManager: 	at androidx.profileinstaller.ProfileInstallReceiver$$ExternalSyntheticLambda0.execute(go/retraceme f3a19d912c87c27267cfbc05ba0bc7b202ab72a6648bd76225f5f7e128d94583:1)
03-09 03:24:39.290  1340  1358 E NexusCSStateManager: 	at android.app.appsearch.SearchSessionUtil.safeExecute(go/retraceme 4f0c6d97fedfeb188facdc8d348fad8754c0a85bd85de08d3c018e31b5aefe51:4)
03-09 03:24:39.290  1340  1358 E NexusCSStateManager: 	at android.app.appsearch.SearchSessionUtil$1.onResult(go/retraceme 4f0c6d97fedfeb188facdc8d348fad8754c0a85bd85de08d3c018e31b5aefe51:18)
03-09 03:24:39.290  1340  1358 E NexusCSStateManager: 	at android.app.appsearch.aidl.IAppSearchBatchResultCallback$Stub.onTransact(go/retraceme 4f0c6d97fedfeb188facdc8d348fad8754c0a85bd85de08d3c018e31b5aefe51:59)
03-09 03:24:39.290  1340  1358 E NexusCSStateManager: 	at android.os.Binder.execTransactInternal(Binder.java:1478)
03-09 03:24:39.290  1340  1358 E NexusCSStateManager: 	at android.os.Binder.execTransact(Binder.java:1418)
03-09 03:24:39.686   853  1158 E SyncManager: Couldn't find backoff values for Account {name=xxxxxxxxxx@xxxxx.xxx, type=com.google}/subscribedfeeds:u0
03-09 03:24:39.858   853   887 E libbinder.Parcel: Reading a NULL string not supported here.
03-09 03:24:39.898   853   887 E ARProxy : Unknown descriptor: 
03-09 03:24:40.032  1792  2168 E ashmem  : Pinning is deprecated since Android Q. Please use trim or other methods.
03-09 03:24:40.094  2068  2238 E ashmem  : Pinning is deprecated since Android Q. Please use trim or other methods.
03-09 03:24:40.273  1649  1836 E HandwritingSuperpacksUtil: HandwritingSuperpacksUtil.getPackMappingPackName():42 No pack mapping pack found in []
03-09 03:24:40.294  1649  2202 E MDDTaskScheduler: MDDTaskScheduler.scheduleDownload():191 work Data {charging : false, mdd_task_tag : download, network : false} scheduled
03-09 03:24:40.314  1649  1836 E HandwritingSuperpacksUtil: HandwritingSuperpacksUtil.getPackMappingPackName():42 No pack mapping pack found in []
03-09 03:24:40.396  1649  1878 E HandwritingSuperpacksUtil: HandwritingSuperpacksUtil.getPackMappingPackName():42 No pack mapping pack found in []
03-09 03:24:40.412  1340  1340 E RecyclerView: Cannot scroll to position a LayoutManager set. Call setLayoutManager with a non-null argument.
03-09 03:24:40.420  1340  1340 E RecyclerView: Cannot scroll to position a LayoutManager set. Call setLayoutManager with a non-null argument.
03-09 03:24:41.557   853  1745 E JobScheduler.JobStatus: App com.google.android.inputmethod.latin became active but still in NEVER bucket
03-09 03:24:41.811  1805  1994 E Ambient : Installed publisher verification failed
03-09 03:24:41.812  1805  1994 E Ambient : Installed publisher verification failed
03-09 03:24:42.005  1805  1815 E AiAiNotificationAssistantService: No completion listener supplied for this service!
03-09 03:24:42.098   853  1260 E JobScheduler.JobStatus: App com.google.android.inputmethod.latin became active but still in NEVER bucket
03-09 03:24:42.112   853  2044 E JobScheduler.JobStatus: App com.google.android.inputmethod.latin became active but still in NEVER bucket
03-09 03:24:42.251   853  2044 E JobScheduler.JobStatus: App com.google.android.inputmethod.latin became active but still in NEVER bucket
03-09 03:24:42.443   853  1902 E JobScheduler.JobStatus: App com.google.android.inputmethod.latin became active but still in NEVER bucket
03-09 03:24:42.521   853  1884 E JobScheduler.JobStatus: App com.google.android.inputmethod.latin became active but still in NEVER bucket
03-09 03:24:42.534   853  1901 E JobScheduler.JobStatus: App com.google.android.inputmethod.latin became active but still in NEVER bucket
03-09 03:24:42.592   853  2047 E JobScheduler.JobStatus: App com.google.android.inputmethod.latin became active but still in NEVER bucket
03-09 03:24:42.753   853  1903 E JobScheduler.JobStatus: App com.google.android.inputmethod.latin became active but still in NEVER bucket
03-09 03:24:42.838   853  2047 E JobScheduler.JobStatus: App com.google.android.inputmethod.latin became active but still in NEVER bucket
03-09 03:24:43.041  2275  2320 E ashmem  : Pinning is deprecated since Android Q. Please use trim or other methods.
03-09 03:24:43.109   853  1903 E JobScheduler.JobStatus: App com.google.android.inputmethod.latin became active but still in NEVER bucket
03-09 03:24:43.127   853   961 E JobScheduler.JobStatus: App com.google.android.inputmethod.latin became active but still in NEVER bucket
03-09 03:24:43.230   853   961 E JobScheduler.JobStatus: App com.google.android.inputmethod.latin became active but still in NEVER bucket
03-09 03:24:43.289   853  1880 E JobScheduler.JobStatus: App com.google.android.inputmethod.latin became active but still in NEVER bucket
03-09 03:24:43.677  1340  1340 E CannedAnimCoordinator: Trying to play two animations together, k6.t@5cb7774 and null
03-09 03:24:43.683  1332  1480 E SatelliteModemInterface: requestIsSatelliteSupported: Satellite service is unavailable.
03-09 03:24:43.683  1332  1480 E SatelliteServiceUtils: isSatelliteSupported SatelliteException: android.telephony.satellite.SatelliteManager$SatelliteException
03-09 03:24:43.706  1332  1332 E SmsApplication: com.google.android.apps.messaging lost android:read_cell_broadcasts:  (fixing)
03-09 03:24:43.796  1524  2239 E PeriodStatsTracker: Reference counting corrupted in usage statistics.
03-09 03:24:43.820   853  2044 E JobScheduler.JobStatus: App com.google.android.inputmethod.latin became active but still in NEVER bucket
03-09 03:24:43.951   853  1241 E JobScheduler.JobStatus: App com.google.android.inputmethod.latin became active but still in NEVER bucket
03-09 03:24:44.113  1332  1556 E SmsApplication: com.google.android.apps.messaging lost android:read_cell_broadcasts:  (fixing)
03-09 03:24:44.271   853  1901 E JobScheduler.JobStatus: App com.google.android.inputmethod.latin became active but still in NEVER bucket
03-09 03:24:44.667  1279  1396 E SystemServiceRegistry: No service published for: ethernet
03-09 03:24:44.667  1279  1396 E SystemServiceRegistry: android.os.ServiceManager$ServiceNotFoundException: No service published for: ethernet
03-09 03:24:44.667  1279  1396 E SystemServiceRegistry: 	at android.os.ServiceManager.getServiceOrThrow(ServiceManager.java:203)
03-09 03:24:44.667  1279  1396 E SystemServiceRegistry: 	at android.app.SystemServiceRegistry$156.createService(SystemServiceRegistry.java:2418)
03-09 03:24:44.667  1279  1396 E SystemServiceRegistry: 	at android.app.SystemServiceRegistry$CachedServiceFetcher.getService(SystemServiceRegistry.java:2531)
03-09 03:24:44.667  1279  1396 E SystemServiceRegistry: 	at android.app.SystemServiceRegistry.getSystemService(SystemServiceRegistry.java:2063)
03-09 03:24:44.667  1279  1396 E SystemServiceRegistry: 	at android.app.ContextImpl.getSystemService(ContextImpl.java:2434)
03-09 03:24:44.667  1279  1396 E SystemServiceRegistry: 	at android.content.ContextWrapper.getSystemService(ContextWrapper.java:991)
03-09 03:24:44.667  1279  1396 E SystemServiceRegistry: 	at com.android.networkstack.tethering.Tethering.isEthernetSupported(Tethering.java:1853)
03-09 03:24:44.667  1279  1396 E SystemServiceRegistry: 	at com.android.networkstack.tethering.Tethering.makeSupportedDownstreams(Tethering.java:2834)
03-09 03:24:44.667  1279  1396 E SystemServiceRegistry: 	at com.android.networkstack.tethering.Tethering.updateSupportedDownstreams(Tethering.java:2808)
03-09 03:24:44.667  1279  1396 E SystemServiceRegistry: 	at com.android.networkstack.tethering.Tethering.updateConfiguration(Tethering.java:561)
03-09 03:24:44.667  1279  1396 E SystemServiceRegistry: 	at com.android.networkstack.tethering.Tethering.-$$Nest$mupdateConfiguration(Tethering.java:0)
03-09 03:24:44.667  1279  1396 E SystemServiceRegistry: 	at com.android.networkstack.tethering.Tethering$StateReceiver.onReceive(Tethering.java:1376)
03-09 03:24:44.667  1279  1396 E SystemServiceRegistry: 	at android.app.LoadedApk$ReceiverDispatcher$Args.lambda$getRunnable$0(LoadedApk.java:1931)
03-09 03:24:44.667  1279  1396 E SystemServiceRegistry: 	at android.app.LoadedApk$ReceiverDispatcher$Args.$r8$lambda$mcNAAl1SQ4MyJPyDg8TJ2x2h0Rk(Unknown Source:0)
03-09 03:24:44.667  1279  1396 E SystemServiceRegistry: 	at android.app.LoadedApk$ReceiverDispatcher$Args$$ExternalSyntheticLambda0.run(D8$$SyntheticClass:0)
03-09 03:24:44.667  1279  1396 E SystemServiceRegistry: 	at android.os.Handler.handleCallback(Handler.java:1070)
03-09 03:24:44.667  1279  1396 E SystemServiceRegistry: 	at android.os.Handler.dispatchMessage(Handler.java:125)
03-09 03:24:44.667  1279  1396 E SystemServiceRegistry: 	at android.os.Looper.dispatchMessage(Looper.java:333)
03-09 03:24:44.667  1279  1396 E SystemServiceRegistry: 	at android.os.Looper.loopOnce(Looper.java:263)
03-09 03:24:44.667  1279  1396 E SystemServiceRegistry: 	at android.os.Looper.loop(Looper.java:367)
03-09 03:24:44.667  1279  1396 E SystemServiceRegistry: 	at android.os.HandlerThread.run(HandlerThread.java:139)
