--------- beginning of system
03-09 03:24:30.858   302   302 E vold    : Error getting bootctrl v1.0 module.
--------- beginning of main
03-09 03:24:38.783   591   591 E kcmdlinectrl: Failed to read from misc: failed to find /misc partition
03-09 03:24:39.050   595   595 E LegacySupport: Could not get passthrough implementation for android.hardware.soundtrigger@2.3::ISoundTriggerHw/default.
03-09 03:24:39.050   595   595 E LegacySupport: Could not get passthrough implementation for android.hardware.soundtrigger@2.2::ISoundTriggerHw/default.
03-09 03:24:39.051   595   595 E LegacySupport: Could not get passthrough implementation for android.hardware.soundtrigger@2.1::ISoundTriggerHw/default.
03-09 03:24:39.052   595   595 E LegacySupport: Could not get passthrough implementation for android.hardware.soundtrigger@2.0::ISoundTriggerHw/default.
03-09 03:24:39.053   595   595 E LegacySupport: Could not get passthrough implementation for android.hardware.bluetooth.audio@2.2::IBluetoothAudioProvidersFactory/default.
03-09 03:24:39.053   595   595 E LegacySupport: Could not get passthrough implementation for android.hardware.bluetooth.audio@2.1::IBluetoothAudioProvidersFactory/default.
03-09 03:24:39.054   595   595 E LegacySupport: Could not get passthrough implementation for android.hardware.bluetooth.audio@2.0::IBluetoothAudioProvidersFactory/default.
03-09 03:24:39.054   595   595 E LegacySupport: Could not get passthrough implementation for android.hardware.bluetooth.a2dp@1.0::IBluetoothAudioOffload/default.
03-09 03:24:39.256   595   595 E audiohalservice: Failed to dlopen android.hardware.audio.sounddose-vendor-impl.so: dlopen failed: library "android.hardware.audio.sounddose-vendor-impl.so" not found
03-09 03:24:39.259   602   602 E SensorsMultiHal: Failed to load subHal config file: /odm/etc/sensors/hals.conf
03-09 03:24:39.267   600   600 E Codec2-FilterWrapper: plugin not OK: -19
03-09 03:24:39.587   585   585 E HidlServiceManagement: Service android.system.net.netd@1.1::INetd/default must be in VINTF manifest in order to register/get.
03-09 03:24:39.587   585   585 E Netd    : Unable to start HIDL NetdHwService: -2147483648
03-09 03:24:39.633   656   656 E misctrl : Could not read misctrl message: failed to find /misc partition
03-09 03:24:39.635   656   656 E misctrl : Could not read reserved space: failed to find /misc partition
03-09 03:24:39.721   651   651 E gpuservice: Failed to open feature config file: `/system/etc/angle/feature_config_vk.binarypb`.
03-09 03:24:39.821   596   596 E EmulatedCameraConfigUtils: ParseCharacteristics: tag android.visualEffect.backgroundBlurModes not supported, skipping!
03-09 03:24:39.821   596   596 E EmulatedCameraConfigUtils: ParseCharacteristics: tag android.visualEffect.capabilities not supported, skipping!
03-09 03:24:39.826   596   596 E GCH_CameraProvider: Initialize: HWL doesn't support vendor buffer allocation Function not implemented(-38)
03-09 03:24:40.403   690   690 E bootstat: Failed to read /metadata/bootstat/persist.sys.boot.reason: No such file or directory
03-09 03:24:40.409   690   690 E bootstat: Failed to unlink /metadata/bootstat/persist.sys.boot.reason: No such file or directory
03-09 03:24:40.586   709   709 E bt_vhci_forwarder: setTerminalRaw failed /dev/bluetooth0: Inappropriate ioctl for device
03-09 03:24:40.722   609   643 E RanchuHwc: start: failed to set Vsync thread priority: Invalid argument
03-09 03:24:40.828   723   723 E HidlServiceManagement: Service android.system.wifi.keystore@1.0::IKeystore/default must be in VINTF manifest in order to register/get.
03-09 03:24:40.934   646   646 E AudioFlinger: Function: getAudioPolicyConfig Line: 2435 Failed 
03-09 03:24:41.058   658   658 E SurfaceFlinger: getOverlaySupport failed Status(-8, EX_SERVICE_SPECIFIC): '8: '
03-09 03:24:41.128   658   658 E SurfaceFlinger: getMaxLayerPictureProfiles failed Status(-8, EX_SERVICE_SPECIFIC): '8: '
03-09 03:24:41.129   658   658 E SurfaceFlinger: getMaxLayerPictureProfiles: getMaxLayerPictureProfiles failed for display 4619827259835644672: UNSUPPORTED (8)
03-09 03:24:41.130   646   646 E APM::AudioPolicyEngine: Policy Engine configuration is partially invalid, skipped 1 elements
03-09 03:24:41.162   658   658 E SurfaceFlinger: getPerFrameMetadataKeys failed Status(-8, EX_SERVICE_SPECIFIC): '8: '
03-09 03:24:41.327   658   658 E HidlServiceManagement: Service android.frameworks.displayservice@1.0::IDisplayService/default must be in VINTF manifest in order to register/get.
03-09 03:24:41.327   658   658 E SurfaceFlinger: Did not register (deprecated) IDisplayService service.
03-09 03:24:41.440   646   646 E APM_AudioPolicyManager: invalid volume index range in the curve:
03-09 03:24:41.440   646   646 E APM_AudioPolicyManager:   Can be muted  Index Min  Index Max  Index Cur [device : index]...
03-09 03:24:41.440   646   646 E APM_AudioPolicyManager:   true          -1         -1         40000000 : 00, 
03-09 03:24:41.441   646   646 E APM_AudioPolicyManager: invalid volume index range in the curve:
03-09 03:24:41.441   646   646 E APM_AudioPolicyManager:   Can be muted  Index Min  Index Max  Index Cur [device : index]...
03-09 03:24:41.441   646   646 E APM_AudioPolicyManager:   true          -1         -1         40000000 : 00, 
03-09 03:24:41.442   595   613 E android.hardware.audio@7.1-impl.ranchu: getPresentationPosition:510 failure: Result::INVALID_STATE
03-09 03:24:41.442   646   646 E APM_AudioPolicyManager: invalid volume index range in the curve:
03-09 03:24:41.442   646   646 E APM_AudioPolicyManager:   Can be muted  Index Min  Index Max  Index Cur [device : index]...
03-09 03:24:41.442   646   646 E APM_AudioPolicyManager:   true          -1         -1         40000000 : 00, 
03-09 03:24:41.443   646   646 E APM_AudioPolicyManager: invalid volume index range in the curve:
03-09 03:24:41.443   646   646 E APM_AudioPolicyManager:   Can be muted  Index Min  Index Max  Index Cur [device : index]...
03-09 03:24:41.443   646   646 E APM_AudioPolicyManager:   true          -1         -1         40000000 : 00, 
03-09 03:24:41.443   710   710 E CameraProviderManager: addDynamicDepthTags: Advertised depth exclusive tag but value is not present!
03-09 03:24:41.443   646   646 E APM_AudioPolicyManager: invalid volume index range in the curve:
03-09 03:24:41.443   646   646 E APM_AudioPolicyManager:   Can be muted  Index Min  Index Max  Index Cur [device : index]...
03-09 03:24:41.443   646   646 E APM_AudioPolicyManager:   true          -1         -1         40000000 : 00, 
03-09 03:24:41.444   710   710 E cameraserver: AidlDeviceInfo3: Failed appending dynamic depth tags: Invalid argument (-22)
03-09 03:24:41.444   646   646 E APM_AudioPolicyManager: invalid volume index range in the curve:
03-09 03:24:41.444   646   646 E APM_AudioPolicyManager:   Can be muted  Index Min  Index Max  Index Cur [device : index]...
03-09 03:24:41.444   646   646 E APM_AudioPolicyManager:   true          -1         -1         40000000 : 00, 
03-09 03:24:41.444   646   646 E APM_AudioPolicyManager: invalid volume index range in the curve:
03-09 03:24:41.444   646   646 E APM_AudioPolicyManager:   Can be muted  Index Min  Index Max  Index Cur [device : index]...
03-09 03:24:41.444   646   646 E APM_AudioPolicyManager:   true          -1         -1         40000000 : 00, 
03-09 03:24:41.444   646   646 E APM_AudioPolicyManager: invalid volume index range in the curve:
03-09 03:24:41.444   646   646 E APM_AudioPolicyManager:   Can be muted  Index Min  Index Max  Index Cur [device : index]...
03-09 03:24:41.444   646   646 E APM_AudioPolicyManager:   true          -1         -1         40000000 : 00, 
03-09 03:24:41.444   646   646 E APM_AudioPolicyManager: invalid volume index range in the curve:
03-09 03:24:41.444   646   646 E APM_AudioPolicyManager:   Can be muted  Index Min  Index Max  Index Cur [device : index]...
03-09 03:24:41.444   646   646 E APM_AudioPolicyManager:   true          -1         -1         40000000 : 00, 
03-09 03:24:41.445   646   646 E APM_AudioPolicyManager: invalid volume index range in the curve:
03-09 03:24:41.445   646   646 E APM_AudioPolicyManager:   Can be muted  Index Min  Index Max  Index Cur [device : index]...
03-09 03:24:41.445   646   646 E APM_AudioPolicyManager:   true          -1         -1         40000000 : 00, 
03-09 03:24:41.446   646   646 E APM_AudioPolicyManager: invalid volume index range in the curve:
03-09 03:24:41.446   646   646 E APM_AudioPolicyManager:   Can be muted  Index Min  Index Max  Index Cur [device : index]...
03-09 03:24:41.446   646   646 E APM_AudioPolicyManager:   true          -1         -1         40000000 : 00, 
03-09 03:24:41.446   646   646 E APM_AudioPolicyManager: invalid volume index range in the curve:
03-09 03:24:41.446   646   646 E APM_AudioPolicyManager:   Can be muted  Index Min  Index Max  Index Cur [device : index]...
03-09 03:24:41.446   646   646 E APM_AudioPolicyManager:   true          -1         -1         40000000 : 00, 
03-09 03:24:41.478   719   719 E OmxInfoBuilder: Cannot find an IOmxStore service.
03-09 03:24:41.559   595   613 E android.hardware.audio@7.1-impl.ranchu: getPresentationPosition:510 failure: Result::INVALID_STATE
03-09 03:24:42.385   753   798 E GFXSTREAM: [GL2Encoder.cpp(5159)] GL error 0x500 condition [!GLESv2Validation::allowedEnable(ctx->majorVersion(), ctx->minorVersion(), what)].
03-09 03:24:42.969   710   710 E CameraProviderManager: deriveBlobDurationEntries: Unexpected number of available blob durations! 0 vs. 0 with filteredSizes size: 0
03-09 03:24:42.969   710   710 E cameraserver: AidlDeviceInfo3: Unable to derive Heic UltraHDR tags based on camera and media capabilities: Invalid argument (-22)
03-09 03:24:42.998   710   710 E HidlServiceManagement: Service android.frameworks.cameraservice.service@2.2::ICameraService/default must be in VINTF manifest in order to register/get.
03-09 03:24:44.928   587   587 E FeatureFlagsImplExport: android.os.flagging.AconfigStorageReadException: ERROR_PACKAGE_NOT_FOUND: package android.xr cannot be found on the device
03-09 03:24:45.362   587   587 E ActivityRecognitionHardware: activity_recognition HAL is deprecated. class_init is effectively a no-op
03-09 03:24:45.873   587   587 E VibratorInfo: Invalid frequency profile received from HAL. resonantFrequencyHz=NaN, frequenciesHz=null, outputAccelerationsGs=null
03-09 03:24:45.937   715   726 E ServiceUtilities: getCachedInfo: Cannot find package_native
03-09 03:24:46.065   721   721 E storaged: getService package_native failed
03-09 03:24:49.068   853   853 E HidlServiceManagement: Service android.frameworks.stats@1.0::IStats/default must be in VINTF manifest in order to register/get.
03-09 03:24:49.597   853   890 E DisplayManagerService: Default display is null for info request from uid 1000
03-09 03:24:50.922   853   941 E AconfigFlags: Failed to load aconfig package android.xr
03-09 03:24:50.922   853   941 E AconfigFlags: android.os.flagging.AconfigStorageReadException: ERROR_PACKAGE_NOT_FOUND: package android.xr cannot be found on the device
03-09 03:24:50.922   853   941 E AconfigFlags: 	at android.os.flagging.AconfigPackage.load(AconfigPackage.java:160)
03-09 03:24:50.922   853   941 E AconfigFlags: 	at com.android.internal.pm.pkg.component.AconfigFlags.lambda$getFlagValueFromNewStorage$0(AconfigFlags.java:264)
03-09 03:24:50.922   853   941 E AconfigFlags: 	at com.android.internal.pm.pkg.component.AconfigFlags$$ExternalSyntheticLambda0.apply(D8$$SyntheticClass:0)
03-09 03:24:50.922   853   941 E AconfigFlags: 	at java.util.concurrent.ConcurrentHashMap.computeIfAbsent(ConcurrentHashMap.java:1713)
03-09 03:24:50.922   853   941 E AconfigFlags: 	at com.android.internal.pm.pkg.component.AconfigFlags.getFlagValueFromNewStorage(AconfigFlags.java:262)
03-09 03:24:50.922   853   941 E AconfigFlags: 	at com.android.internal.pm.pkg.component.AconfigFlags.getFlagValue(AconfigFlags.java:228)
03-09 03:24:50.922   853   941 E AconfigFlags: 	at com.android.server.pm.parsing.PackageCacher.getCachedResult(PackageCacher.java:233)
03-09 03:24:50.922   853   941 E AconfigFlags: 	at com.android.internal.pm.parsing.PackageParser2.parsePackage(PackageParser2.java:126)
03-09 03:24:50.922   853   941 E AconfigFlags: 	at com.android.server.pm.ParallelPackageParser.parsePackage(ParallelPackageParser.java:168)
03-09 03:24:50.922   853   941 E AconfigFlags: 	at com.android.server.pm.ParallelPackageParser.lambda$orderedSubmit$1(ParallelPackageParser.java:154)
03-09 03:24:50.922   853   941 E AconfigFlags: 	at com.android.server.pm.ParallelPackageParser.$r8$lambda$rG2AgiDLJn5T2RTmd2_m26uw_l4(ParallelPackageParser.java:0)
03-09 03:24:50.922   853   941 E AconfigFlags: 	at com.android.server.pm.ParallelPackageParser$$ExternalSyntheticLambda1.call(R8$$SyntheticClass:0)
03-09 03:24:50.922   853   941 E AconfigFlags: 	at java.util.concurrent.FutureTask.run(FutureTask.java:317)
03-09 03:24:50.922   853   941 E AconfigFlags: 	at java.util.concurrent.ThreadPoolExecutor.runWorker(ThreadPoolExecutor.java:1154)
03-09 03:24:50.922   853   941 E AconfigFlags: 	at java.util.concurrent.ThreadPoolExecutor$Worker.run(ThreadPoolExecutor.java:652)
03-09 03:24:50.922   853   941 E AconfigFlags: 	at com.android.internal.util.ConcurrentUtils$1$1.run(ConcurrentUtils.java:65)
03-09 03:24:51.122   721   839 E storaged: getService package_native failed
03-09 03:24:52.595   711   716 E idmap2d : no resources were overlaid
03-09 03:24:52.655   711   711 E idmap2d : failed to retrieve loaded package at index 0 for '/product/overlay/TelephonyProvider__emulator__auto_generated_characteristics_rro.apk' -> failed to generate resource map for '/product/overlay/TelephonyProvider__emulator__auto_generated_characteristics_rro.apk'
03-09 03:24:52.895   711   965 E idmap2d : failed to retrieve loaded package at index 0 for '/product/overlay/TeleService__emulator__auto_generated_characteristics_rro.apk' -> failed to generate resource map for '/product/overlay/TeleService__emulator__auto_generated_characteristics_rro.apk'
03-09 03:24:53.146   711   711 E idmap2d : failed to retrieve loaded package at index 0 for '/product/overlay/CompanionDeviceManager__emulator__auto_generated_characteristics_rro.apk' -> failed to generate resource map for '/product/overlay/CompanionDeviceManager__emulator__auto_generated_characteristics_rro.apk'
03-09 03:24:53.678   853   853 E SettingsState: invalid override flag name device_personalization_services/Captions__ec_vocal_burst_v2_thresholds
03-09 03:24:53.679   853   853 E SettingsState: invalid override flag name adservices/fledge_custom_audience_max_ads_size_b
03-09 03:24:53.679   853   853 E SettingsState: invalid override flag name privacy/max_safety_labels_persisted_per_app
03-09 03:24:53.679   853   853 E SettingsState: invalid override flag name adservices/enable_tablet_region_fix
03-09 03:24:53.681   853   853 E SettingsState: invalid override flag name device_personalization_services/NowPlaying__ambient_music_get_model_state_cooldown_seconds_cloud_search
03-09 03:24:53.681   853   853 E SettingsState: invalid override flag name device_personalization_services/Captions__enable_ec_v2_integration
03-09 03:24:53.681   853   853 E SettingsState: invalid override flag name adservices/topics_disable_direct_app_calls
03-09 03:24:53.681   853   853 E SettingsState: invalid override flag name adservices/app_name_api_error_cobalt_logging_enabled
03-09 03:24:53.681   853   853 E SettingsState: invalid override flag name adservices/fledge_background_fetch_enabled
03-09 03:24:53.681   853   853 E SettingsState: invalid override flag name telephony/is_telephony_anomaly_report_enabled
03-09 03:24:53.681   853   853 E SettingsState: invalid override flag name device_personalization_services/EchoSmartspace__enable_weather_removal_as_secondary_card_home
03-09 03:24:53.681   853   853 E SettingsState: invalid override flag name device_personalization_services/NowPlaying__create_shortcut_on_np_enabled
03-09 03:24:53.681   853   853 E SettingsState: invalid override flag name device_personalization_services/SmartNotification__notification_summaries_manifest_config
03-09 03:24:53.681   853   853 E SettingsState: invalid override flag name runtime_native/use_app_image_startup_cache
03-09 03:24:53.681   853   853 E SettingsState: invalid override flag name adservices/ui_toggle_speed_bump_enabled
03-09 03:24:53.682   853   853 E SettingsState: invalid override flag name storage_native_boot/target_dirty_ratio
03-09 03:24:53.682   853   853 E SettingsState: invalid override flag name health_fitness/RateLimiter__max_data_push_limit_across_apps_15m_background
03-09 03:24:53.682   853   853 E SettingsState: invalid override flag name window_manager/SinglePointerPanning__enable_single_pointer_panning
03-09 03:24:53.682   853   853 E SettingsState: invalid override flag name device_personalization_services/AstreaFeedback__enable_view_data_dialog_v2_single_entity
03-09 03:24:53.682   853   853 E SettingsState: invalid override flag name tethering/mdns_type_allowlist_flags
03-09 03:24:53.682   853   853 E SettingsState: invalid override flag name privacy/safety_center_override_refresh_on_page_open_sources
03-09 03:24:53.682   853   853 E SettingsState: invalid override flag name adservices/enrollment_blocklist_ids
03-09 03:24:53.682   853   853 E SettingsState: invalid override flag name adservices/measurement_registration_input_event_valid_window_ms
03-09 03:24:53.682   853   853 E SettingsState: invalid override flag name aicore/AicSafety__use_flexible_safety_baymax_classifier
03-09 03:24:53.682   853   853 E SettingsState: invalid override flag name adservices/fledge_ad_counter_histogram_absolute_max_per_buyer_event_count
03-09 03:24:53.682   853   853 E SettingsState: invalid override flag name settings_stats/GlobalFeature__boolean_whitelist
03-09 03:24:53.682   853   853 E SettingsState: invalid override flag name aicore/AicSafety__use_flexible_safety_smart_reply_classifier
03-09 03:24:53.682   853   853 E SettingsState: invalid override flag name configuration/beta_launch
03-09 03:24:53.682   853   853 E SettingsState: invalid override flag name device_personalization_services/AicModels__mdd_manifest_config
03-09 03:24:53.682   853   853 E SettingsState: invalid override flag name configuration/flag_five
03-09 03:24:53.682   853   853 E SettingsState: invalid override flag name configuration/flag_four
03-09 03:24:53.682   853   853 E SettingsState: invalid override flag name on_device_personalization/isolated_service_deadline_seconds
03-09 03:24:53.682   853   853 E SettingsState: invalid override flag name device_personalization_services/Superpacks__require_charging_by_default
03-09 03:24:53.682   853   853 E SettingsState: invalid override flag name device_personalization_services/SmartNotification__no_cooldown_when_charging
03-09 03:24:53.682   853   853 E SettingsState: invalid override flag name device_policy_manager/enable_coexistence
03-09 03:24:53.682   853   853 E SettingsState: invalid override flag name aicore/AicDataRelease__build_id_1558569612950046780
03-09 03:24:53.682   853   853 E SettingsState: invalid override flag name adservices/fledge_auction_server_enable_debug_reporting
03-09 03:24:53.682   853   853 E SettingsState: invalid override flag name adservices/key_fledge_custom_audience_max_bidding_logic_uri_size_b
03-09 03:24:53.682   853   853 E SettingsState: invalid override flag name exo/enable_keyboard_switch
03-09 03:24:53.683   853   853 E SettingsState: invalid override flag name adservices/fledge_background_fetch_eligible_update_base_interval_s
03-09 03:24:53.683   853   853 E SettingsState: invalid override flag name adservices/measurement_reporting_job_service_enabled
03-09 03:24:53.683   853   853 E SettingsState: invalid override flag name device_personalization_services/NowPlaying__redirect_history_enabled
03-09 03:24:53.683   853   853 E SettingsState: invalid override flag name latency_tracker/action_show_voice_interaction_trace_threshold
03-09 03:24:53.683   853   853 E SettingsState: invalid override flag name odad/phl_threshold_score
03-09 03:24:53.683   853   853 E SettingsState: invalid override flag name adservices/measurement_enable_ara_deduplication_alignment_v1
03-09 03:24:53.683   853   853 E SettingsState: invalid override flag name device_personalization_services/NotificationAssistant__max_importance_variance
03-09 03:24:53.683   853   853 E SettingsState: invalid override flag name privacy/safety_center_background_refresh_is_enabled
03-09 03:24:53.683   853   853 E SettingsState: invalid override flag name textclassifier/generate_links_max_text_length
03-09 03:24:53.683   853   853 E SettingsState: invalid override flag name adservices/fledge_frequency_cap_filtering_metrics_enabled
03-09 03:24:53.683   853   853 E SettingsState: invalid override flag name adservices/fledge_ad_selection_from_outcomes_overall_timeout_ms
03-09 03:24:53.683   853   853 E SettingsState: invalid override flag name odad/phl_text_box_scores
03-09 03:24:53.683   853   853 E SettingsState: invalid override flag name aicore/AicSafety__use_qta_question_only
03-09 03:24:53.683   853   853 E SettingsState: invalid override flag name device_personalization_services/SmartNotification__max_string_length_for_summary
03-09 03:24:53.684   853   853 E SettingsState: invalid override flag name adservices/fledge_data_version_header_enabled
03-09 03:24:53.684   853   853 E SettingsState: invalid override flag name aicore/AicSafety__pixel_ai_long_text_segmenter_window_size
03-09 03:24:53.684   853   853 E SettingsState: invalid override flag name configuration/rescue_party_throttle_duration_min
03-09 03:24:53.684   853   853 E SettingsState: invalid override flag name on_device_personalization/transient_error_retry_delay_secs
03-09 03:24:53.684   853   853 E SettingsState: invalid override flag name device_personalization_services/Captions__ec_supported_languages
03-09 03:24:53.684   853   853 E SettingsState: invalid override flag name device_personalization_services/Echo__include_event_reservation_in_smartspace_upcoming_setting
03-09 03:24:53.684   853   853 E SettingsState: invalid override flag name device_personalization_services/EchoSmartspace__always_send_weather_to_home_screen
03-09 03:24:53.684   853   853 E SettingsState: invalid override flag name adservices/measurement_register_source_request_permits_per_second
03-09 03:24:53.684   853   853 E SettingsState: invalid override flag name adservices/fledge_fetch_custom_audience_max_retry_after_value_ms
03-09 03:24:53.684   853   853 E SettingsState: invalid override flag name adservices/ui_dialogs_feature_enabled
03-09 03:24:53.684   853   853 E SettingsState: invalid override flag name device_personalization_services/EchoSmartspace__enable_weather_removal_as_secondary_card_lockscreen
03-09 03:24:53.684   853   853 E SettingsState: invalid override flag name bluetooth/INIT_gd_hal_snoop_logger_filtering
03-09 03:24:53.684   853   853 E SettingsState: invalid override flag name storage_native_boot/take_over_get_content
03-09 03:24:53.684   853   853 E SettingsState: invalid override flag name adservices/measurement_receiver_delete_packages_kill_switch
03-09 03:24:53.684   853   853 E SettingsState: invalid override flag name activity_manager/bg_prompt_fgs_on_long_running
03-09 03:24:53.684   853   853 E SettingsState: invalid override flag name media/player_metrics_per_app_user_media_activity_blocklist
03-09 03:24:53.684   853   853 E SettingsState: invalid override flag name device_personalization_services/Pecan__disable_launcher_state_listener
03-09 03:24:53.684   853   853 E SettingsState: invalid override flag name health_fitness/execution_time_buffer_minutes
03-09 03:24:53.684   853   853 E SettingsState: invalid override flag name aicore/AicInference__enable_ssv2
03-09 03:24:53.684   853   853 E SettingsState: invalid override flag name device_personalization_services/SmartNotification__run_high_priority_thread
03-09 03:24:53.684   853   853 E SettingsState: invalid override flag name adservices/measurement_register_sources_request_permits_per_second
03-09 03:24:53.685   853   853 E SettingsState: invalid override flag name device_personalization_services/WalletSuggestions__enable_wallet_suggestions
03-09 03:24:53.685   853   853 E SettingsState: invalid override flag name device_personalization_services/SmartNotification__supported_notification_categories
03-09 03:24:53.685   853   853 E SettingsState: invalid override flag name launcher/INJECT_FALLBACK_APP_CORPUS_RESULTS
03-09 03:24:53.685   853   853 E SettingsState: invalid override flag name adservices/consent_already_interacted_fix_enable
03-09 03:24:53.685   853   853 E SettingsState: invalid override flag name device_personalization_services/PcsAttestationMeasurement__schedule_attestation_job
03-09 03:24:53.685   853   853 E SettingsState: invalid override flag name adservices/classifier_type
03-09 03:24:53.685   853   853 E SettingsState: invalid override flag name adservices/fledge_auction_server_kill_switch
03-09 03:24:53.685   853   853 E SettingsState: invalid override flag name device_personalization_services/AstreaFeedback__enable_ground_truth_selector_single_entity
03-09 03:24:53.685   853   853 E SettingsState: invalid override flag name device_personalization_services/SmartRecPixelSearch__enable_search_on_photos
03-09 03:24:53.685   853   853 E SettingsState: invalid override flag name privacy/data_sharing_update_period_millis
03-09 03:24:53.685   853   853 E SettingsState: invalid override flag name device_personalization_services/EchoSmartspace__enable_finance_recap_ambient_data
03-09 03:24:53.685   853   853 E SettingsState: invalid override flag name netd_native/parallel_lookup
03-09 03:24:53.685   853   853 E SettingsState: invalid override flag name adservices/pas_ux_enabled
03-09 03:24:53.685   853   853 E SettingsState: invalid override flag name odad/ci2_clfr_v2
03-09 03:24:53.685   853   853 E SettingsState: invalid override flag name health_fitness/RateLimiter__max_write_chunk_size
03-09 03:24:53.685   853   853 E SettingsState: invalid override flag name adservices/Fledge__enable_prod_debug_in_auction_server
03-09 03:24:53.685   853   853 E SettingsState: invalid override flag name device_personalization_services/PcsAttestationMeasurement__delay_seconds_from_hour
03-09 03:24:53.685   853   853 E SettingsState: invalid override flag name adservices/is_eea_device
03-09 03:24:53.685   853   853 E SettingsState: invalid override flag name adservices/measurement_enable_source_debug_report
03-09 03:24:53.685   853   853 E SettingsState: invalid override flag name adservices/Spe__mdd_maintenance_job_policy
03-09 03:24:53.685   853   853 E SettingsState: invalid override flag name device_personalization_services/Captions__enable_multilang
03-09 03:24:53.685   853   853 E SettingsState: invalid override flag name aicore/AicModels__filter_manifest_on_min_apk_version
03-09 03:24:53.685   853   853 E SettingsState: invalid override flag name adservices/measurement_async_registration_job_trigger_min_delay_ms
03-09 03:24:53.685   853   853 E SettingsState: invalid override flag name device_personalization_services/TrainerFeature__http_federated_compute_protocol_allowlist
03-09 03:24:53.685   853   853 E SettingsState: invalid override flag name device_personalization_services/PccSecurity__aicore_package_security_info
03-09 03:24:53.685   853   853 E SettingsState: invalid override flag name odad/op_classifier_low_cost_enabled
03-09 03:24:53.686   853   853 E SettingsState: invalid override flag name wifi/bug_report_min_window_ms
03-09 03:24:53.686   853   853 E SettingsState: invalid override flag name systemui/use_back_gesture_ml_model
03-09 03:24:53.686   853   853 E SettingsState: invalid override flag name adservices/fledge_kanon_register_client_parameters_url
03-09 03:24:53.686   853   853 E SettingsState: invalid override flag name adservices/fledge_auction_server_background_key_fetch_job_flex_ms
03-09 03:24:53.686   853   853 E SettingsState: invalid override flag name adservices/fledge_kanon_get_tokens_url
03-09 03:24:53.686   853   853 E SettingsState: invalid override flag name device_personalization_services/SmartNotification__screen_on_summary_delay_millis
03-09 03:24:53.686   853   853 E SettingsState: invalid override flag name activity_manager/push_messaging_over_quota_behavior
03-09 03:24:53.686   853   853 E SettingsState: invalid override flag name adservices/kanon_fetch_parameters_url
03-09 03:24:53.686   853   853 E SettingsState: invalid override flag name device_personalization_services/SmartNotification__default_bundle_to_promo_threshold
03-09 03:24:53.686   853   853 E SettingsState: invalid override flag name aicore/AicSafety__get_feature_status_future_check_enabled
03-09 03:24:53.686   853   853 E SettingsState: invalid override flag name autofill/smart_suggestion_supported_modes
03-09 03:24:53.686   853   853 E SettingsState: invalid override flag name on_device_personalization/global_kill_switch
03-09 03:24:53.686   853   853 E SettingsState: invalid override flag name device_personalization_services/EchoSmartspace__ambient_data_trip_bundle_override_ttl_duration
03-09 03:24:53.686   853   853 E SettingsState: invalid override flag name odad/reputation_classifier_killswitch
03-09 03:24:53.686   853   853 E SettingsState: invalid override flag name adservices/measurement_debug_reporting_fallback_job_required_network_type
03-09 03:24:53.686   853   853 E SettingsState: invalid override flag name device_personalization_services/Autofill__check_aicore_persistent_mode
03-09 03:24:53.686   853   853 E SettingsState: invalid override flag name adservices/enable_u18_appsearch_migration
03-09 03:24:53.686   853   853 E SettingsState: invalid override flag name device_personalization_services/VisualCortex__enable_fast_view_hierarchy_parse
03-09 03:24:53.687   853   853 E SettingsState: invalid override flag name device_personalization_services/VisualCortex__fedex_log_enabled
03-09 03:24:53.687   853   853 E SettingsState: invalid override flag name adservices/ppapi_app_signature_allow_list
03-09 03:24:53.687   853   853 E SettingsState: invalid override flag name odad/op_enabled_phl_entity_ids
03-09 03:24:53.687   853   853 E SettingsState: invalid override flag name latency_tracker/enabled
03-09 03:24:53.687   853   853 E SettingsState: invalid override flag name device_personalization_services/NowPlaying__ambient_music_use_yt_domain_fife_urls
03-09 03:24:53.687   853   853 E SettingsState: invalid override flag name wifi/health_monitor_rssi_poll_valid_time_ms
03-09 03:24:53.687   853   853 E SettingsState: invalid override flag name wifi/assoc_rejection_count_min
03-09 03:24:53.687   853   853 E SettingsState: invalid override flag name adservices/measurement_enable_ara_parsing_alignment_v1
03-09 03:24:53.687   853   853 E SettingsState: invalid override flag name odad/coroutine_watchdog_enabled
03-09 03:24:53.687   853   853 E SettingsState: invalid override flag name aicore/AicSafety__use_flexible_safety_summarization_classifier
03-09 03:24:53.687   853   853 E SettingsState: invalid override flag name odad/low_sms_risk_utf_score
03-09 03:24:53.687   853   853 E SettingsState: invalid override flag name adservices/fledge_event_level_debug_report_send_immediately
03-09 03:24:53.687   853   853 E SettingsState: invalid override flag name textclassifier/model_url_blocklist
03-09 03:24:53.687   853   853 E SettingsState: invalid override flag name adservices/measurement_aggregate_fallback_reporting_job_required_network_type
03-09 03:24:53.687   853   853 E SettingsState: invalid override flag name content_capture/service_explicitly_enabled
03-09 03:24:53.687   853   853 E SettingsState: invalid override flag name adservices/ui_eea_countries
03-09 03:24:53.688   853   853 E SettingsState: invalid override flag name device_personalization_services/SmartNotification__enable_notification_classifier_mdd
03-09 03:24:53.688   853   853 E SettingsState: invalid override flag name telephony/anomaly_network_connecting_timeout
03-09 03:24:53.688   853   853 E SettingsState: invalid override flag name media/player_metrics_per_app_attribution_allowlist
03-09 03:24:53.688   853   853 E SettingsState: invalid override flag name device_personalization_services/SpeechPack__use_mdd_download_system
03-09 03:24:53.688   853   853 E SettingsState: invalid override flag name adservices/fledge_auction_server_auction_key_sharding
03-09 03:24:53.688   853   853 E SettingsState: invalid override flag name aicore/AicModels__early_download_feature_id
03-09 03:24:53.688   853   853 E SettingsState: invalid override flag name aicore/AicDataRelease__build_labels
03-09 03:24:53.688   853   853 E SettingsState: invalid override flag name aicore/AicSafety__config
03-09 03:24:53.688   853   853 E SettingsState: invalid override flag name adservices/measurement_debug_reporting_job_required_network_type
03-09 03:24:53.688   853   853 E SettingsState: invalid override flag name odad/safety_center_warnings_use_cert_bf_enabled
03-09 03:24:53.688   853   853 E SettingsState: invalid override flag name wifi/health_monitor_min_rssi_thr_dbm
03-09 03:24:53.688   853   853 E SettingsState: invalid override flag name autofill/package_and_activity_allowlist_for_triggering_fill_request
03-09 03:24:53.688   853   853 E SettingsState: invalid override flag name adservices/key_fledge_custom_audience_max_daily_update_uri_size_b
03-09 03:24:53.688   853   853 E SettingsState: invalid override flag name adservices/Spe__count_unique_reporting_job_policy
03-09 03:24:53.689   853   853 E SettingsState: invalid override flag name device_personalization_services/PccSecurity__odad_package_security_info
03-09 03:24:53.689   853   853 E SettingsState: invalid override flag name aicore/AicDataRelease__build_id_6109265619551471570
03-09 03:24:53.689   853   853 E SettingsState: invalid override flag name exo/copy_paste_data_size_limit_bytes
03-09 03:24:53.689   853   853 E SettingsState: invalid override flag name odad/cp_default_executor
03-09 03:24:53.689   853   853 E SettingsState: invalid override flag name aicore/AicSafety__hades_experiments_test
03-09 03:24:53.689   853   853 E SettingsState: invalid override flag name device_personalization_services/Captions__support_backup_and_restore
03-09 03:24:53.689   853   853 E SettingsState: invalid override flag name adservices/fledge_fetch_custom_audience_max_user_bidding_signals_size_b
03-09 03:24:53.689   853   853 E SettingsState: invalid override flag name device_personalization_services/Captions__supported_languages
03-09 03:24:53.689   853   853 E SettingsState: invalid override flag name adservices/measurement_flex_api_max_information_gain_event
03-09 03:24:53.689   853   853 E SettingsState: invalid override flag name systemui/back_gesture_ml_model_threshold
03-09 03:24:53.689   853   853 E SettingsState: invalid override flag name telephony/anomaly_setup_data_call_failure
03-09 03:24:53.689   853   853 E SettingsState: invalid override flag name adservices/app_config_returns_enabled_by_detault
03-09 03:24:53.689   853   853 E SettingsState: invalid override flag name aicore/AicQuota__quota
03-09 03:24:53.689   853   853 E SettingsState: invalid override flag name device_personalization_services/Captions__new_model_version
03-09 03:24:53.689   853   853 E SettingsState: invalid override flag name adservices/measurement_flex_api_max_information_gain_navigation
03-09 03:24:53.689   853   853 E SettingsState: invalid override flag name adservices/measurement_aggregation_coordination_origin_enabled
03-09 03:24:53.689   853   853 E SettingsState: invalid override flag name adservices/fledge_custom_audience_max_user_bidding_signals_size_b
03-09 03:24:53.689   853   853 E SettingsState: invalid override flag name device_personalization_services/PcsConvId__enable
03-09 03:24:53.689   853   853 E SettingsState: invalid override flag name device_personalization_services/Captions__visibility_stopped_duration_millis
03-09 03:24:53.689   853   853 E SettingsState: invalid override flag name wifi/assoc_timeout_count_min
03-09 03:24:53.689   853   853 E SettingsState: invalid override flag name device_personalization_services/SmartNotification__enable_message_style_notifications_as_exemption
03-09 03:24:53.689   853   853 E SettingsState: invalid override flag name odad/phl_entities
03-09 03:24:53.689   853   853 E SettingsState: invalid override flag name device_personalization_services/Captions__enable_westworld_logging
03-09 03:24:53.689   853   853 E SettingsState: invalid override flag name telephony/anomaly_qns_change_network
03-09 03:24:53.689   853   853 E SettingsState: invalid override flag name aicore/AicSafety__pixel_ai_long_text_segmenter_period
03-09 03:24:53.690   853   853 E SettingsState: invalid override flag name adservices/protected_signals_periodic_encoding_enabled
03-09 03:24:53.690   853   853 E SettingsState: invalid override flag name device_personalization_services/Brella__enable_lightweight_client_support
03-09 03:24:53.690   853   853 E SettingsState: invalid override flag name adservices/fledge_fetch_custom_audience_min_retry_after_value_ms
03-09 03:24:53.690   853   853 E SettingsState: invalid override flag name device_personalization_services/HearingHealth__enable_loud_sound_alerts
03-09 03:24:53.690   853   853 E SettingsState: invalid override flag name odad/incfs_enabled
03-09 03:24:53.690   853   853 E SettingsState: invalid override flag name adservices/enable_test_param
03-09 03:24:53.690   853   853 E SettingsState: invalid override flag name interaction_jank_monitor/trace_threshold_missed_frames
03-09 03:24:53.690   853   853 E SettingsState: invalid override flag name device_personalization_services/NowPlaying__ambient_music_enable_resource_download_logging
03-09 03:24:53.690   853   853 E SettingsState: invalid override flag name privacy/safety_center_refresh_fgs_allowlist_duration_millis
03-09 03:24:53.690   853   853 E SettingsState: invalid override flag name aicore/AicSafety__messages_long_text_segmenter_period
03-09 03:24:53.690   853   853 E SettingsState: invalid override flag name adservices/measurement_event_reporting_job_required_network_type
03-09 03:24:53.690   853   853 E SettingsState: invalid override flag name adservices/topics_encryption_metrics_enabled
03-09 03:24:53.690   853   853 E SettingsState: invalid override flag name aicore/AicModels__protected_download_v1_enabled
03-09 03:24:53.690   853   853 E SettingsState: invalid override flag name runtime_native_boot/use_generational_gc
03-09 03:24:53.690   853   853 E SettingsState: invalid override flag name adservices/fledge_report_impression_registered_ad_beacons_max_interaction_key_size_b
03-09 03:24:53.690   853   853 E SettingsState: invalid override flag name adservices/fledge_custom_audience_max_trusted_bidding_data_size_b
03-09 03:24:53.690   853   853 E SettingsState: invalid override flag name media/player_metrics_per_app_use_time_blocklist
03-09 03:24:53.690   853   853 E SettingsState: invalid override flag name odad/safety_center_refresh_sources_enabled_v4
03-09 03:24:53.690   853   853 E SettingsState: invalid override flag name device_personalization_services/EchoSmartspace__enable_semantic_location_wallet_pass_ambient_data
03-09 03:24:53.690   853   853 E SettingsState: invalid override flag name adservices/fledge_report_interaction_request_permits_per_second
03-09 03:24:53.690   853   853 E SettingsState: invalid override flag name odad/op_classifier_enabled
03-09 03:24:53.690   853   853 E SettingsState: invalid override flag name location/ignore_settings_allowlist
03-09 03:24:53.690   853   853 E SettingsState: invalid override flag name device_personalization_services/SmartNotification__min_word_count_for_private_summary
03-09 03:24:53.690   853   853 E SettingsState: invalid override flag name connectivity_thermal_power_manager/criteria_4_lte_pref_mode
03-09 03:24:53.691   853   853 E SettingsState: invalid override flag name adservices/fledge_auction_server_ad_id_fetcher_timeout_ms
03-09 03:24:53.691   853   853 E SettingsState: invalid override flag name adservices/fledge_data_version_header_metrics_enabled
03-09 03:24:53.691   853   853 E SettingsState: invalid override flag name on_device_personalization/fcp_background_job_logging_sampling_rate
03-09 03:24:53.691   853   853 E SettingsState: invalid override flag name adservices/topics_kill_switch
03-09 03:24:53.691   853   853 E SettingsState: invalid override flag name health_fitness/enable_complete_state_change_jobs
03-09 03:24:53.691   853   853 E SettingsState: invalid override flag name pixel_pearl/AicInference__set_embedding_affinity_to_medium_large_core
03-09 03:24:53.691   853   853 E SettingsState: invalid override flag name privacy/SafetyCenter__safety_center_flag_version
03-09 03:24:53.691   853   853 E SettingsState: invalid override flag name aicore/AicOnDeviceIntelligence__should_forward_non_isolated_methods
03-09 03:24:53.691   853   853 E SettingsState: invalid override flag name storage_native_boot/smart_idle_maint_enabled
03-09 03:24:53.691   853   853 E SettingsState: invalid override flag name device_personalization_services/SmartNotification__enable_odi_manager
03-09 03:24:53.691   853   853 E SettingsState: invalid override flag name aicore/AicOnDeviceIntelligence__on_device_intelligence_cache_retention_seconds
03-09 03:24:53.691   853   853 E SettingsState: invalid override flag name exo/is_exo_eng
03-09 03:24:53.691   853   853 E SettingsState: invalid override flag name device_personalization_services/PcsAttestationMeasurement__enable_content_binding_as_challenge
03-09 03:24:53.691   853   853 E SettingsState: invalid override flag name device_personalization_services/SmartNotification__app_category_to_default_bundle
03-09 03:24:53.691   853   853 E SettingsState: invalid override flag name wifi/dry_run_scorer_pkg_name
03-09 03:24:53.691   853   853 E SettingsState: invalid override flag name netd_native/dot_query_timeout_ms
03-09 03:24:53.691   853   853 E SettingsState: invalid override flag name device_personalization_services/NowPlaying__ambient_music_use_enhanced_matches_database
03-09 03:24:53.692   853   853 E SettingsState: invalid override flag name health_fitness/RateLimiter__max_write_requests_per_15m_background
03-09 03:24:53.692   853   853 E SettingsState: invalid override flag name pixel_pearl/AicInference__enable_persistent_tokenizer
03-09 03:24:53.692   853   853 E SettingsState: invalid override flag name on_device_personalization/min_scheduling_interval_secs_for_federated_computation
03-09 03:24:53.692   853   853 E SettingsState: invalid override flag name device_personalization_services/EchoSmartspace__enable_sports_score_background_container
03-09 03:24:53.692   853   853 E SettingsState: invalid override flag name adservices/enable_database_schema_version_5
03-09 03:24:53.692   853   853 E SettingsState: invalid override flag name adservices/enable_database_schema_version_7
03-09 03:24:53.692   853   853 E SettingsState: invalid override flag name adservices/enable_database_schema_version_8
03-09 03:24:53.692   853   853 E SettingsState: invalid override flag name adservices/enable_database_schema_version_9
03-09 03:24:53.692   853   853 E SettingsState: invalid override flag name aicore/AicSafety__messages_long_text_segmenter_window_size
03-09 03:24:53.692   853   853 E SettingsState: invalid override flag name runtime_native_boot/iorap_readahead_enable
03-09 03:24:53.692   853   853 E SettingsState: invalid override flag name device_personalization_services/PrivateInference__aratea_token_cache_refresh_interval_minutes
03-09 03:24:53.692   853   853 E SettingsState: invalid override flag name wifi/connection_failure_disconnection_count_min
03-09 03:24:53.692   853   853 E SettingsState: invalid override flag name aicore/AicSafety__mdd_client_list
03-09 03:24:53.692   853   853 E SettingsState: invalid override flag name on_device_personalization/fcp_enable_client_error_logging
03-09 03:24:53.692   853   853 E SettingsState: invalid override flag name odad/moirai_sw_master_feature
03-09 03:24:53.692   853   853 E SettingsState: invalid override flag name odad/heuristic_classifier_killswitch
03-09 03:24:53.693   853   853 E SettingsState: invalid override flag name location/adas_settings_allowlist
03-09 03:24:53.693   853   853 E SettingsState: invalid override flag name autofill/compat_mode_allowed_packages
03-09 03:24:53.693   853   853 E SettingsState: invalid override flag name device_personalization_services/Captions__available_for_download
03-09 03:24:53.693   853   853 E SettingsState: invalid override flag name on_device_personalization/example_store_service_timeout_sec
03-09 03:24:53.693   853   853 E SettingsState: invalid override flag name adservices/Measurement__enable_adids_per_device_per_window
03-09 03:24:53.693   853   853 E SettingsState: invalid override flag name odad/op_remove_phl_dependency_odad_sms_seconds_enabled_v3
03-09 03:24:53.693   853   853 E SettingsState: invalid override flag name adservices/mdd_android_sharing_sample_interval
03-09 03:24:53.693   853   853 E SettingsState: invalid override flag name exo/log_exo_metrics
03-09 03:24:53.693   853   853 E SettingsState: invalid override flag name aicore/AicSafety__pixel_ai_long_text_segmenter_first_period_size
03-09 03:24:53.693   853   853 E SettingsState: invalid override flag name device_personalization_services/SmartNotification__uncertain_sensitive_categories
03-09 03:24:53.693   853   853 E SettingsState: invalid override flag name uwb/session_init_error_bugreport_enabled
03-09 03:24:53.693   853   853 E SettingsState: invalid override flag name adservices/fledge_ad_selection_overall_timeout_ms
03-09 03:24:53.693   853   853 E SettingsState: invalid override flag name latency_tracker/sampling_interval
03-09 03:24:53.693   853   853 E SettingsState: invalid override flag name device_personalization_services/EchoSmartspace__enable_weather_data_extras
03-09 03:24:53.693   853   853 E SettingsState: invalid override flag name device_personalization_services/AicModels__use_norm_priority_executor_for_pds
03-09 03:24:53.694   853   853 E SettingsState: invalid override flag name intelligence_bubbles/intelligence_bubbles_webref_superpacks_manifest_version
03-09 03:24:53.694   853   853 E SettingsState: invalid override flag name device_personalization_services/SpeechRecognitionService__multilang_session_rewind_enabled
03-09 03:24:53.694   853   853 E SettingsState: invalid override flag name adservices/topics_job_scheduler_reschedule_enabled
03-09 03:24:53.694   853   853 E SettingsState: invalid override flag name device_personalization_services/Autofill__disconnect_aicore_automatically
03-09 03:24:53.694   853   853 E SettingsState: invalid override flag name adservices/measurement_attribution_fallback_job_kill_switch
03-09 03:24:53.694   853   853 E SettingsState: invalid override flag name device_personalization_services/Captions__text_transform_augmented_input
03-09 03:24:53.694   853   853 E SettingsState: invalid override flag name alarm_manager/priority_alarm_delay
03-09 03:24:53.694   853   853 E SettingsState: invalid override flag name adservices/measurement_aggregation_coordinator_path
03-09 03:24:53.694   853   853 E SettingsState: invalid override flag name odad/read_sms_seconds_v3
03-09 03:24:53.694   853   853 E SettingsState: invalid override flag name device_personalization_services/SmartNotification__enable_feedback_manager
03-09 03:24:53.694   853   853 E SettingsState: invalid override flag name device_personalization_services/SmartNotification__desired_summary_model_version
03-09 03:24:53.694   853   853 E SettingsState: invalid override flag name aicore/AicCommon__schedule_shutdown_enabled
03-09 03:24:53.694   853   853 E SettingsState: invalid override flag name adservices/fledge_fetch_custom_audience_max_custom_audience_size_b
03-09 03:24:53.694   853   853 E SettingsState: invalid override flag name device_personalization_services/ProtectedDownload__enable_attestation
03-09 03:24:53.694   853   853 E SettingsState: invalid override flag name surface_flinger_native_boot/SkiaTracingFeature__use_skia_tracing
03-09 03:24:53.694   853   853 E SettingsState: invalid override flag name adservices/measurement_job_event_fallback_reporting_kill_switch
03-09 03:24:53.694   853   853 E SettingsState: invalid override flag name device_personalization_services/SmartNotification__min_word_count_for_summary
03-09 03:24:53.695   853   853 E SettingsState: invalid override flag name health_fitness/RateLimiter__max_read_requests_per_15m_background
03-09 03:24:53.695   853   853 E SettingsState: invalid override flag name adservices/mdd_cellular_charging_gcm_task_period_seconds
03-09 03:24:53.695   853   853 E SettingsState: invalid override flag name device_personalization_services/EchoSmartspace__loud_sound_threshold_db_array
03-09 03:24:53.695   853   853 E SettingsState: invalid override flag name exo/enable_input_event_channel
03-09 03:24:53.695   853   853 E SettingsState: invalid override flag name device_personalization_services/AicModels__multiple_early_download_enabled
03-09 03:24:53.695   853   853 E SettingsState: invalid override flag name adservices/measurement_max_event_attribution_per_rate_limit_window
03-09 03:24:53.695   853   853 E SettingsState: invalid override flag name privacy/safety_center_is_enabled
03-09 03:24:53.695   853   853 E SettingsState: invalid override flag name device_personalization_services/NowPlaying__dsp_model_checksum_enabled
03-09 03:24:53.695   853   853 E SettingsState: invalid override flag name adservices/PackageDeny__enable_package_deny_mdd
